09-11 13:00:00.719  3238  3467 D GameManagerService: handleForegroundChange(). pkgName: com.google.android.packageinstaller, clsName: com.android.packageinstaller.InstallInstalling,FgActivityName:com.google.android.packageinstaller/com.android.packageinstaller.InstallInstalling
09-11 13:00:00.719  3238  3467 D GameManagerService:   handleForegroundChange(). same package. game has never resumed yet. ignore
09-11 13:00:00.721  3238  3238 D Telecom:SamsungPrebindingServiceImpl: onTopActivityChanged : ComponentInfo{com.google.android.packageinstaller/com.android.packageinstaller.InstallInstalling}
09-11 13:00:00.725 13972 13972 W ActivityThread: handleWindowVisibility: no activity for token android.os.BinderProxy@a9aa18c
09-11 13:00:00.731 13972 13972 I DecorView: mWindow.mActivityCurrentConfig is null.
09-11 13:00:00.731 13972 13972 I DecorView: createDecorCaptionView >> DecorView@2164a78[], isFloating: false, isApplication: true, hasWindowDecorCaption: false, hasWindowControllerCallback: true
09-11 13:00:00.740 13972 13972 D skia    : approximate: numPoints=43, lengths[0]=0.000000, totalLength=620.200073, segmentPoints[0]=[-197.600006,0.000000]
09-11 13:00:00.740 13972 13972 D skia    : approximate: approximation[0]=0.000000, approximation[1]=-197.600006, approximation[2]=0.000000
09-11 13:00:00.740 13972 13972 D skia    : approximate: numPoints=43, lengths[42]=620.200073, totalLength=620.200073, segmentPoints[42]=[422.600037,0.000000]
09-11 13:00:00.740 13972 13972 D skia    : approximate: approximation[126]=1.000000, approximation[127]=422.600037, approximation[128]=0.000000
09-11 13:00:00.740 13972 13972 D skia    : approximate: numPoints=4, lengths[0]=0.000000, totalLength=3.448155, segmentPoints[0]=[0.000000,0.100000]
09-11 13:00:00.740 13972 13972 D skia    : approximate: approximation[0]=0.000000, approximation[1]=0.000000, approximation[2]=0.100000
09-11 13:00:00.740 13972 13972 D skia    : approximate: numPoints=4, lengths[3]=3.448155, totalLength=3.448155, segmentPoints[3]=[3.000000,0.100000]
09-11 13:00:00.740 13972 13972 D skia    : approximate: approximation[9]=1.000000, approximation[10]=3.000000, approximation[11]=0.100000
09-11 13:00:00.741 13972 13972 D skia    : approximate: numPoints=38, lengths[0]=0.000000, totalLength=722.199951, segmentPoints[0]=[-522.599976,0.000000]
09-11 13:00:00.741 13972 13972 D skia    : approximate: approximation[0]=0.000000, approximation[1]=-522.599976, approximation[2]=0.000000
09-11 13:00:00.741 13972 13972 D skia    : approximate: numPoints=38, lengths[37]=722.199951, totalLength=722.199951, segmentPoints[37]=[199.600006,0.000000]
09-11 13:00:00.741 13972 13972 D skia    : approximate: approximation[111]=1.000000, approximation[112]=199.600006, approximation[113]=0.000000
09-11 13:00:00.741 13972 13972 D skia    : approximate: numPoints=3, lengths[0]=0.000000, totalLength=2.472497, segmentPoints[0]=[0.000000,0.100000]
09-11 13:00:00.741 13972 13972 D skia    : approximate: approximation[0]=0.000000, approximation[1]=0.000000, approximation[2]=0.100000
09-11 13:00:00.741 13972 13972 D skia    : approximate: numPoints=3, lengths[2]=2.472497, totalLength=2.472497, segmentPoints[2]=[2.000000,0.100000]
09-11 13:00:00.741 13972 13972 D skia    : approximate: approximation[6]=1.000000, approximation[7]=2.000000, approximation[8]=0.100000
09-11 13:00:00.761  3238  4509 I PersonaServiceHelper: isCallerApprovedToInstall(uid:10032 userHandle:0)
09-11 13:00:00.761  3238  4509 I PersonaServiceHelper: DO is not enabled. no Knox app install enforcement
09-11 13:00:00.761  3238  4509 I PackageInstaller:  getting through the check android.content.pm.PackageInstaller$SessionParams@b1bc5ac user id 0
09-11 13:00:00.761  3238  4509 I PackageInstaller: UserManager.DISALLOW_NON_MARKET_APP_BY_KNOX : false
09-11 13:00:00.792  4179 15611 W gle.android.gm: resources.arsc in APK '/data/app/com.duapps.recorder-a0ToZhr13SoMCB4aNLVdxw==/base.apk' is compressed.
09-11 13:00:00.843  4179 15611 W gle.android.gm: resources.arsc in APK '/data/app/com.estrongs.android.pop-Ul3USy_ybMsO_pcx_Q9kAg==/base.apk' is compressed.
09-11 13:00:00.896  3238  4509 D PackageInstaller: InstallLogger: PackageInstallerSession(): createInstallTimeInfo(2448436)
09-11 13:00:00.897  3870  3870 W ChimeraUtils: Non Chimera context
09-11 13:00:00.897  3870  3870 W ChimeraUtils: Non Chimera context
09-11 13:00:00.904  4319  4419 D PackageInstallerCompat: add PAI Info to Cache : com.fieldtitan.droid.qa, null, null
09-11 13:00:00.905  4319  4419 I Launcher.IconCache: cachePackageInstallInfo packageName = com.fieldtitan.droid.qa, title = null, icon = false
09-11 13:00:00.905  4319  4419 D AppsLoader: updateSessionDisplayInfo com.fieldtitan.droid.qa
09-11 13:00:00.905  4319  4419 D AppsDataRepository: update : null or empty
09-11 13:00:00.907  4319  4319 D AppsPresenter: AppsEvent update [1]
09-11 13:00:00.907  4319  4319 D AppsDragController: needDeferToBind : true , false
09-11 13:00:00.907  4319  4319 D AppsPresenter:  notifyUpdate return mDestroyed false
09-11 13:00:00.910  3238  3702 D InputTransport: Input channel constructed: fd=549
09-11 13:00:00.910  3238  3702 D InputTransport: Input channel constructed: fd=550
09-11 13:00:00.911  2820  2820 I SurfaceFlinger: id=759 createSurf (2960x2960),2 flag=4, 771f1dc com.google.android.packageinstaller/com.android.packageinstaller.InstallInstalling#0
09-11 13:00:00.913  4319  4419 D AppsLoader: setPackageState
09-11 13:00:00.913  3238  3702 D InputTransport: Input channel destroyed: fd=550
09-11 13:00:00.913 13972 13972 D InputTransport: Input channel constructed: fd=73
09-11 13:00:00.913 13972 13972 D ViewRootImpl@86cdbfa[InstallInstalling]: setView = DecorView@2164a78[InstallInstalling] TM=true MM=false
09-11 13:00:00.920 13972 13972 D ViewRootImpl@efd2b1d[PackageInstallerActivity]: MSG_WINDOW_FOCUS_CHANGED 0 1
09-11 13:00:00.920 13972 13972 D InputMethodManager: prepareNavigationBarInfo() DecorView@ba8e018[PackageInstallerActivity]
09-11 13:00:00.920 13972 13972 D InputMethodManager: getNavigationBarColor() -855310
09-11 13:00:00.922  4179 15611 W gle.android.gm: resources.arsc in APK '/data/app/com.lenovo.anyshare.gps-IJxphNCCY2ICmM__ZzN_UA==/base.apk' is compressed.
09-11 13:00:00.924  3238  3702 D AccountManagerService: getUserAccounts0
09-11 13:00:00.925  3238  4378 D AccountManagerService: getUserAccounts0
09-11 13:00:00.925  3238  4378 D AccountManagerService: getUserAccounts0
09-11 13:00:00.931  3238  4632 V WindowManager: Relayout Window{771f1dc u0 com.google.android.packageinstaller/com.android.packageinstaller.InstallInstalling}: viewVisibility=0 req=720x1480 {(0,0)(fillxfill) sim={adjust=pan forwardNavigation} ty=BASE_APPLICATION
09-11 13:00:00.931  3238  4632 V WindowManager:   fl=LAYOUT_IN_SCREEN LAYOUT_INSET_DECOR SPLIT_TOUCH HARDWARE_ACCELERATED DRAWS_SYSTEM_BAR_BACKGROUNDS
09-11 13:00:00.931  3238  4632 V WindowManager:   pfl=FORCE_DRAW_STATUS_BAR_BACKGROUND  remains{ 0x1000000 }
09-11 13:00:00.931  3238  4632 V WindowManager:   vsysui=LIGHT_NAVIGATION_BAR naviIconColor=0}
09-11 13:00:00.931  2943  3065 D EnterpriseController: netId is 0
09-11 13:00:00.931  2943  3065 E Netd    : getNetworkForDns: getNetId from enterpriseCtrl is netid 0
09-11 13:00:00.931  2943  3065 D DnsProxyListener: DNSDBG::dns addrinfo af 2
09-11 13:00:00.935  2820  2820 I SurfaceFlinger: id=760 createSurf (720x1480),1 flag=404, com.google.android.packageinstaller/com.android.packageinstaller.InstallInstalling[13972]#0
09-11 13:00:00.936  3238  4632 D WindowManager: makeSurface duration=2 name=com.google.android.packageinstaller/com.android.packageinstaller.InstallInstalling[13972]
09-11 13:00:00.937  3238  4632 V WindowManager: Changing focus from null to Window{771f1dc u0 com.google.android.packageinstaller/com.android.packageinstaller.InstallInstalling} Callers=com.android.server.wm.WindowManagerService.relayoutWindow:2538 com.android.server.wm.Session.relayoutForTranslate:302 android.view.IWindowSession$Stub.onTransact:518 com.android.server.wm.Session.onTransact:186
09-11 13:00:00.937  3238  4632 D StatusBarManagerService: notifyRequestedSystemKey recent=false home=false
09-11 13:00:00.937  3238  3255 D WindowManager: setSystemUiVisibility: vis= 0x8018, fullscreenVis= 0x0, dockedVis= 0x0, win=Window{771f1dc u0 com.google.android.packageinstaller/com.android.packageinstaller.InstallInstalling}
09-11 13:00:00.938  3238  4632 D InputDispatcher: Focus entered window (13972): 771f1dc 0
09-11 13:00:00.939 13972 13972 D ViewRootImpl@86cdbfa[InstallInstalling]: Relayout returned: old=[0,0][720,1480] new=[0,0][720,1480] result=0x7 surface={true 3399481344} changed=true
09-11 13:00:00.939  3238  3265 D WindowManager: reportFocusChangedSerialized, focused=true, inTouchMode=true, win=Window{771f1dc u0 com.google.android.packageinstaller/com.android.packageinstaller.InstallInstalling}
09-11 13:00:00.942 13972 13997 D mali_winsys: EGLint new_window_surface(egl_winsys_display *, void *, EGLSurface, EGLConfig, egl_winsys_surface **, EGLBoolean) returns 0x3000,  [720x1480]-format:1
09-11 13:00:00.943 13972 13997 D OpenGLRenderer: eglCreateWindowSurface = 0xdf349e20, 0xca9ff808
09-11 13:00:00.947 13972 13972 W Activity: AppLock checkAppLockState locked:false verifying:false pkgName = com.google.android.packageinstaller isInMultiWindowMode:false showWhenLocked:false
09-11 13:00:00.962 11029 17219 D NetworkManagementSocketTagger: tagSocket(65) with statsTag=0xffffffff, statsUid=-1
09-11 13:00:00.965  3238  4632 D WindowManager: finishDrawingWindow: Window{771f1dc u0 com.google.android.packageinstaller/com.android.packageinstaller.InstallInstalling} mDrawState=DRAW_PENDING
09-11 13:00:00.965 13972 13972 D ViewRootImpl@86cdbfa[InstallInstalling]: MSG_WINDOW_FOCUS_CHANGED 1 1
09-11 13:00:00.967  3238  3309 I WindowManager: commitFinishDrawingLocked: mDrawState=READY_TO_SHOW Surface(name=com.google.android.packageinstaller/com.android.packageinstaller.InstallInstalling[13972])/@0x6351f86
09-11 13:00:00.967  3238  3309 V WindowManager: Resize reasons for w=Window{771f1dc u0 com.google.android.packageinstaller/com.android.packageinstaller.InstallInstalling}:  contentInsetsChanged=false [0,48][0,96] visibleInsetsChanged=false [0,48][0,96] stableInsetsChanged=false [0,48][0,96] outsetsChanged=false [0,0][0,0] surfaceResized=false configChanged=false dragResizingChanged=false reportOrientationChanged=false displayCutoutChanged=false nextForceRelayoutToClient=false
09-11 13:00:00.970  3238  3309 V WindowManager: Setting visibility of Window{7ab6ce1 u0 com.google.android.packageinstaller/com.android.packageinstaller.PackageInstallerActivity}: false, caller=com.android.server.wm.WindowContainer.sendAppVisibilityToClients:615 com.android.server.wm.AppWindowToken.setClientHidden:461 com.android.server.wm.AppWindowToken.onAnimationFinished:2407 com.android.server.wm.AppWindowToken.setVisibility:552 com.android.server.wm.WindowSurfacePlacer.handleClosingApps:536
09-11 13:00:00.970  3238  3238 D FreeformController: Fail to invalid task id :  -1
09-11 13:00:00.971  3238  3238 D FreeformController: Fail to invalid task id :  -1
09-11 13:00:00.971  3238  3309 V WindowManager: performShowLocked: mDrawState=HAS_DRAWN in Window{771f1dc u0 com.google.android.packageinstaller/com.android.packageinstaller.InstallInstalling}
09-11 13:00:00.971  3238  3238 D FreeformController: Fail to invalid task id :  -1
09-11 13:00:00.973  3238  3238 D FreeformController: Fail to invalid task id :  -1
09-11 13:00:00.980 13972 13972 D InputMethodManager: prepareNavigationBarInfo() DecorView@2164a78[InstallInstalling]
09-11 13:00:00.980 13972 13972 D InputMethodManager: getNavigationBarColor() -855310
09-11 13:00:00.981  3238  3265 I ActivityManager: Displayed com.google.android.packageinstaller/com.android.packageinstaller.InstallInstalling: +259ms
09-11 13:00:00.981 13972 13972 D InputMethodManager: prepareNavigationBarInfo() DecorView@2164a78[InstallInstalling]
09-11 13:00:00.981 13972 13972 D InputMethodManager: getNavigationBarColor() -855310
09-11 13:00:00.981 13972 13972 V InputMethodManager: Starting input: tba=com.google.android.packageinstaller ic=null mNaviBarColor -855310 mIsGetNaviBarColorSuccess true , NavVisible : true , NavTrans : false
09-11 13:00:00.981 13972 13972 D InputMethodManager: startInputInner - Id : 0
09-11 13:00:00.981 13972 13972 I InputMethodManager: startInputInner - mService.startInputOrWindowGainedFocus
09-11 13:00:00.981  3238  3959 D InputMethodManagerService: startInputOrWindowGainedFocus : windowGainedFocus
09-11 13:00:00.982  3238  3959 D InputMethodManagerService: windowGainedFocus: destinationUserId (getCallingUid) = 0
09-11 13:00:00.982  3238  3959 D InputMethodManagerService: windowGainedFocus: currentUserId=0
09-11 13:00:00.982  3238  3959 D InputMethodManagerService: windowGainedFocus: mCurrentFocusedUserId=0
09-11 13:00:00.982  3238  3959 D InputMethodManagerService: windowGainedFocus : lock - currentUserId = 0 destinationUserId = 0
09-11 13:00:00.982  3238  3959 D InputMethodManagerService: windowGainedFocus : mCurrentFocusedUserId - 0 and mSecureKeypadEnabled - false, userSwitched - false
09-11 13:00:00.982  3238  3959 V InputMethodManagerService: windowGainedFocus : reason=WINDOW_FOCUS_GAIN client=android.os.BinderProxy@5fa6bc8 inputContext=null missingMethods= attribute=android.view.inputmethod.EditorInfo@368a074 nm = com.google.android.packageinstaller controlFlags=#104 softInputMode=#120 windowFlags=#81810100
09-11 13:00:00.982  3238  3959 V InputMethodManagerService: hideCurrentInputLocked : shouldHideSoftInput is false
09-11 13:00:00.982  3238  3265 D CustomFrequencyManagerService: acquireDVFSLockLocked : type : DVFS_MIN_LIMIT  frequency : 1482000  uid : 1000  pid : 3238  pkgName : AMS_RESUME_TAIL@CPU_MIN@28
09-11 13:00:00.983  3238  3265 D ActivityManagerPerformance: AMP_acquire() TAIL
09-11 13:00:00.983  3238  3959 D InputMethodManagerService: checkDisplayOfStartInputAndUpdateKeyboard display Id 0last 0
09-11 13:00:00.983  3238  3959 D InputMethodManagerService: setCurrentInputInfo - inputContext : null eidtorInfo : android.view.inputmethod.EditorInfo@368a074 missingMethods : 0
09-11 13:00:00.983  3238  3265 D CustomFrequencyManagerService: FrequencyrequestList.getNextMaxCPUCoreRequest, index: 1
09-11 13:00:00.983  3238  3959 D InputTransport: Input channel constructed: fd=475
09-11 13:00:00.983  3238  3959 D InputTransport: Input channel destroyed: fd=475
09-11 13:00:00.983  4903  4903 I InputMethodWrapper:  call dispatchStartInputWithToken
09-11 13:00:00.983  4903  4903 I InputMethodService: dispatchStartInputWithToken
09-11 13:00:00.983 13972 13972 D InputTransport: Input channel constructed: fd=80
09-11 13:00:00.983 13972 13972 D InputTransport: Input channel destroyed: fd=78
09-11 13:00:00.983  4903  4903 I SKBD_Performance: [IIManager] [PF_CL][onFinishInput] 152192
09-11 13:00:00.983  3238  3265 D CustomFrequencyManagerService: releaseDVFSLockLocked : Getting Lock type frm List : DVFS_MIN_LIMIT  frequency : 1482000  uid : 1000  pid : 3238  tag : AMS_ACT_START@CPU_MIN@22
09-11 13:00:00.983  4903  4903 D InputMethodService: checkDisplayOfStartInputAndUpdateKeyboard display Id 0last 0
09-11 13:00:00.983  3238  3265 D ActivityManagerPerformance: AMP_release() ACT_START
09-11 13:00:00.984  4903  4903 I SKBD    : SamsungKeypad [IMI] onStartInput - caller pid : 13972, caller uid : 10032
09-11 13:00:00.990 13972 13972 D ViewRootImpl@86cdbfa[InstallInstalling]: MSG_RESIZED: frame=[0,0][720,1480] ci=[0,48][0,96] vi=[0,48][0,96] or=1
09-11 13:00:00.991  2820  2820 I SurfaceFlinger: Display 0 HWC layers:
09-11 13:00:00.991  2820  2820 I SurfaceFlinger:     type    |    handle    | flag |  format   |   source crop (l,t,r,b)    |         frame       | name
09-11 13:00:00.991  2820  2820 I SurfaceFlinger: ------------+--------------+------+-----------+----------------------------+---------------------+------
09-11 13:00:00.991  2820  2820 I SurfaceFlinger:      Device | 0xe5f54340 | 0002 | RGBA_8888 |   0.0    0.0  720.0 1480.0 |    0    0  720 1480 | com.google.android.packageinstaller/[...]installer.InstallInstalling[13972]#0
09-11 13:00:00.991  2820  2820 I SurfaceFlinger:      Device | 0xe5f52900 | 0000 | RGBA_8888 |   0.0    0.0  720.0   48.0 |    0    0  720   48 | StatusBar[3523]#0
09-11 13:00:00.991  2820  2820 I SurfaceFlinger:      Device | 0xe5f52b40 | 0000 | RGBA_8888 |   0.0    0.0  720.0   96.0 |    0 1384  720 1480 | NavigationBar[3523]#0
09-11 13:00:00.991  2820  2820 I SurfaceFlinger:
09-11 13:00:00.998  2820  2852 E BufferQueueProducer: [com.google.android.packageinstaller/com.android.packageinstaller.PackageInstallerActivity[13972]#0] disconnect: not connected (req=1)
09-11 13:00:00.998 13972 13997 W libEGL  : EGLNativeWindowType 0xca9ff008 disconnect failed
09-11 13:00:00.998 13972 13997 D OpenGLRenderer: eglDestroySurface = 0xdf349d60, 0xca9ff000
09-11 13:00:01.006  3238  3959 V WindowManager: Relayout Window{7ab6ce1 u0 com.google.android.packageinstaller/com.android.packageinstaller.PackageInstallerActivity}: viewVisibility=8 req=720x1480 {(0,0)(fillxfill) sim={adjust=resize} ty=BASE_APPLICATION wanim=0x10302ec
09-11 13:00:01.006  3238  3959 V WindowManager:   fl=LAYOUT_IN_SCREEN LAYOUT_INSET_DECOR SPLIT_TOUCH HARDWARE_ACCELERATED DRAWS_SYSTEM_BAR_BACKGROUNDS
09-11 13:00:01.006  3238  3959 V WindowManager:   pfl=FORCE_DRAW_STATUS_BAR_BACKGROUND HIDE_NON_SYSTEM_OVERLAY_WINDOWS  remains{ 0x1000000 }
09-11 13:00:01.006  3238  3959 V WindowManager:   vsysui=LIGHT_NAVIGATION_BAR naviIconColor=0}
09-11 13:00:01.006  3238  3959 E WindowManager: win=Window{7ab6ce1 u0 com.google.android.packageinstaller/com.android.packageinstaller.PackageInstallerActivity} destroySurfaces: appStopped=false win.mWindowRemovalAllowed=false win.mRemoveOnExit=false win.mViewVisibility=8 caller=com.android.server.wm.WindowManagerService.tryStartExitingAnimation:2771 com.android.server.wm.WindowManagerService.relayoutWindow:2468 com.android.server.wm.Session.relayoutForTranslate:302 android.view.IWindowSession$Stub.onTransact:518 com.android.server.wm.Session.onTransact:186 android.os.Binder.execTransact:739 <bottom of call stack>
09-11 13:00:01.006  3238  3959 I WindowManager: Destroying surface Surface(name=com.google.android.packageinstaller/com.android.packageinstaller.PackageInstallerActivity[13972])/@0xf10f61d called by com.android.server.wm.WindowStateAnimator.destroySurface:1901 com.android.server.wm.WindowStateAnimator.destroySurfaceLocked:838 com.android.server.wm.WindowState.destroySurfaceUnchecked:3855 com.android.server.wm.WindowState.destroySurface:3836 com.android.server.wm.WindowManagerService.tryStartExitingAnimation:2771 com.android.server.wm.WindowManagerService.relayoutWindow:2468 com.android.server.wm.Session.relayoutForTranslate:302 android.view.IWindowSession$Stub.onTransact:518
09-11 13:00:01.007  2820  2852 I SurfaceFlinger: id=756 Removed com.google.android.packageinstaller/com.android.packageinstaller.PackageInstallerActivity[13972]#0 (0/61)
09-11 13:00:01.012 13972 13972 D ViewRootImpl@efd2b1d[PackageInstallerActivity]: Relayout returned: old=[0,0][720,1480] new=[0,0][720,1480] result=0x5 surface={false 0} changed=true
09-11 13:00:01.015 13972 13972 D ViewRootImpl@efd2b1d[PackageInstallerActivity]: stopped(true) old=false
09-11 13:00:01.017 13972 13972 D ViewRootImpl@efd2b1d[PackageInstallerActivity]: dispatchDetachedFromWindow
09-11 13:00:01.018  3238  3959 V WindowManager: Remove Window{7ab6ce1 u0 com.google.android.packageinstaller/com.android.packageinstaller.PackageInstallerActivity}: mSurfaceController=null mAnimatingExit=false mRemoveOnExit=false mHasSurface=false surfaceShowing=false isAnimationSet=false app-animation=false mWillReplaceWindow=false inPendingTransaction=false mDisplayFrozen=false callers=com.android.server.wm.WindowState.removeIfPossible:2780 com.android.server.wm.WindowManagerService.removeWindow:1956 com.android.server.wm.Session.remove:268 android.view.IWindowSession$Stub.onTransact:347 com.android.server.wm.Session.onTransact:186 android.os.Binder.execTransact:739
09-11 13:00:01.018  2820  2820 I Layer   : id=756 onRemoved com.google.android.packageinstaller/com.android.packageinstaller.PackageInstallerActivity[13972]#0
09-11 13:00:01.019  4319  4419 D AppsLoader: setPackageState
09-11 13:00:01.022  2820  2852 I SurfaceFlinger: id=755 Removed 7ab6ce1 com.google.android.packageinstaller/com.android.packageinstaller.PackageInstallerActivity#0 (0/60)
09-11 13:00:01.023  3238  3959 D InputTransport: Input channel destroyed: fd=552
09-11 13:00:01.025 13972 13972 D InputTransport: Input channel destroyed: fd=77
09-11 13:00:01.026  3238  3959 I WindowManager: Cancelling animation restarting=false, leash=null, surface=Surface(name=AppWindowToken{cdcda01 token=Token{47193e8 ActivityRecord{2b4f90b u0 com.google.android.packageinstaller/com.android.packageinstaller.PackageInstallerActivity t1412}}})/@0xeef0e73, parent=Surface(name=Task=1412)/@0x2226130
09-11 13:00:01.028  4319  4419 D AppsLoader: setPackageState
09-11 13:00:01.035  2820  2820 I Layer   : id=755 onRemoved 7ab6ce1 com.google.android.packageinstaller/com.android.packageinstaller.PackageInstallerActivity#0
09-11 13:00:01.036  4319  4419 D AppsLoader: setPackageState
09-11 13:00:01.037  2820  3020 I SurfaceFlinger: id=751 Removed AppWindowToken{cdcda01 token=Token{47193e8 ActivityRecord{2b4f90b u0 com.google.android.packageinstaller/com.android.packageinstaller.PackageInstallerActivity t1412}}}#0 (1/59)
09-11 13:00:01.045  4319  4419 D AppsLoader: setPackageState
09-11 13:00:01.052  2820  2820 I Layer   : id=751 onRemoved AppWindowToken{cdcda01 token=Token{47193e8 ActivityRecord{2b4f90b u0 com.google.android.packageinstaller/com.android.packageinstaller.PackageInstallerActivity t1412}}}#0
09-11 13:00:01.053  4319  4419 D AppsLoader: setPackageState
09-11 13:00:01.097  4319  4419 I chatty  : uid=10076(com.sec.android.app.launcher) launcher-loader identical 6 lines
09-11 13:00:01.105  4319  4419 D AppsLoader: setPackageState
09-11 13:00:01.112  3238  4509 D AccountManagerService: getUserAccounts0
09-11 13:00:01.112  4319  4419 D AppsLoader: setPackageState
09-11 13:00:01.112  4179 16708 I AppsUpload: Uploading list of 55 apps for 2 account(s)
09-11 13:00:01.119  4319  4419 D AppsLoader: setPackageState
09-11 13:00:01.147  4319  4419 I chatty  : uid=10076(com.sec.android.app.launcher) launcher-loader identical 4 lines
09-11 13:00:01.154  4319  4419 D AppsLoader: setPackageState
09-11 13:00:01.157  3238  4509 D AccountManagerService: getUserAccounts0
09-11 13:00:01.157  2817 14216 V APM_AudioPolicyManager: AudioPolicyManager:setRecordSilenced(uid:10004, silenced:1)
09-11 13:00:01.161  4319  4419 D AppsLoader: setPackageState
09-11 13:00:01.165  3238  4509 D AccountManagerService: getUserAccounts0
09-11 13:00:01.168  4319  4419 D AppsLoader: setPackageState
09-11 13:00:01.173  3238  4509 D AccountManagerService: getUserAccounts0
09-11 13:00:01.175  4319  4419 D AppsLoader: setPackageState
09-11 13:00:01.182  4319  4419 D AppsLoader: setPackageState
09-11 13:00:01.185  3238  4509 D AccountManagerService: getUserAccounts0
09-11 13:00:01.190  4319  4419 D AppsLoader: setPackageState
09-11 13:00:01.196  4319  4419 D AppsLoader: setPackageState
09-11 13:00:01.198  3238  4509 D AccountManagerService: getUserAccounts0
09-11 13:00:01.203  4319  4419 D AppsLoader: setPackageState
09-11 13:00:01.230  4179 12342 I AppsUpload: Apps list updated
09-11 13:00:01.231  3238  4509 D AccountManagerService: getUserAccounts0
09-11 13:00:01.374  4179 16708 I AppsUpload: Apps list updated
09-11 13:00:01.405  3238  4378 I SamsungAlarmManager: setLocked to kernel - T:2 / 20190911T130159, SetElapsed=58790440, nowELAPSED=58672613
09-11 13:00:01.406  3238  4378 I SamsungAlarmManager: setLocked to kernel - T:3 / 20190911T130100, SetElapsed=58731207, nowELAPSED=58672613
09-11 13:00:01.407  3238  4378 D SamsungAlarmManager: setInexact Intent (T:2/F:0/AC:false) 20190911T131001 - CU:10027/CP:3870
09-11 13:00:01.407  3238  4378 I SamsungAlarmManager: setLocked to kernel - T:2 / 20190911T130159, SetElapsed=58790440, nowELAPSED=58672614
09-11 13:00:01.407  3238  4378 I SamsungAlarmManager: setLocked to kernel - T:3 / 20190911T130100, SetElapsed=58731207, nowELAPSED=58672615
09-11 13:00:01.564  2804 12328 I display : [PrimaryDisplay] [DYNAMIC_RECOMP] HWC_2_GLES by low FPS(0)
09-11 13:00:01.590  3238  3238 D CustomFrequencyManagerService: releaseDVFSLockLocked : Getting Lock type frm List : DVFS_MIN_LIMIT  frequency : 1482000  uid : 1000  pid : 3238  tag : AMS_RESUME_TAIL@CPU_MIN@28
09-11 13:00:01.998  3238  3387 D WifiTrafficPoller: TrafficStats TxPkts=62088 RxPkts=112872 TxBytes=5873122 RxBytes=146850937 , Foreground uid=10032 pkgName=com.google.android.packageinstaller TxPackets=0 RxPackets=0 TxBytes=0 RxBytes=0
09-11 13:00:02.351  3238  3307 I PersonaServiceHelper: installStageForKnox(user:0 installerUid:10032)
09-11 13:00:02.351  3238  3307 D PackageManager: START INSTALL PACKAGE: observer{227997123}
09-11 13:00:02.351  3238  3307 D PackageManager:           stagedDir{/data/app/vmdl2448436.tmp}
09-11 13:00:02.351  3238  3307 D PackageManager:           stagedCid{null}
09-11 13:00:02.351  3238  3307 D PackageManager:           Request from{com.google.android.packageinstaller}
09-11 13:00:02.351  3238  3307 D PackageManager:           VerificationInfo{,originatingUid=10173,installerUid=10032}
09-11 13:00:02.354  3238  3276 D StorageManagerService: getExternalStorageMountMode : 3
09-11 13:00:02.354  3238  3276 D StorageManagerService: getExternalStorageMountMode : 3
09-11 13:00:02.354  3238  3276 D StorageManagerService: getExternalStorageMountMode : final mountMode=3, uid : 10013, packageName : com.android.defcontainer
09-11 13:00:02.354  3238  3276 I ApplicationPolicy: isApplicationExternalStorageWhitelisted:com.android.defcontainer user:0
09-11 13:00:02.354  3238  3276 D ApplicationPolicy: isApplicationExternalStorageWhitelisted: DO is not enabled on user 0. Allowed.
09-11 13:00:02.354  3238  3276 D ActivityManager: package  com.android.defcontainer, user - 0 is SDcard whitelisted
09-11 13:00:02.354  3238  3276 I ApplicationPolicy: isApplicationExternalStorageBlacklisted:com.android.defcontainer user:0
09-11 13:00:02.354  3238  3276 D ApplicationPolicy: isApplicationExternalStorageBlacklisted: DO is not enabled on user 0. Allowed.
09-11 13:00:02.354  3238  3276 I ApplicationPolicy: isApplicationExternalStorageBlacklisted:com.android.defcontainer user:0
09-11 13:00:02.354  3238  3276 D ApplicationPolicy: isApplicationExternalStorageBlacklisted: DO is not enabled on user 0. Allowed.
09-11 13:00:02.355  4319  4419 D AppsLoader: setPackageState
09-11 13:00:02.356  4319  4419 D AppsLoader: setPackageState
09-11 13:00:02.367  3238  3256 I ActivityManager: Start proc 17226:com.android.defcontainer/u0a13 for service com.android.defcontainer/.DefaultContainerService
09-11 13:00:02.367 17226 17226 E Zygote  : isWhitelistProcess - Process is Whitelisted
09-11 13:00:02.369 17226 17226 E Zygote  : accessInfo : 1
09-11 13:00:02.371  2804  2804 I display : [PrimaryDisplay] [DYNAMIC_RECOMP] first frame after HWC_2_GLES
09-11 13:00:02.371  2804  2804 I display : [PrimaryDisplay] [DYNAMIC_RECOMP] GLES_2_HWC by high FPS(5)
09-11 13:00:02.379 17226 17226 E id.defcontaine: Not starting debugger since process cannot load the jdwp agent.
09-11 13:00:02.395  3238  4378 I ActivityManager: DSS on for com.android.defcontainer and scale is 1.0
09-11 13:00:02.398  2820  2820 I SurfaceFlinger: SFWD update time=8677384826101
09-11 13:00:02.401  2817 14216 V APM_AudioPolicyManager: AudioPolicyManager:setRecordSilenced(uid:10013, silenced:0)
09-11 13:00:02.418 17226 17226 I id.defcontaine: The ClassLoaderContext is a special shared library.
09-11 13:00:02.436  3238  3505 D BatteryService: Sending ACTION_BATTERY_CHANGED. scale:100, info:{.chargerAcOnline = false, .chargerUsbOnline = true, .chargerWirelessOnline = false, .maxChargingCurrent = 0, .maxChargingVoltage = 0, .batteryStatus = CHARGING, .batteryHealth = GOOD, .batteryPresent = true, .batteryLevel = 59, .batteryVoltage = 3940, .batteryTemperature = 294, .batteryCurrent = 0, .batteryCycleCount = 0, .batteryFullCharge = 3000000, .batteryChargeCounter = 1776000, .batteryTechnology = Li-ion}
09-11 13:00:02.436  3238  3505 D BatteryService: online:4, current avg:163, charge type:1, POGO powered:false, power sharing:false, high voltage charger:false, charger_type:0, capacity:280000, batterySWSelfDischarging:false, misc_event:0, current_event:0, current_now:20
09-11 13:00:02.437  3238  3238 I MotionRecognitionService: Plugged
09-11 13:00:02.437  3238  3238 D MotionRecognitionService:   mCableConnection= 1
09-11 13:00:02.437  3238  3238 D MotionRecognitionService: setPowerConnected : mGripEnabled = false
09-11 13:00:02.437  3238  3238 D SamsungPhoneWindowManager: ACTION_BATTERY_CHANGED - Level :: 59, battStatus :: 2
09-11 13:00:02.437  3238  3238 D UsbDeviceManager: received ACTION_BATTERY_CHANGED
09-11 13:00:02.438  3474  3474 D BigDataInfoController: Intent : android.intent.action.BATTERY_CHANGED
09-11 13:00:02.438  3474  3474 D BigDataInfoController: Intent : android.intent.action.BATTERY_CHANGED
09-11 13:00:02.439  3523  3523 D KeyguardUpdateMonitor: received broadcast android.intent.action.BATTERY_CHANGED
09-11 13:00:02.440  3238  3263 D UsbDeviceManager: handleMessage -> MSG_UPDATE_CHARGING_STATE = 1
09-11 13:00:02.440  3238  3263 D UsbDeviceManager: updateUsbNotification(false) : mConnected = true, mConfigured = true, mCurrentFunctions = 5, mHostConnected = false, mSourcePower = false, mSinkPower = false, mUsbCharging = true, mUseUsbNotification = true
09-11 13:00:02.440  3238  3263 D UsbDeviceManager: updateUsbNotification, set mCurrentFunctionsForNoti : mtp
09-11 13:00:02.440  3523  3523 D PowerUI : priorPlugType = 2 mPlugType = 2 priorBatteryStatus = 2 mBatteryStatus = 2
09-11 13:00:02.440  3238  3263 D DexObserverFW: isDexModeOn() : false
09-11 13:00:02.440  3523  3523 D PowerUI.Notification: Charging estimate time is not supported and connected cable is normal cable charger, so return!
09-11 13:00:02.440  3523  3523 D PowerUI : Battery swelling mode - priorBatterySwellingMode = 0 mBatterySwellingMode = 0
09-11 13:00:02.440  3238  3263 D DexObserverFW: isSemiDexModeOn() : false
09-11 13:00:02.441  3238  3263 D UsbDeviceManager: id=27, mUsbNotificationId=27, titleRes=17042116
09-11 13:00:02.441  3523  3523 D KeyguardUpdateMonitor: handleBatteryUpdate
09-11 13:00:02.456  3523  3523 D PhoneStatusBarView: isCenterDisplayCutOut: false
09-11 13:00:02.457  3523  3523 D PhoneStatusBarView: isCenterDisplayCutOut: false
09-11 13:00:02.458  3523  3523 I StackScroller: ADJUST STACK.TRANSLATION
09-11 13:00:02.458  3523  3523 I chatty  : uid=10009(com.sec.android.easyonehand) com.android.systemui identical 1 line
09-11 13:00:02.458  3523  3523 I StackScroller: ADJUST STACK.TRANSLATION
09-11 13:00:02.546  3238  3276 D PackageManager: EAS IT Policy com.fieldtitan.droid.qa isPackageSignedByPlatform = false
09-11 13:00:02.546  3238  3276 I PackageManager: EAS IT Policy AllowList =
09-11 13:00:02.546  3238  3276 I PackageManager: isAppBlockedByDPM?? = false
09-11 13:00:02.642  3238  3276 D PowerManagerService: [api] setDeviceIdleTempWhitelist: appids: [0]10045  (uid: 1000 pid: 3238)
09-11 13:00:02.642  2817 14216 V APM_AudioPolicyManager: AudioPolicyManager:setRecordSilenced(uid:10045, silenced:0)
09-11 13:00:02.646  3238  3276 D PackageManager: sendBroadcastAsUser. PACKAGE_INSTALL_STARTED
09-11 13:00:02.646  3238  3276 D PackageManager: EAS IT Policy com.fieldtitan.droid.qa isPackageSignedByPlatform = false
09-11 13:00:02.646  3238  3276 I HarmonyEASService: Updating for all 1
09-11 13:00:02.647 15890 15890 I Finsky  : [2] xkh.a(6): Verification requested, id = 4
09-11 13:00:02.653  3238  3254 D StorageManagerService: getExternalStorageMountMode : 1
09-11 13:00:02.654  3238  3254 D StorageManagerService: getExternalStorageMountMode : 3
09-11 13:00:02.654  3238  3254 D StorageManagerService: getExternalStorageMountMode : final mountMode=1, uid : 10200, packageName : com.samsung.android.game.gos
09-11 13:00:02.654  3238  3254 I ApplicationPolicy: isApplicationExternalStorageWhitelisted:com.samsung.android.game.gos user:0
09-11 13:00:02.654  3238  3254 D ApplicationPolicy: isApplicationExternalStorageWhitelisted: DO is not enabled on user 0. Allowed.
09-11 13:00:02.654  3238  3254 D ActivityManager: package  com.samsung.android.game.gos, user - 0 is SDcard whitelisted
09-11 13:00:02.654  3238  3254 I ApplicationPolicy: isApplicationExternalStorageBlacklisted:com.samsung.android.game.gos user:0
09-11 13:00:02.654  3238  3254 D ApplicationPolicy: isApplicationExternalStorageBlacklisted: DO is not enabled on user 0. Allowed.
09-11 13:00:02.654  3238  3254 I ApplicationPolicy: isApplicationExternalStorageBlacklisted:com.samsung.android.game.gos user:0
09-11 13:00:02.654  3238  3254 D ApplicationPolicy: isApplicationExternalStorageBlacklisted: DO is not enabled on user 0. Allowed.
09-11 13:00:02.661  3238  3238 D PackageManager: [VERIFY] onReceive for RequiredVerifier id=10045
09-11 13:00:02.668  3238  3256 I ActivityManager: Start proc 17242:com.samsung.android.game.gos/u0a200 for broadcast com.samsung.android.game.gos/.receiver.GameServiceReceiver
09-11 13:00:02.668 17242 17242 E Zygote  : isWhitelistProcess - Process is Whitelisted
09-11 13:00:02.669 17242 17242 E Zygote  : accessInfo : 1
09-11 13:00:02.670 15890 16004 I Finsky  : [3938] xmn.a(15): Single user settings service is not running, bind it now
09-11 13:00:02.677 15890 15890 I Finsky  : [2] xmp.onServiceConnected(1): Single user settings service is connected
09-11 13:00:02.677 17242 17242 E ndroid.game.go: Not starting debugger since process cannot load the jdwp agent.
09-11 13:00:02.681  3238  4378 D AccountManagerService: getUserAccounts0
09-11 13:00:02.699  3238  4378 I ActivityManager: DSS on for com.samsung.android.game.gos and scale is 1.0
09-11 13:00:02.699 15890 16004 W Settings: Setting install_non_market_apps has moved from android.provider.Settings.Global to android.provider.Settings.Secure, returning read-only value.
09-11 13:00:02.708  3238  3238 D Telecom:SamsungPrebindingServiceImpl: handleMessage 0
09-11 13:00:02.708  3238  3238 I Telecom:SamsungPrebindingServiceImpl: isSktTPhoneMode supportTPhone: false
09-11 13:00:02.708  3238  3238 I Telecom:SamsungPrebindingServiceImpl: needToKeepBinding - false - match not found
09-11 13:00:02.715 15890 16004 W PackageParser: Unknown element under <manifest>: uses-library at /data/app/vmdl2448436.tmp/base.apk Binary XML file line #10
09-11 13:00:02.738 17242 17242 D GOS:App : onCreate(): currentProcName: com.samsung.android.game.gos
09-11 13:00:02.749 17242 17242 I GOS:App : Realm is initialized.
09-11 13:00:02.764 17242 17242 I GOS:DataManager: Create a DataManager
09-11 13:00:02.765 17242 17242 D GOS:SeGameManager: succeeded to get requestWithJson
09-11 13:00:02.766  2804 12328 I display : [PrimaryDisplay] [DYNAMIC_RECOMP] HWC_2_GLES by low FPS(0)
09-11 13:00:02.766 17242 17242 D GOS:PackageDAO: getGameSet(), begin
09-11 13:00:02.766 17242 17242 D GOS:PackageDAO: getGamePkgNameList(), begin
09-11 13:00:02.775 17242 17242 D GOS:PackageDAO: getTunableNonGameSet(), begin
09-11 13:00:02.775 17242 17242 D GOS:PackageDAO: getTunableNonGamePkgNameList(), begin
09-11 13:00:02.780 17242 17242 D GOS:PackageDAO: getSecGameFamilySet(), begin
09-11 13:00:02.780 17242 17242 D GOS:PackageDAO: getSecGameFamilyPkgNameList(), begin
09-11 13:00:02.786 17242 17242 D GOS:Initializer: temp log: com.samsung.android.game.gos.data.DataManager@c38374
09-11 13:00:02.786 17242 17242 D GOS:Initializer: DB is already initialized
09-11 13:00:02.786 17242 17242 D GOS:Initializer: CurrentMode : 1
09-11 13:00:02.790 17242 17242 I GOS:Initializer: finished initGos()
09-11 13:00:02.792 17242 17242 D GOS:GameServiceReceiver: action : com.samsung.android.intent.action.PACKAGE_INSTALL_STARTED
09-11 13:00:02.792 17242 17242 D GOS:GameServiceReceiver:  PkgInstallStarted for com.fieldtitan.droid.qa UserID : 0
09-11 13:00:02.794 17242 17242 D GOS:MainIntentService: onCreate
09-11 13:00:02.795 17242 17259 D GOS:MainIntentService: onHandleIntent. begin
09-11 13:00:02.796 17242 17259 D GOS:MainIntentService: onHandleIntent(). type(INIT_GOS) from 201
09-11 13:00:02.796  3238  4378 D GameManagerService: identifyForegroundApp. com.google.android.packageinstaller
09-11 13:00:02.796  3238  4378 D GamePkgDataHelper: getGamePkgData(). com.google.android.packageinstaller
09-11 13:00:02.797 17242 17259 D GOS:TouchBoost: restoreDefault. invoke sendCommandToSsrm(COMMAND_GAME_TOUCH_BOOSTER, VALUE_GAME_TOUCH_BOOSTER_OFF)
09-11 13:00:02.801 17242 17259 D GOS:DfsCore: restoreDefault()
09-11 13:00:02.802  4423  4423 E SDHMS:SDHMS_UTIL_IO: e = /sys/class/input_booster/touchkey/time (Permission denied)
09-11 13:00:02.802  2820  2852 I SurfaceFlinger: DFS = 60
09-11 13:00:02.803 17242 17259 D GOS:MainIntentService:  ChipSet : exynos5 Variant : universal7870
09-11 13:00:02.803 17242 17259 D GOS:MainIntentService: onHandleIntent. begin
09-11 13:00:02.803 17242 17259 D GOS:MainIntentService: onHandleIntent(). type(PACKAGE_CHANGED) from 2
09-11 13:00:02.814 17242 17259 D GOS:MainIntentService: onHandleIntent(). type(PACKAGE_CHANGED), changeType(INSTALL_STARTED), packageName(com.fieldtitan.droid.qa)
09-11 13:00:02.814 17242 17259 D GOS:SystemEventReactor: onPackageInstallStarted(). packageName: com.fieldtitan.droid.qa
09-11 13:00:02.815 17242 17259 D GOS:SystemEventReactor: addPkgDataFromServer(), packageName : com.fieldtitan.droid.qa
09-11 13:00:02.816 17242 17259 W GOS:PackageUtil: isVrApp(). PackageManager.NameNotFoundException: com.fieldtitan.droid.qa
09-11 13:00:02.816 17242 17259 D GOS:RequestHeader: device_name : j6lte
09-11 13:00:02.816 17242 17259 D GOS:RequestHeader: model_name : SM-J600G
09-11 13:00:02.816 17242 17259 D GOS:RequestHeader: version_r : 9
09-11 13:00:02.817 17242 17259 D GOS:RequestHeader: version_i : J600GDXU4BSF2
09-11 13:00:02.817 17242 17259 D GOS:RequestHeader: is_test : false
09-11 13:00:02.817 17242 17259 D GOS:RequestHeader: gms_version : 90.009
09-11 13:00:02.818 17242 17259 D GOS:RequestHeader: appVersionNameFull : 2.0.01.0
09-11 13:00:02.818 17242 17259 D GOS:RequestHeader: appVersionCodeFull : 200100000
09-11 13:00:02.819 17242 17259 D GOS:RequestHeader: mcc : 404
09-11 13:00:02.819 17242 17259 D GOS:RequestHeader: mnc : 68
09-11 13:00:02.909 17242 17259 D GOS:RequestHeader: installed_sec_game_family : com.sec.android.app.samsungapps:enabled,com.samsung.android.game.gamehome:disabled,com.samsung.android.game.gametools:enabled
09-11 13:00:02.909 17242 17259 D GOS:DataManager: getUUID(), UUID: b1e828cab81445d4b59bf72055e0d16c
09-11 13:00:02.909 17242 17259 D GOS:RequestHeader: android_id_md5 (The actual value is UUID. android_id_md5 is just the key name for API header) : b1e828cab81445d4b59bf72055e0d16c
09-11 13:00:02.910 17242 17259 D GOS:GlobalDAO: LoggingPolicy(). mTestGroupName: null, mMaxSessionInSec: 3600
09-11 13:00:02.910 17242 17259 D GOS:RequestHeader: available_feature_flag : 2216981588704560131
09-11 13:00:02.910 17242 17259 D GOS:RequestHeader: server_feature_flag_policy : NNNNN00NNNNNNNNNNNNNNNNNNNNNNNNNNNNNNNNNNNN100NNNN1NNNNN
09-11 13:00:02.911 17242 17259 D GOS:RequestHeader: default_feature_flag : 342277969730895875
09-11 13:00:02.911 17242 17259 D GOS:RequestHeader: enabled_feature_flag : 342277969730895875
09-11 13:00:02.914 17242 17259 D GOS:NetworkConnector: mBaseUrl: https://service.game-mode.net/gamemode/
09-11 13:00:02.914 17242 17259 D GOS:NetworkConnector: mBaseUrlForPost: https://c-api.game-mode.net/v3/
09-11 13:00:02.916 17242 17259 D NetworkSecurityConfig: No Network Security Config specified, using platform default
09-11 13:00:02.921 17242 17259 D GOS:NetworkConnector: getPkgData(), packageName : com.fieldtitan.droid.qa
09-11 13:00:02.926  2943  3065 D EnterpriseController: netId is 0
09-11 13:00:02.926  2943  3065 E Netd    : getNetworkForDns: getNetId from enterpriseCtrl is netid 0
09-11 13:00:02.926  2943  3065 D DnsProxyListener: DNSDBG::dns addrinfo af 2
09-11 13:00:02.968 17242 17259 D NetworkManagementSocketTagger: tagSocket(53) with statsTag=0xffffffff, statsUid=-1
09-11 13:00:03.170  3238  4509 D ConnectivityService: filterNetworkStateForUid() uid: 10045, pid: 15890
09-11 13:00:03.170  3238  4509 D ConnectivityService: filterNetworkStateForUid() uid: 10045, pid: 15890, networkInfo: [type: WIFI[], state: CONNECTED/CONNECTED, reason: (unspecified), extra: (none), failover: false, available: true, roaming: false]
09-11 13:00:03.172 15890 16004 I Finsky  : [3938] khs.a(3): Task 7 requested foreground
09-11 13:00:03.175 15890 16004 I Finsky  : [3938] khs.a(8): Not entering foreground
09-11 13:00:03.198  2943  3065 D EnterpriseController: netId is 0
09-11 13:00:03.198  2943  3065 E Netd    : getNetworkForDns: getNetId from enterpriseCtrl is netid 0
09-11 13:00:03.198  2943  3065 D DnsProxyListener: DNSDBG::dns addrinfo af 2
09-11 13:00:03.241  3238  3388 D WifiStateMachine: enter getWifiLinkLayerStats
09-11 13:00:03.241  3238  3388 I WifiVendorHal: getWifiLinkLayerStats(l.2989) before calling iface.getLinkLayerStats
09-11 13:00:03.242  2808  2808 I android.hardware.wifi@1.0-service: enter getLinkLayerStats
09-11 13:00:03.242  2808  2808 I android.hardware.wifi@1.0-service: enter getLinkLayerStatsInternal
09-11 13:00:03.251  2808  2808 I android.hardware.wifi@1.0-service: Successfully getLinkLayerStats.
09-11 13:00:03.252  3238  3388 I WifiVendorHal: getWifiLinkLayerStats(l.2989) after calling iface.getLinkLayerStats
09-11 13:00:03.266  3238  3388 I WifiStateMachine: checkScoreBasedQuality -  mPreviousScore[0]:81 mPreviousScore[1]:84 mPreviousScore[2]:85 s2Score:87mPrevoiusScoreAverage:83
09-11 13:00:03.756 17242 17259 D GOS:NetworkConnector: doDirectly(), Response, responseCode: 200, URL: https://service.game-mode.net/gamemode/v3/packages/?type=install&device_name=j6lte&package_names=com.fieldtitan.droid.qa, response: {"code":"201001","message":"Success","packages":[{"package_name":"com.fieldtitan.droid.qa","category_code":"no-package","game_genre":"N/A","device_group":"j6lte","game_oracle_cache":false,"cache":false}]}
09-11 13:00:03.756 17242 17259 D GOS:NetworkConnector: getPkgData(), request: https://service.game-mode.net/gamemode/v3/packages/?type=install&device_name=j6lte&package_names=com.fieldtitan.droid.qa, response: {"code":"201001","message":"Success","packages":[{"package_name":"com.fieldtitan.droid.qa","category_code":"no-package","game_genre":"N/A","device_group":"j6lte","game_oracle_cache":false,"cache":false}]}
09-11 13:00:03.756 17242 17259 D GOS:ResponseParser: parsePkgDataList(), response: {"code":"201001","message":"Success","packages":[{"package_name":"com.fieldtitan.droid.qa","category_code":"no-package","game_genre":"N/A","device_group":"j6lte","game_oracle_cache":false,"cache":false}]}
09-11 13:00:03.757 17242 17259 D GOS:ResponseParser: code: 201001
09-11 13:00:03.757 17242 17259 D GOS:ResponseParser: message: Success
09-11 13:00:03.757 17242 17259 D GOS:ResponseParser: parsePkgDataList(), pkgArray: [{"package_name":"com.fieldtitan.droid.qa","category_code":"no-package","game_genre":"N\/A","device_group":"j6lte","game_oracle_cache":false,"cache":false}]
09-11 13:00:03.757 17242 17259 D GOS:ResponseParser: parsePkgDataJsonObj()
09-11 13:00:03.757 17242 17259 D GOS:ResponseParser: parsePkgDataJsonObj(), packageName: com.fieldtitan.droid.qa
09-11 13:00:03.758 17242 17259 D GOS:PackageDAO: getPkgData(), begin
09-11 13:00:03.767 17242 17259 D GOS:ResponseParser: parsePkgDataJsonObj(), serverCategory has been changed. no-package
09-11 13:00:03.768 17242 17259 D GOS:ResponseParser: game_genre: N/A
09-11 13:00:03.768 17242 17259 D GOS:ResponseParser: No value for each_mode_dss
09-11 13:00:03.768 17242 17259 D GOS:ResponseParser: No value for default_dss
09-11 13:00:03.768 17242 17259 D GOS:ResponseParser: No value for each_mode_dfs
09-11 13:00:03.769 17242 17259 D GOS:ResponseParser: No value for default_dfs
09-11 13:00:03.769 17242 17259 D GOS:ResponseParser: No value for feature_flag_inst
09-11 13:00:03.769 17242 17259 D GOS:ResponseParser: No value for aspect_ratio_values
09-11 13:00:03.769 17242 17259 D GOS:ResponseParser: No value for siop_level
09-11 13:00:03.769 17242 17259 D GOS:ResponseParser: No value for default_cpu_level
09-11 13:00:03.769 17242 17259 D GOS:ResponseParser: No value for default_gpu_level
09-11 13:00:03.770 17242 17259 D GOS:ResponseParser: No value for cam_fps
09-11 13:00:03.770 17242 17259 D GOS:ResponseParser: No value for cam_binning
09-11 13:00:03.770 17242 17259 D GOS:ResponseParser: No value for each_mode_target_short_side
09-11 13:00:03.770 17242 17259 D GOS:ResponseParser: No value for default_target_short_side
09-11 13:00:03.770 17242 17259 D GOS:ResponseParser: No value for governor_settings
09-11 13:00:03.771 17242 17259 D GOS:ResponseParser: JSONException. No value for shift_temperature
09-11 13:00:03.771 17242 17259 D GOS:ResponseParser: JSONException. No value for game_sdk
09-11 13:00:03.771 17242 17259 D GOS:ResponseParser: parsePkgDataJsonObj(), pkgName: com.fieldtitan.droid.qa, customFeatureFlag: 342277969730895875
09-11 13:00:03.772 17242 17259 D GOS:FeaturePolicyParser: FeaturePolicyParser(), map : {os_sdk_ver=28.0, optimizer_ver=2001.0, manager_ver=90.009, service_ver=10.013}
09-11 13:00:03.773 17242 17259 D GOS:PkgData: PkgData(), pkgName: com.fieldtitan.droid.qa
09-11 13:00:03.773 17242 17259 D GOS:PkgData: setCustomFeatureFlag, pkgName: com.fieldtitan.droid.qa, old featureFlag: 342277969730895875, new featureFlag: 342277969730895875
09-11 13:00:03.774 17242 17259 D GOS:FeaturePolicyParser: FeaturePolicyParser(), map : {os_sdk_ver=28.0, optimizer_ver=2001.0, manager_ver=90.009, service_ver=10.013}
09-11 13:00:03.775 17242 17259 D GOS:ResponseParser: parsePkgDataJsonObj(), SOS policy : null
09-11 13:00:03.775 17242 17259 D GOS:PackageDAO: updateOrAddPkgData(), begin
09-11 13:00:03.775 17242 17259 D GOS:PackageDAO: setPkgData(), begin
09-11 13:00:03.788 15890 15993 I Finsky  : [3934] xss.b(3): Verify: Verification package=com.fieldtitan.droid.qa, id=4 response=0
09-11 13:00:03.796 17242 17259 D GOS:PackageDAO: setPkgData(), success: true
09-11 13:00:03.796 17242 17259 D GOS:SystemEventReactor: addPkgDataFromServer(), A package was added : com.fieldtitan.droid.qa as no-package
09-11 13:00:03.796 17242 17259 D GOS:PackageDAO: getPkgData(), begin
09-11 13:00:03.799 15890 16004 I Finsky  : [3938] xxt.b(3): PSIC verification started with installer uid: 10032 package name: com.google.android.packageinstaller, originating uid: 10173
09-11 13:00:03.805 17242 17259 D GOS:PkgData: PkgData(), pkgName: com.fieldtitan.droid.qa
09-11 13:00:03.805 17242 17259 D GOS:PkgData: setCustomFeatureFlag, pkgName: com.fieldtitan.droid.qa, old featureFlag: 342277969730895875, new featureFlag: 342277969730895875
09-11 13:00:03.806 15890 16004 I Finsky  : [3938] xxt.b(3): Skipping logging for attempted installation. The GPP Installer warnings experiment for O+ is disabled.
09-11 13:00:03.807 15890 15890 I Finsky  : [2] xtq.c(3): Verifying id=4, result=1
09-11 13:00:03.807  3238  3702 D PackageManager: [VERIFY] verifyPendingInstall(4, ALLOW), uid=10045
09-11 13:00:03.808  3238  3276 D PackageManager: [VERIFY] PACKAGE_VERIFIED:
09-11 13:00:03.808  3238  3276 D PackageManager: PackageVerificationState{
09-11 13:00:03.808  3238  3276 D PackageManager:     verifier packages=com.android.vending(10045),com.samsung.android.sm.devicesecurity(5012),
09-11 13:00:03.808  3238  3276 D PackageManager:     intent=Intent { act=android.intent.action.PACKAGE_NEEDS_VERIFICATION dat=file:///data/app/vmdl2448436.tmp typ=application/vnd.android.package-archive flg=0x10000001 cmp=com.android.vending/com.google.android.finsky.verifier.impl.PackageVerificationReceiver (has extras) }
09-11 13:00:03.808  3238  3276 D PackageManager:     others=10045, false, false, false, false, false
09-11 13:00:03.808  3238  3276 D PackageManager: }
09-11 13:00:03.808  3238  3276 D PackageManager: [VERIFY] setVerifierResponse {verificationID=10045, uid=10045, code=1}
09-11 13:00:03.808  3238  3276 D PackageManager: [VERIFY] sendOrderedBroadcastToPendingVerifier:
09-11 13:00:03.808  3238  3276 D PackageManager: PackageVerificationState{
09-11 13:00:03.808  3238  3276 D PackageManager:     verifier packages=com.samsung.android.sm.devicesecurity(5012),
09-11 13:00:03.808  3238  3276 D PackageManager:     intent=Intent { act=android.intent.action.PACKAGE_NEEDS_VERIFICATION dat=file:///data/app/vmdl2448436.tmp typ=application/vnd.android.package-archive flg=0x10000001 cmp=com.android.vending/com.google.android.finsky.verifier.impl.PackageVerificationReceiver (has extras) }
09-11 13:00:03.808  3238  3276 D PackageManager:     others=10045, false, false, false, false, false
09-11 13:00:03.808  3238  3276 D PackageManager: }
09-11 13:00:03.809 17242 17242 D GOS:MainIntentService: onDestroy
09-11 13:00:03.810 15890 15890 I Finsky  : [2] xtq.h(6): Verification complete: id=4, package_name=com.fieldtitan.droid.qa
09-11 13:00:03.811  3238  3254 D StorageManagerService: getExternalStorageMountMode : 3
09-11 13:00:03.811  3238  3254 D StorageManagerService: getExternalStorageMountMode : 3
09-11 13:00:03.812  3238  3254 D StorageManagerService: getExternalStorageMountMode : final mountMode=3, uid : 5012, packageName : com.samsung.android.sm.devicesecurity
09-11 13:00:03.812  3238  3254 I ApplicationPolicy: isApplicationExternalStorageWhitelisted:com.samsung.android.sm.devicesecurity user:0
09-11 13:00:03.812  3238  3254 D ApplicationPolicy: isApplicationExternalStorageWhitelisted: DO is not enabled on user 0. Allowed.
09-11 13:00:03.812  3238  3254 D ActivityManager: package  com.samsung.android.sm.devicesecurity, user - 0 is SDcard whitelisted
