09-11 13:00:15.573 17369 17369 I oneconnect[1.7.36-23_06][CORE]: DebugModeUtil.getTestModeEnable - result - sharedPref:false
09-11 13:00:15.573 17369 17369 I oneconnect[1.7.36-23_06][CORE]: DebugModeUtil.getTestModeEnable - result:0
09-11 13:00:15.573 17369 17369 I oneconnect[1.7.36-23_06][CORE]: DebugModeUtil.getTestModeEnable - result:0
09-11 13:00:15.573 17369 17369 I oneconnect[1.7.36-23_06][CORE]: DLog.updateSecureLog - DEBUG : true > false
09-11 13:00:15.575 17346 17346 I oneconnect[1.7.36-23_06][BEACON_MANAGER_CONTROL_SERVICE]: BeaconManagerControlService.onCreate -
09-11 13:00:15.585 17346 17346 I oneconnect[1.7.36-23_06][BEACON_MANAGER_CONTROL_SERVICE]: ProcessUtil.setProcessImportant - [myPid]17346 >> [isForeground]true
09-11 13:00:15.586 17346 17346 I oneconnect[1.7.36-23_06][BEACON_MANAGER_CONTROL_SERVICE]: FeatureUtil.isQcSupportedMode - user: 0
09-11 13:00:15.591 17346 17346 I oneconnect[1.7.36-23_06][BEACON_MANAGER_CONTROL_SERVICE]: BeaconManagerFilter.addSamsungDiscoveryFilter -
09-11 13:00:15.591 17346 17346 I oneconnect[1.7.36-23_06][BEACON_MANAGER_CONTROL_SERVICE]: BeaconManagerFilter.addSamsungConnectFilter -
09-11 13:00:15.594 17346 17346 W oneconnect[1.7.36-23_06][BEACON_MANAGER_CONTROL_SERVICE]: AppPackageUtil.isAppInstalled - NOT Installed - com.samsung.android.mateagent
09-11 13:00:15.594 17346 17346 I oneconnect[1.7.36-23_06][BEACON_MANAGER_CONTROL_SERVICE]: AppFilter.needScanForFriends - false
09-11 13:00:15.596 17346 17346 I oneconnect[1.7.36-23_06][BEACON_MANAGER_CONTROL_SERVICE]: AppPackageUtil.isAppInstalled - Installed - com.sec.android.easyMover.Agent
09-11 13:00:15.597 17346 17346 I oneconnect[1.7.36-23_06][BEACON_MANAGER_CONTROL_SERVICE]: AppFilter.needScanForSmartSwitch - true
09-11 13:00:15.597 17346 17346 I oneconnect[1.7.36-23_06][BEACON_MANAGER_CONTROL_SERVICE]: BeaconManagerFilter.addSmartSwitchFilter -
09-11 13:00:15.608 17346 17346 I oneconnect[1.7.36-23_06][BEACON_MANAGER_CONTROL_SERVICE]: BeaconManagerControlService.onBind -
09-11 13:00:15.608 17346 17346 I oneconnect[1.7.36-23_06][BEACON_MANAGER_CONTROL_SERVICE]: FeatureUtil.hasSepFeature - true
09-11 13:00:15.608 17346 17346 I oneconnect[1.7.36-23_06][BEACON_MANAGER_CONTROL_SERVICE]: FeatureUtil.isSemAvailable : - ? true ,Version: 2801
09-11 13:00:15.609 17346 17346 I oneconnect[1.7.36-23_06][BEACON_MANAGER_CONTROL_SERVICE]: BeaconManagerControlService.connectIntelligentContinuityService - reason:null
09-11 13:00:15.617 17346 17346 I oneconnect[1.7.36-23_06][BEACON_MANAGER_CONTROL_SERVICE]: BeaconManagerUtil.setBeaconManagerSupportCustomFilter - true
09-11 13:00:15.624  7827  7827 D BeaconManager[9.0.25.0]: BeaconService.onServiceConnected - BeaconManagerControlService connected
09-11 13:00:15.624  7827  7827 D BeaconManager[9.0.25.0]: BeaconService.sendCustomPacket -
09-11 13:00:15.625 17369 17369 D NetworkSecurityConfig: No Network Security Config specified, using platform default
09-11 13:00:15.631 17346 17360 D ScanRecord: same manuId data exists, combine both data and store
09-11 13:00:15.632 17346 17360 I oneconnect[1.7.36-23_06][BEACON_MANAGER_CONTROL_SERVICE]: BeaconManagerControlService.onReceive -  - ($)
09-11 13:00:15.632 17346 17346 I IC_Service[1.1.127]: onCreate()
09-11 13:00:15.632 17346 17346 I IC_Service[1.1.127]: initialize() - Called
09-11 13:00:15.632 17346 17360 D ScanRecord: It's a Multi Manu data
09-11 13:00:15.632 17346 17360 I chatty  : uid=10166(com.samsung.android.oneconnect) Binder:17346_2 identical 3 lines
09-11 13:00:15.632 17346 17360 D ScanRecord: It's a Multi Manu data
09-11 13:00:15.642 17346 17346 I IC_Service[1.1.127]: clearRemoteCallbacks()
09-11 13:00:15.658 17346 17395 I CameraManagerGlobal: Connecting to camera service
09-11 13:00:15.659 17346 17346 I IC_DialogController[1.1.127]: IcDialogController :: constructor
09-11 13:00:15.659 17346 17346 I IC_DialogController[1.1.127]: initialize ::
09-11 13:00:15.663  3238  4634 W ActivityManager: Unable to start service Intent { act=com.sec.android.app.applinker.aidl.REMOTE_SERVICE pkg=com.sec.android.app.applinker } U=0: not found
09-11 13:00:15.669 17346 17346 D BluetoothHeadset: BTStateChangeCB is registed (17346 @ com.samsung.android.oneconnect)
09-11 13:00:15.675 17346 17395 D VendorTagDescriptor: addVendorDescriptor: vendor tag id 3854507339 added
09-11 13:00:15.676 17346 17395 I CameraManagerGlobal: postSingleUpdate device: camera id 0 status STATUS_PRESENT
09-11 13:00:15.677 17346 17395 I CameraManagerGlobal: postSingleUpdate device: camera id 1 status STATUS_PRESENT
09-11 13:00:15.677 17346 17394 I IC_Service[1.1.127]: onCameraAvailable(0)
09-11 13:00:15.677 17346 17395 I IC_Service[1.1.127]: initialize() - camCb registered
09-11 13:00:15.677 17346 17394 I IC_Service[1.1.127]: onCameraAvailable(1)
09-11 13:00:15.678 17346 17346 D BluetoothAdapter: STATE_BLE_ON
09-11 13:00:15.678 17369 17369 I oneconnect[1.7.36-23_06][CORE]: DebugModeUtil.getTestModeEnable - result:0
09-11 13:00:15.679 17346 17346 D BluetoothAdapter: STATE_BLE_ON
09-11 13:00:15.679 17346 17346 D BluetoothAdapter: appoCount is = 0 G/S = 1/1
09-11 13:00:15.681 17369 17369 I oneconnect[1.7.36-23_06][CORE]: InternalSettingsManager.getStringFromSettingDB -  - ($)
09-11 13:00:15.689  3474 28723 D SecImsManager: cmc_activation NotFound
09-11 13:00:15.690 17346 17346 W IC_DeviceManager[1.1.127]: updateBondState() - list empty
09-11 13:00:15.690 17369 17369 I oneconnect[1.7.36-23_06][CORE]: LocaleUtil.getCurrentCountryIso - get country code:in
09-11 13:00:15.690 17369 17369 I oneconnect[1.7.36-23_06][CORE]: LocaleUtil.getClientCountryCode - country code:in
09-11 13:00:15.690 17369 17369 I oneconnect[1.7.36-23_06][CORE]: DebugModeUtil.getTestModeEnable - result:0
09-11 13:00:15.691 17346 17346 I IC_Service[1.1.127]: registerIcDeviceStateListener()
09-11 13:00:15.694 17346 17346 I IC_Service[1.1.127]: registerIcPackageAddedListener()
09-11 13:00:15.697  3238  4634 D AccountManagerService: getUserAccounts0
09-11 13:00:15.707  3238  4634 I chatty  : uid=1000(system) Binder:3238_13 identical 17 lines
09-11 13:00:15.709  3238  4634 D AccountManagerService: getUserAccounts0
09-11 13:00:15.711 17346 17346 E IC_DatabaseManager[1.1.127]: unregisterAccount() - Failed in unregistering Samsung account, cnt: 0, Return: false
09-11 13:00:15.711 17346 17346 D IC_Service[1.1.127]: onAccountUnregistered() - Called
09-11 13:00:15.712 17346 17346 I IC_Service[1.1.127]: adding filter for screenOnFilterServiceData
09-11 13:00:15.713 17346 17346 I IC_Service[1.1.127]: getHiFilterList(), screenOnFilter: 42, 09, 01, 02, 14, 00, 00, 00, 00, 00, 00, 00, 00, 00, 00, 04
09-11 13:00:15.713 17346 17346 I IC_Service[1.1.127]: getHiFilterList(), screenOnFilterMask: ff, ff, 7f, ff, 14, 00, 00, 00, 00, 00, 00, 00, 00, 00, 00, 84
09-11 13:00:15.713 17346 17346 I IC_Service[1.1.127]: requestUpdateScanFilter
09-11 13:00:15.713 17346 17346 E IC_Service[1.1.127]: onAccountUpdated() UNREGISTERED, requestUpdateScanFilter Failed, ret: false
09-11 13:00:15.713 17346 17346 I IC_DeviceManager[1.1.127]: onAccountUnregistered() - Called
09-11 13:00:15.714 17346 17346 I IC_Service[1.1.127]: onBind()
09-11 13:00:15.714 17346 17346 W IC_Service[1.1.127]: onBind(), intent NOT hasExtra named as bundle
09-11 13:00:15.715 17346 17346 W IC_Service[1.1.127]: onBind(), BT is OFF
09-11 13:00:15.717 17346 17346 I oneconnect[1.7.36-23_06][BEACON_MANAGER_CONTROL_SERVICE]: BeaconManagerControlService.onStartCommand - start_self
09-11 13:00:15.717 17346 17346 I oneconnect[1.7.36-23_06][BEACON_MANAGER_CONTROL_SERVICE]: FeatureUtil.hasSepFeature - true
09-11 13:00:15.718 17346 17346 I oneconnect[1.7.36-23_06][BEACON_MANAGER_CONTROL_SERVICE]: FeatureUtil.isSemAvailable : - ? true ,Version: 2801
09-11 13:00:15.719 17346 17346 I oneconnect[1.7.36-23_06][BEACON_MANAGER_CONTROL_SERVICE]: BeaconManagerControlService.onServiceConnected - IntelligentContinuityService connected
09-11 13:00:15.719 17346 17346 I IC_Service[1.1.127]: mScBinder - registerIntelligentContinuityEventListener
09-11 13:00:15.720 17346 17346 I oneconnect[1.7.36-23_06][BEACON_MANAGER_CONTROL_SERVICE]: SettingsUtil.getPpAgreedVersion -
09-11 13:00:15.720  3238  4634 D AccountManagerService: getUserAccounts0
09-11 13:00:15.724 17346 17346 I oneconnect[1.7.36-23_06][BEACON_MANAGER_CONTROL_SERVICE]: InternalSettingsManager.getStringFromSettingDB -  - ($)
09-11 13:00:15.725 17346 17346 I oneconnect[1.7.36-23_06][BEACON_MANAGER_CONTROL_SERVICE]: BeaconManagerControlService.isPPAgreeded - [result] false [version]
09-11 13:00:15.726 17346 17346 I IC_Service[1.1.127]: adding filter for screenOnFilterServiceData
09-11 13:00:15.726 17346 17346 I IC_Service[1.1.127]: getHiFilterList(), screenOnFilter: 42, 09, 01, 02, 14, 00, 00, 00, 00, 00, 00, 00, 00, 00, 00, 04
09-11 13:00:15.726 17346 17346 I IC_Service[1.1.127]: getHiFilterList(), screenOnFilterMask: ff, ff, 7f, ff, 14, 00, 00, 00, 00, 00, 00, 00, 00, 00, 00, 84
09-11 13:00:15.726 17346 17346 I IC_Service[1.1.127]: requestUpdateScanFilter
09-11 13:00:15.726 17346 17346 I oneconnect[1.7.36-23_06][BEACON_MANAGER_CONTROL_SERVICE]: BeaconManagerControlService.updateScanFilter -
09-11 13:00:15.727 17346 17346 I oneconnect[1.7.36-23_06][BEACON_MANAGER_CONTROL_SERVICE]: BeaconManagerControlService.updateScanFilter - Name:Hi,ScreenOnFilter:BluetoothLeScanFilter [mDeviceName=null, mDeviceAddress=null, mUuid=null, mUuidMask=null, mServiceDataUuid=null, mServiceData=null, mServiceDataMask=null, mManufacturerId=75, mManufacturerData=42 09 01 02 14 00 00 00 00 00 00 00 00 00 00 04, mManufacturerDataMask=FF FF 7F FF 14 00 00 00 00 00 00 00 00 00 00 84],ScreenOffFilter:Null,ScanInterval:2,Threshold:-999
09-11 13:00:15.727 17346 17346 I oneconnect[1.7.36-23_06][BEACON_MANAGER_CONTROL_SERVICE]: BeaconManagerControlService.updateScanFilter - Name:HiService,ScreenOnFilter:BluetoothLeScanFilter [mDeviceName=null, mDeviceAddress=null, mUuid=null, mUuidMask=null, mServiceDataUuid=0000fddb-0000-1000-8000-00805f9b34fb, mServiceData=00, mServiceDataMask=00, mManufacturerId=ffffffff, mManufacturerData=null, mManufacturerDataMask=null],ScreenOffFilter:Null,ScanInterval:2,Threshold:-999
09-11 13:00:15.730 17346 17346 I oneconnect[1.7.36-23_06][BEACON_MANAGER_CONTROL_SERVICE]: BeaconManagerUtil.isBeaconManagerEnabled - 1
09-11 13:00:15.730 17346 17346 I oneconnect[1.7.36-23_06][BEACON_MANAGER_CONTROL_SERVICE]: BeaconManagerUtil.updateBeaconManagerScanFilter -
09-11 13:00:15.732 17346 17346 D IC_Util[1.1.127]: getDeviceId :: get device id = 0x11
09-11 13:00:15.732  7827  7827 V BeaconManager[9.0.25.0]: BeaconService.onStartCommand - intent : Intent { cmp=com.samsung.android.beaconmanager/.BeaconService (has extras) }
09-11 13:00:15.732 17346 17346 D IC_Util[1.1.127]: getDeviceId :: get device id = 0x11
09-11 13:00:15.733 17346 17346 I IC_Service[1.1.127]: HiDevice with rssi under -65, skip--, rssi: -97
09-11 13:00:15.733  7827  7827 D BeaconManager[9.0.25.0]: Util.getNearBySetting - ON
09-11 13:00:15.733  7827  7827 I BeaconManager[9.0.25.0]: BeaconService.CreateBeaconManager  - setting:ON
09-11 13:00:15.733  7827  7827 D BeaconManager[9.0.25.0]: BeaconService.updateCustomScanFilter -
09-11 13:00:15.733  7827  7827 W BeaconManager[9.0.25.0]: BeaconManager.setSkipFilter - 0
09-11 13:00:15.734 17346 17360 I oneconnect[1.7.36-23_06][BEACON_MANAGER_CONTROL_SERVICE]: BeaconManagerFilter.getFilterList - Name:SamsungDiscovery_SC,ScreenOnFilter:BluetoothLeScanFilter [mDeviceName=null, mDeviceAddress=null, mUuid=null, mUuidMask=null, mServiceDataUuid=null, mServiceData=null, mServiceDataMask=null, mManufacturerId=75, mManufacturerData=42 09 00 0C, mManufacturerDataMask=FF FF 00 FF],ScreenOffFilter:Null,ScanInterval:2,Threshold:-999
09-11 13:00:15.734 17346 17360 I oneconnect[1.7.36-23_06][BEACON_MANAGER_CONTROL_SERVICE]: BeaconManagerFilter.getFilterList - Name:SamsungDiscovery_Router,ScreenOnFilter:BluetoothLeScanFilter [mDeviceName=null, mDeviceAddress=null, mUuid=null, mUuidMask=null, mServiceDataUuid=null, mServiceData=null, mServiceDataMask=null, mManufacturerId=75, mManufacturerData=42 09 00 0B, mManufacturerDataMask=FF FF 00 FF],ScreenOffFilter:Null,ScanInterval:2,Threshold:-999
09-11 13:00:15.734 17346 17360 I oneconnect[1.7.36-23_06][BEACON_MANAGER_CONTROL_SERVICE]: BeaconManagerFilter.getFilterList - Name:SamsungConnect_V1,ScreenOnFilter:BluetoothLeScanFilter [mDeviceName=null, mDeviceAddress=null, mUuid=null, mUuidMask=null, mServiceDataUuid=null, mServiceData=null, mServiceDataMask=null, mManufacturerId=75, mManufacturerData=42 0C 01 00 00 00 00 05, mManufacturerDataMask=FF FF 7F 00 00 00 00 07],ScreenOffFilter:Null,ScanInterval:2,Threshold:-999
09-11 13:00:15.734 17346 17360 I oneconnect[1.7.36-23_06][BEACON_MANAGER_CONTROL_SERVICE]: BeaconManagerFilter.getFilterList - Name:SamsungConnect_V2,ScreenOnFilter:BluetoothLeScanFilter [mDeviceName=null, mDeviceAddress=null, mUuid=null, mUuidMask=null, mServiceDataUuid=null, mServiceData=null, mServiceDataMask=null, mManufacturerId=75, mManufacturerData=42 0C 02 05, mManufacturerDataMask=FF FF 7F 07],ScreenOffFilter:Null,ScanInterval:2,Threshold:-999
09-11 13:00:15.735 17346 17360 I oneconnect[1.7.36-23_06][BEACON_MANAGER_CONTROL_SERVICE]: BeaconManagerFilter.getFilterList - Name:SmartSwitch,ScreenOnFilter:BluetoothLeScanFilter [mDeviceName=null, mDeviceAddress=null, mUuid=null, mUuidMask=null, mServiceDataUuid=null, mServiceData=null, mServiceDataMask=null, mManufacturerId=75, mManufacturerData=42 11, mManufacturerDataMask=0F FF],ScreenOffFilter:Null,ScanInterval:2,Threshold:-999
09-11 13:00:15.735  7827  7844 V BeaconManager[9.0.25.0]: BeaconManager.BeaconManagerWorkHandler - MSG_UPDATE_SCAN_OPTION
09-11 13:00:15.736  7827  7844 I BeaconManager[9.0.25.0]: BeaconManager.updateScanCondition -
09-11 13:00:15.736  7827  7844 D BeaconManager[9.0.25.0]: Util.getNearBySetting - ON
09-11 13:00:15.736  7827  7844 I BeaconManager[9.0.25.0]: BeaconManager.updateScanCondition - filter:[SamsungDiscovery_SC][SamsungDiscovery_Router][SamsungConnect_V1][SamsungConnect_V2][SmartSwitch][Hi][HiService][Wearable][WearableOld][EasySetup][EasySetup2018][OOBE]
09-11 13:00:15.736  7827  7844 D BeaconManager[9.0.25.0]: BleScanHelper.updateScanFilter - ($)
09-11 13:00:15.736  7827  7844 V BeaconManager[9.0.25.0]: BleScanHelper.startBleScan - startBleScan
09-11 13:00:15.737  7827  7844 D BluetoothAdapter: STATE_BLE_ON
09-11 13:00:15.737  7827  7845 D BeaconManager[9.0.25.0]: BleScanHelper.MSG_CALL_START_LESCAN - isFilterScanFailed/discovering:false/true
09-11 13:00:15.738  7827  7845 D BluetoothAdapter: STATE_BLE_ON
09-11 13:00:15.738  7827  7845 D BluetoothAdapter: appoCount is = 0 G/S = 1/1
09-11 13:00:15.739  7827  7845 I BeaconManager[9.0.25.0]: BleScanHelper.directStopLeScan - call BleScanner.stopScan()
09-11 13:00:15.740  7827  7845 D BluetoothAdapter: STATE_BLE_ON
09-11 13:00:15.740  7827  7845 D BluetoothAdapter: appoCount is = 0 G/S = 1/1
09-11 13:00:15.740  7827  7845 D BluetoothLeScanner: Stop Scan with callback
09-11 13:00:15.750  7856  7873 D BtGatt.ContextMap: remove() - id: 4
09-11 13:00:15.750  7856  7873 E BtGatt.ContextMap: remove() - removed: 4
09-11 13:00:15.755  7856  8087 W bt_btm  : btm_ble_disable_resolving_list() rl_state = 0xb, rl_mask = 0x2, to_resume = 1
09-11 13:00:15.757 17369 17369 D SamsungAnalytics200000: [Validation] dma pkg:531401000
09-11 13:00:15.758  3238  3959 D ConnectivityService: filterNetworkStateForUid() uid: 10166, pid: 17369
09-11 13:00:15.758  3238  3959 D ConnectivityService: filterNetworkStateForUid() uid: 10166, pid: 17369, networkInfo: [type: WIFI[], state: CONNECTED/CONNECTED, reason: (unspecified), extra: (none), failover: false, available: true, roaming: false]
09-11 13:00:15.759 17369 17404 D ConnectivityManager: requestNetwork; CallingUid : 10166, CallingPid : 17369
09-11 13:00:15.761 17369 17369 I oneconnect[1.7.36-23_06][CORE]: SettingsUtil.getPpAgreedVersion -
09-11 13:00:15.762 17369 17369 I oneconnect[1.7.36-23_06][CORE]: InternalSettingsManager.getStringFromSettingDB -  - ($)
09-11 13:00:15.762 17369 17369 I oneconnect[1.7.36-23_06][CORE]: SettingsUtil.isPpAgreed - ppAgreed - false
09-11 13:00:15.763  3238  3959 D ConnectivityService: listenForNetwork for uid/pid:10166/17369 NetworkRequest [ LISTEN id=223, [ Transports: CELLULAR|WIFI Capabilities: NOT_RESTRICTED&TRUSTED&NOT_VPN Unwanted:  Uid: 10166] ]
09-11 13:00:15.764 17369 17369 D SamsungAnalytics200000: [Tracker] Tracker start:2.00.000DLS
09-11 13:00:15.764  3238  3402 D ConnectivityService: rematching NetworkAgentInfo [WIFI () - 605]
09-11 13:00:15.764  3238  3402 D ConnectivityService:  network has: [ Transports: WIFI Capabilities: NOT_METERED&INTERNET&NOT_RESTRICTED&TRUSTED&NOT_VPN&VALIDATED&NOT_ROAMING&FOREGROUND&NOT_CONGESTED&NOT_SUSPENDED Unwanted:  LinkUpBandwidth>=1048576Kbps LinkDnBandwidth>=1048576Kbps SignalStrength: -48 SSID: "Finoit1"]
09-11 13:00:15.764  3238  3402 D ConnectivityService: Network NetworkAgentInfo [WIFI () - 605] was already satisfying request 133. No change.
09-11 13:00:15.764  3238  3402 D ConnectivityService: Network NetworkAgentInfo [WIFI () - 605] was already satisfying request 215. No change.
09-11 13:00:15.764  3238  3402 D ConnectivityService: Network NetworkAgentInfo [WIFI () - 605] was already satisfying request 205. No change.
09-11 13:00:15.765  3238  3402 D ConnectivityService: Network NetworkAgentInfo [WIFI () - 605] was already satisfying request 219. No change.
09-11 13:00:15.765  3238  3402 D ConnectivityService: Network NetworkAgentInfo [WIFI () - 605] was already satisfying request 154. No change.
09-11 13:00:15.765  3238  3402 D ConnectivityService: Network NetworkAgentInfo [WIFI () - 605] was already satisfying request 217. No change.
09-11 13:00:15.765  3238  3402 D ConnectivityService: Network NetworkAgentInfo [WIFI () - 605] was already satisfying request 9. No change.
09-11 13:00:15.765  3238  3402 D ConnectivityService: Network NetworkAgentInfo [WIFI () - 605] was already satisfying request 1. No change.
09-11 13:00:15.765  3238  3402 D ConnectivityService: Network NetworkAgentInfo [WIFI () - 605] was already satisfying request 195. No change.
09-11 13:00:15.765  3238  3402 D ConnectivityService: Network NetworkAgentInfo [WIFI () - 605] was already satisfying request 11. No change.
09-11 13:00:15.765  3238  3402 D ConnectivityService: Network NetworkAgentInfo [WIFI () - 605] was already satisfying request 220. No change.
09-11 13:00:15.765  3238  3402 D ConnectivityService: Network NetworkAgentInfo [WIFI () - 605] was already satisfying request 199. No change.
09-11 13:00:15.765 17369 17369 I oneconnect[1.7.36-23_06][CORE]: DebugModeUtil.getTestModeEnable - result:0
09-11 13:00:15.767  3238  3402 D ConnectivityService: sending notification CALLBACK_AVAILABLE for NetworkRequest [ LISTEN id=223, [ Transports: CELLULAR|WIFI Capabilities: NOT_RESTRICTED&TRUSTED&NOT_VPN Unwanted:  Uid: 10166] ]
09-11 13:00:15.770 17369 17369 I oneconnect[1.7.36-23_06][CORE]: InternalSettingsManager.getStringFromSettingDB -  - ($)
09-11 13:00:15.771 17369 17404 I oneconnect[1.7.36-23_06][CORE]: InternalSettingsManager.getStringFromSettingDB -  - ($)
09-11 13:00:15.776  3474 28723 D SecImsManager: cmc_activation NotFound
09-11 13:00:15.776 17369 17369 I oneconnect[1.7.36-23_06][CORE]: LocaleUtil.getCurrentCountryIso - get country code:in
09-11 13:00:15.776 17369 17369 I oneconnect[1.7.36-23_06][CORE]: LocaleUtil.getClientCountryCode - country code:in
09-11 13:00:15.782  7856  7936 E BtGatt.GattService: [GSIM LOG]: gsimLogHandler, msg: MESSAGE_SCAN_STOP, appName: android.uid.bcmgr, scannerId: 4, reportDelayMillis=0
09-11 13:00:15.794 17369 17369 W oneconnect[1.7.36-23_06][CORE]: AppPackageUtil.isAppInstalled - NOT Installed - com.samsung.android.sharelive
09-11 13:00:15.796 17369 17369 I oneconnect[1.7.36-23_06][CORE]: FeatureUtil.isQcSupportedMode - user: 0
09-11 13:00:15.796 17369 17369 I oneconnect[1.7.36-23_06][CORE]: FeatureUtil.isDeviceToSupportDeviceVisibility : - model : SM-J600G
09-11 13:00:15.799 17369 17369 V PluginPlatform[0.28.6][28006] : PluginPlatform.Init - Current Process : com.samsung.android.oneconnect:Core
09-11 13:00:15.799 17369 17369 D PluginPlatform[0.28.6][28006] : PluginManager.init - mainProcess: false, servicePluginProcess: false
09-11 13:00:15.799  3523  3523 D QSTileHost: getCscTileList : tileName = PowerShare, tileIndex = 8
09-11 13:00:15.799  3523  3523 D QSTileHost: getCscTileList : tileName = NightMode, tileIndex = -1
09-11 13:00:15.799  3523  3523 D QSTileHost: getCscTileList : tileName = Routines, tileIndex = -1
09-11 13:00:15.800  3523  3523 D QSTileHost: getCscTileList : tileName = NavigationBar, tileIndex = -1
09-11 13:00:15.800  3523  3523 D QSTileHost: getCscTileList : tileName = PowerKeySetting, tileIndex = -1
09-11 13:00:15.800  3523  3523 D QSTileHost: getCscTileList : tileName = DailyBoard, tileIndex = -1
09-11 13:00:15.800  3523  3523 D QSTileHost: getCscTileList : tileName = DesktopMode, tileIndex = -1
09-11 13:00:15.800  3523  3523 D QSTileHost: getCscTileList result : [Wifi, SilentMode, Bluetooth, RotationLock, Flashlight, AirplaneMode, BatteryMode, MobileData, PowerShare, WifiCalling, Performance, BlueLightFilter, WifiHotspot, SecureFolder, Location, Nfc, Aod, AllShareCast, DeviceVisibility, Dnd, Sync, UDS, PowerPlanning, EdgeLighting, Dolby, KidsHome, NightMode, Routines, NavigationBar, PowerKeySetting, DailyBoard, DesktopMode]
09-11 13:00:15.800  3523  3523 D AutoTileManager: TileVisibilityUpdate : [remove] DeviceVisibility:com.samsung.android.oneconnect, com.samsung.android.oneconnect.external.DeviceVisibilityTile
09-11 13:00:15.803  3238  4634 D ConnectivityService: filterNetworkStateForUid() uid: 10166, pid: 17369
09-11 13:00:15.803  3238  4634 D ConnectivityService: filterNetworkStateForUid() uid: 10166, pid: 17369, networkInfo: [type: WIFI[], state: CONNECTED/CONNECTED, reason: (unspecified), extra: (none), failover: false, available: true, roaming: false]
09-11 13:00:15.803  3523  3523 D QSTileHost: saveCurrentTiles : previousTiles = [Wifi, SoundMode, Bluetooth, RotationLock, Flashlight, AirplaneMode, custom(com.samsung.android.lool/com.samsung.android.sm.battery.ui.mode.BatteryModeTile), MobileData, BlueLightFilter, Hotspot, custom(com.samsung.knox.securefolder/.switcher.SecureFolderTile), Location, custom(com.samsung.android.smartmirroring/.tile.SmartMirroringTile), Dnd, custom(com.android.settings/com.samsung.android.settings.qstile.SecAccountTiles), custom(com.samsung.android.uds/.ui.uds.UDSTile), custom(com.sec.android.app.soundalive/.DolbyTile), custom(com.samsung.android.app.powerplanning/.PPQuickSettings.PPTile), custom(com.samsung.android.kidsinstaller/.quickpanel.service.KidsTileService), custom(com.android.settings/com.samsung.android.settings.qstile.NightThemeTiles), custom(com.samsung.android.app.routines/.RoutineTile), NavigationBar]
09-11 13:00:15.803  3523  3523 D QSTileHost: saveCurrentTiles : newTiles = [Wifi, SoundMode, Bluetooth, RotationLock, Flashlight, AirplaneMode, custom(com.samsung.android.lool/com.samsung.android.sm.battery.ui.mode.BatteryModeTile), MobileData, BlueLightFilter, Hotspot, custom(com.samsung.knox.securefolder/.switcher.SecureFolderTile), Location, custom(com.samsung.android.smartmirroring/.tile.SmartMirroringTile), Dnd, custom(com.android.settings/com.samsung.android.settings.qstile.SecAccountTiles), custom(com.samsung.android.uds/.ui.uds.UDSTile), custom(com.sec.android.app.soundalive/.DolbyTile), custom(com.samsung.android.app.powerplanning/.PPQuickSettings.PPTile), custom(com.samsung.android.kidsinstaller/.quickpanel.service.KidsTileService), custom(com.android.settings/com.samsung.android.settings.qstile.NightThemeTiles), custom(com.samsung.android.app.routines/.RoutineTile), NavigationBar]
09-11 13:00:15.804  3238  4634 D SecContentProvider: query(), uri = 17 selection = isSettingsChangesAllowed
09-11 13:00:15.804  3238  4634 D SecContentProvider: called from android.uid.systemui:10009
09-11 13:00:15.806  3238  4634 D RestrictionPolicy: isSettingsChangesAllowedAsUser, userId 0 : true
09-11 13:00:15.852  7827  7845 I BeaconManager[9.0.25.0]: BleScanHelper.startBleScan - Start filter Scan(SCREEN_ON)
09-11 13:00:15.855  7827  7845 D BeaconManager[9.0.25.0]: BleScanHelper.getMyScanPreferences - interval:3120, window:160
09-11 13:00:15.856  7827  7845 D BluetoothAdapter: STATE_BLE_ON
09-11 13:00:15.856  7827  7845 D BluetoothAdapter: appoCount is = 0 G/S = 1/1
09-11 13:00:15.858  7827  7845 D BluetoothAdapter: STATE_BLE_ON
09-11 13:00:15.858  7827  7845 D BluetoothAdapter: appoCount is = 0 G/S = 1/1
09-11 13:00:15.858  7827  7845 D BluetoothLeScanner: Start Scan with callback
09-11 13:00:15.860  7856  7873 D BtGatt.ContextMap: add() - appUid: 5006, appName: android.uid.bcmgr:5006
09-11 13:00:15.861  4179 17225 W native  : scoring-util.cc:88 decaying future time: time may have changed.
09-11 13:00:15.862  4179 17225 I chatty  : uid=10027(com.google.android.gms) lowpool[52] identical 16 lines
09-11 13:00:15.862  4179 17225 W native  : scoring-util.cc:88 decaying future time: time may have changed.
09-11 13:00:15.862  7856  8087 I bt_stack: [INFO:gatt_api.cc(955)] GATT_Register 2869e745-d20e-4032-84ad-d49a6965fc0e
09-11 13:00:15.862  4179 17225 W native  : scoring-util.cc:88 decaying future time: time may have changed.
09-11 13:00:15.862  4179 17225 I chatty  : uid=10027(com.google.android.gms) lowpool[52] identical 1 line
09-11 13:00:15.862  4179 17225 W native  : scoring-util.cc:88 decaying future time: time may have changed.
09-11 13:00:15.862  7856  8087 I bt_stack: [INFO:gatt_api.cc(992)] allocated gatt_if=4
09-11 13:00:15.862  4179 17225 W native  : scoring-util.cc:88 decaying future time: time may have changed.
09-11 13:00:15.864  4179 17225 I chatty  : uid=10027(com.google.android.gms) lowpool[52] identical 43 lines
09-11 13:00:15.864  4179 17225 W native  : scoring-util.cc:88 decaying future time: time may have changed.
09-11 13:00:15.864  7827  7839 D BluetoothLeScanner: onScannerRegistered() - status=0 scannerId=4 mScannerId=0
09-11 13:00:15.864  4179 17225 W native  : scoring-util.cc:88 decaying future time: time may have changed.
09-11 13:00:15.865  4179 17225 I chatty  : uid=10027(com.google.android.gms) lowpool[52] identical 23 lines
09-11 13:00:15.865  4179 17225 W native  : scoring-util.cc:88 decaying future time: time may have changed.
09-11 13:00:15.866  7856  7873 D BluetoothAdapter: STATE_BLE_ON
09-11 13:00:15.867  7856  7873 D BluetoothAdapter: bleAppCnt is = 1
09-11 13:00:15.869  7856  7930 D BluetoothAdapter: STATE_BLE_ON
09-11 13:00:15.869  7856  7930 D BluetoothAdapter: appoCount is = 0 G/S = 1/1
09-11 13:00:15.871  7856  7936 E BtGatt.GattService: [GSIM LOG]: gsimLogHandler, msg: MESSAGE_SCAN_START, appName: android.uid.bcmgr, scannerId: 4, reportDelayMillis=0
09-11 13:00:15.871  7856  7930 D BluetoothAdapter: STATE_BLE_ON
09-11 13:00:15.872  7856  7930 D BluetoothAdapter: appoCount is = 0 G/S = 1/1
09-11 13:00:15.872  7856  7930 D BluetoothAdapter: STATE_BLE_ON
09-11 13:00:15.872  7856  7930 D BluetoothAdapter: appoCount is = 0 G/S = 1/1
09-11 13:00:15.876  7856  7930 D BtGatt.ScanManager: configureFilterParamter() : onFoundTimeout | onLostTimeout | onFoundCount | numOfTrackingEntries | scanFilterRssiThreshold | trackableScanFilterRssiThreshold | matchMode
09-11 13:00:15.876  7856  7930 D BtGatt.ScanManager: configureFilterParamter() : __________500__|________10000__|___________1__|___________________0__|___________________-128__|____________________________-128__|________1_
09-11 13:00:15.878  7856  7930 D BtGatt.ScanManager: configureFilterParamter() : onFoundTimeout | onLostTimeout | onFoundCount | numOfTrackingEntries | scanFilterRssiThreshold | trackableScanFilterRssiThreshold | matchMode
09-11 13:00:15.878  7856  7930 D BtGatt.ScanManager: configureFilterParamter() : __________500__|________10000__|___________1__|___________________0__|___________________-128__|____________________________-128__|________1_
09-11 13:00:15.879  4179 17225 I native  : document-store.cc:1525 Scored 4594 usage reports, missing_corpora 0 update_failed 1851
09-11 13:00:15.880  7856  7930 D BtGatt.ScanManager: configureFilterParamter() : onFoundTimeout | onLostTimeout | onFoundCount | numOfTrackingEntries | scanFilterRssiThreshold | trackableScanFilterRssiThreshold | matchMode
09-11 13:00:15.880  7856  7930 D BtGatt.ScanManager: configureFilterParamter() : __________500__|________10000__|___________1__|___________________0__|___________________-128__|____________________________-128__|________1_
09-11 13:00:15.882  7856  7930 D BtGatt.ScanManager: configureFilterParamter() : onFoundTimeout | onLostTimeout | onFoundCount | numOfTrackingEntries | scanFilterRssiThreshold | trackableScanFilterRssiThreshold | matchMode
09-11 13:00:15.882  7856  7930 D BtGatt.ScanManager: configureFilterParamter() : __________500__|________10000__|___________1__|___________________0__|___________________-128__|____________________________-128__|________1_
09-11 13:00:15.885  7856  7930 D BtGatt.ScanManager: configureFilterParamter() : onFoundTimeout | onLostTimeout | onFoundCount | numOfTrackingEntries | scanFilterRssiThreshold | trackableScanFilterRssiThreshold | matchMode
09-11 13:00:15.885  7856  7930 D BtGatt.ScanManager: configureFilterParamter() : __________500__|________10000__|___________1__|___________________0__|___________________-128__|____________________________-128__|________1_
09-11 13:00:15.887  7856  7930 D BtGatt.ScanManager: configureFilterParamter() : onFoundTimeout | onLostTimeout | onFoundCount | numOfTrackingEntries | scanFilterRssiThreshold | trackableScanFilterRssiThreshold | matchMode
09-11 13:00:15.887  7856  7930 D BtGatt.ScanManager: configureFilterParamter() : __________500__|________10000__|___________1__|___________________0__|___________________-128__|____________________________-128__|________1_
09-11 13:00:15.889  7856  7930 D BtGatt.ScanManager: configureFilterParamter() : onFoundTimeout | onLostTimeout | onFoundCount | numOfTrackingEntries | scanFilterRssiThreshold | trackableScanFilterRssiThreshold | matchMode
09-11 13:00:15.889  7856  7930 D BtGatt.ScanManager: configureFilterParamter() : __________500__|________10000__|___________1__|___________________0__|___________________-128__|____________________________-128__|________1_
09-11 13:00:15.891  7856  7930 D BtGatt.ScanManager: configureFilterParamter() : onFoundTimeout | onLostTimeout | onFoundCount | numOfTrackingEntries | scanFilterRssiThreshold | trackableScanFilterRssiThreshold | matchMode
09-11 13:00:15.891  7856  7930 D BtGatt.ScanManager: configureFilterParamter() : __________500__|________10000__|___________1__|___________________0__|___________________-128__|____________________________-128__|________1_
09-11 13:00:15.893  7856  7930 D BtGatt.ScanManager: configureFilterParamter() : onFoundTimeout | onLostTimeout | onFoundCount | numOfTrackingEntries | scanFilterRssiThreshold | trackableScanFilterRssiThreshold | matchMode
09-11 13:00:15.893  7856  7930 D BtGatt.ScanManager: configureFilterParamter() : __________500__|________10000__|___________1__|___________________0__|___________________-128__|____________________________-128__|________1_
09-11 13:00:15.895  7856  7930 D BtGatt.ScanManager: configureFilterParamter() : onFoundTimeout | onLostTimeout | onFoundCount | numOfTrackingEntries | scanFilterRssiThreshold | trackableScanFilterRssiThreshold | matchMode
09-11 13:00:15.895  7856  7930 D BtGatt.ScanManager: configureFilterParamter() : __________500__|________10000__|___________1__|___________________0__|___________________-128__|____________________________-128__|________1_
09-11 13:00:15.897  7856  7930 D BtGatt.ScanManager: configureFilterParamter() : onFoundTimeout | onLostTimeout | onFoundCount | numOfTrackingEntries | scanFilterRssiThreshold | trackableScanFilterRssiThreshold | matchMode
09-11 13:00:15.897  7856  7930 D BtGatt.ScanManager: configureFilterParamter() : __________500__|________10000__|___________1__|___________________0__|___________________-128__|____________________________-128__|________1_
09-11 13:00:15.899  7856  7930 D BtGatt.ScanManager: configureFilterParamter() : onFoundTimeout | onLostTimeout | onFoundCount | numOfTrackingEntries | scanFilterRssiThreshold | trackableScanFilterRssiThreshold | matchMode
09-11 13:00:15.899  7856  7930 D BtGatt.ScanManager: configureFilterParamter() : __________500__|________10000__|___________1__|___________________0__|___________________-128__|____________________________-128__|________1_
09-11 13:00:15.901  7856  7930 E BtGatt.ScanManager: default value of curScanSetting 0 is choosen
09-11 13:00:15.901  7856  7930 D BtGatt.ScanManager: configureRegularScanParams() scan param set to 256 / 4992 (units)
09-11 13:00:15.902  7856  8087 W bt_btm  : btm_ble_enable_resolving_list() rl_state = 0x9, rl_mask = 0x2
09-11 13:00:15.902  7856  8087 W bt_btm  : btm_ble_disable_resolving_list() rl_state = 0xb, rl_mask = 0x2, to_resume = 1
09-11 13:00:15.902  7856  8087 W bt_btm  : btm_ble_enable_resolving_list() rl_state = 0x9, rl_mask = 0x2
09-11 13:00:15.931  4179 17225 I Icing   : Indexing com.google.android.gms-internal.3p:Photograph from com.google.android.gms
09-11 13:00:15.937  4179 17225 I Icing   : Indexing done com.google.android.gms-internal.3p:Photograph
09-11 13:00:16.070 17337 17337 I dex2oat : Explicit concurrent copying GC freed 24362(4MB) AllocSpace objects, 0(0B) LOS objects, 99% free, 1232B/1537KB, paused 102us total 10.731ms
09-11 13:00:16.078  3523  3523 D SecStatusBarWifiView: updateState: WifiIconState(resId=2131232673, visible=true, activityId=2131232698)
09-11 13:00:16.105  2804  2804 I display : [PrimaryDisplay] [DYNAMIC_RECOMP] first frame after HWC_2_GLES
09-11 13:00:16.105  2804  2804 I display : [PrimaryDisplay] [DYNAMIC_RECOMP] GLES_2_HWC by high FPS(5)
09-11 13:00:16.213  3238  3959 D WifiPermissionsUtil: canAccessScanResults: pkgName = com.sec.android.sdhms, uid = 1000
09-11 13:00:16.385  2804 12328 I display : [PrimaryDisplay] [DYNAMIC_RECOMP] HWC_2_GLES by low FPS(0)
09-11 13:00:16.420  3238  3319 D SensorService: [SO] -0.062 0.297 9.802
09-11 13:00:16.799 17337 17337 I dex2oat : ----------------------------------------------------
09-11 13:00:16.799 17337 17337 I dex2oat : <FIVE>: S T A R T I N G . . .
09-11 13:00:16.799 17337 17337 D dex2oat : OAT number files: 1
09-11 13:00:16.799 17337 17337 D dex2oat : index: 0 path: /data/app/com.fieldtitan.droid.qa-8nonATO_0AGa7rf4Tvtcaw==/oat/arm/base.odex
09-11 13:00:16.799 17337 17337 D dex2oat : VDEX number files: 1
09-11 13:00:16.799 17337 17337 D dex2oat : index: 0 path: /data/app/com.fieldtitan.droid.qa-8nonATO_0AGa7rf4Tvtcaw==/oat/arm/base.vdex
09-11 13:00:16.800 17337 17337 D dex2oat : DEX file names: 0
09-11 13:00:16.800 17337 17337 D dex2oat : oat_fd_: 9 output_vdex_fd_: 10 app_image_fd_: 12 zip_fd_signer_: 6
09-11 13:00:16.803 17337 17337 I ApkToolkit: Use APK V2 signature. APK: /data/app/com.fieldtitan.droid.qa-8nonATO_0AGa7rf4Tvtcaw==/base.apk
09-11 13:00:16.803 17337 17337 I ApkToolkit: Found the best signature algorithm ID: 0x103
09-11 13:00:16.845 17337 17337 I ApkToolkit: FiveSign starts: zip_fd = 6, fd = 9.
09-11 13:00:16.845 17337 17337 I ApkToolkit: FiveSignOat: Apk case.
09-11 13:00:16.847 17337 17337 I ApkToolkit: FiveSign finished: 0.
09-11 13:00:16.847 17337 17337 I ApkToolkit: FiveSign starts: zip_fd = 6, fd = 10.
09-11 13:00:16.847 17337 17337 I ApkToolkit: FiveSignOat: Apk case.
09-11 13:00:16.866 17337 17337 I ApkToolkit: FiveSign finished: 0.
09-11 13:00:16.866 17337 17337 I dex2oat : <FIVE>: END
09-11 13:00:16.905 17337 17337 D dex2oat : FIVE starts to sign a file: /data/app/com.fieldtitan.droid.qa-8nonATO_0AGa7rf4Tvtcaw==/oat/arm/base.art
09-11 13:00:16.908 17337 17337 I ApkToolkit: Use APK V2 signature. APK: /data/app/com.fieldtitan.droid.qa-8nonATO_0AGa7rf4Tvtcaw==/base.apk
09-11 13:00:16.908 17337 17337 I ApkToolkit: Found the best signature algorithm ID: 0x103
09-11 13:00:16.941 17337 17337 I ApkToolkit: FiveSign starts: zip_fd = 6, fd = 7.
09-11 13:00:16.941 17337 17337 I ApkToolkit: FiveSignOat: Apk case.
09-11 13:00:16.943 17337 17337 I ApkToolkit: FiveSign finished: 0.
09-11 13:00:16.947 17337 17337 I dex2oat : dex2oat took 3.491s (6.526s cpu) (threads: 8) arena alloc=5KB (5480B) java alloc=17KB (17616B) native alloc=8MB (8683848B) free=2MB (2850488B)
09-11 13:00:16.969  2935  2935 D installed: No property in map, key: dev.ssrm.app.install.standby, ret_value: 2, value: -1
09-11 13:00:16.969  2935  2935 D installed: have_install_standby : -1s
09-11 13:00:16.969  2935  2935 V installed: DexInv: --- END '/data/app/com.fieldtitan.droid.qa-8nonATO_0AGa7rf4Tvtcaw==/base.apk' (success) ---
09-11 13:00:16.970  3238  3276 I PackageManager.DexOptimizer: do mInstaller.syncDexopt : com.fieldtitan.droid.qa
09-11 13:00:16.971  3238  3276 V BackupManagerService: restoreAtInstall pkg=com.fieldtitan.droid.qa token=5 restoreSet=39afca4991dfb86b
09-11 13:00:16.972  3238  4336 D BackupManagerService: MSG_RUN_RESTORE observer=null
09-11 13:00:16.972  3238  4336 D BackupManagerService: Starting restore.
09-11 13:00:16.979  3238  3959 I ActivityManager: KPU : put [com.microsoft.office.word] : 17478 K
09-11 13:00:16.979  3238  3959 I ActivityManager: Killing 16341:com.microsoft.office.word/u0a17 (adj 906): DHA:empty #25
09-11 13:00:16.980  3238  3257 W libprocessgroup: kill(-16341, 9) failed: No such process
09-11 13:00:16.991  3238  3238 I TransportClient: BackupTransportService#7: Notifying [PerformUnifiedRestoreTask.startRestore()] transport = IBackupTransport
09-11 13:00:16.991  3238  3959 D ConnectivityService: filterNetworkStateForUid() uid: 10027, pid: 4179
09-11 13:00:16.991  3238  3959 D ConnectivityService: filterNetworkStateForUid() uid: 10027, pid: 4179, networkInfo: [type: WIFI[], state: CONNECTED/CONNECTED, reason: (unspecified), extra: (none), failover: false, available: true, roaming: false]
09-11 13:00:16.985  3238  3257 I chatty  : uid=1000(system) ActivityManager identical 1 line
09-11 13:00:16.991  3238  3257 W libprocessgroup: kill(-16341, 9) failed: No such process
09-11 13:00:16.992  3238  4336 W Binder  : Outgoing transactions from this process must be FLAG_ONEWAY
09-11 13:00:16.992  3238  4336 W Binder  : java.lang.Throwable
09-11 13:00:16.992  3238  4336 W Binder  :      at android.os.BinderProxy.transact(Binder.java:1125)
09-11 13:00:16.992  3238  4336 W Binder  :      at com.android.internal.backup.IBackupTransport$Stub$Proxy.startRestore(IBackupTransport.java:694)
09-11 13:00:16.992  3238  4336 W Binder  :      at com.android.server.backup.restore.PerformUnifiedRestoreTask.startRestore(PerformUnifiedRestoreTask.java:386)
09-11 13:00:16.992  3238  4336 W Binder  :      at com.android.server.backup.restore.PerformUnifiedRestoreTask.execute(PerformUnifiedRestoreTask.java:289)
09-11 13:00:16.992  3238  4336 W Binder  :      at com.android.server.backup.internal.BackupHandler.handleMessage(BackupHandler.java:204)
09-11 13:00:16.992  3238  4336 W Binder  :      at android.os.Handler.dispatchMessage(Handler.java:106)
09-11 13:00:16.992  3238  4336 W Binder  :      at android.os.Looper.loop(Looper.java:214)
09-11 13:00:16.992  3238  4336 W Binder  :      at android.os.HandlerThread.run(HandlerThread.java:65)
09-11 13:00:16.992  3238  3959 D ConnectivityService: filterNetworkStateForUid() uid: 10027, pid: 4179
09-11 13:00:16.992  3238  3959 D ConnectivityService: filterNetworkStateForUid() uid: 10027, pid: 4179, networkInfo: [type: WIFI[], state: CONNECTED/CONNECTED, reason: (unspecified), extra: (none), failover: false, available: true, roaming: false]
09-11 13:00:16.995  3238  3959 D AccountManagerService: getUserAccounts0
09-11 13:00:16.996  3238  3257 W libprocessgroup: kill(-16341, 9) failed: No such process
09-11 13:00:16.996  4179  4877 I Backup  : [GmsBackupTransport] New restore session, 2 apps
09-11 13:00:16.999  3238  3959 D BackupTransportManager: Transport com.google.android.gms/.backup.BackupTransportService updated its attributes
09-11 13:00:17.000  2924  2924 I Zygote  : Process 16341 exited due to signal (9)
09-11 13:00:17.001  3238  3257 W libprocessgroup: kill(-16341, 9) failed: No such process
09-11 13:00:17.002  3238  3257 I libprocessgroup: Successfully killed process cgroup uid 10017 pid 16341 in 21ms
09-11 13:00:17.021  3238  4336 D AccountManagerService: getUserAccounts0
09-11 13:00:17.023  3238  4336 D AccountManagerService: getUserAccounts0
09-11 13:00:17.028  3870  3870 W ChimeraUtils: Non Chimera context
09-11 13:00:17.038  3870  3870 I chatty  : uid=10027 com.google.android.gms.persistent identical 2 lines
09-11 13:00:17.038  3870  3870 W ChimeraUtils: Non Chimera context
09-11 13:00:17.053  3238  3959 D AccountManagerService: getUserAccounts0
09-11 13:00:17.053  3238  3959 D AccountManagerService: getUserAccounts0
09-11 13:00:17.063  4179  4877 I System.out: (HTTPLog)-Static: isSBSettingEnabled false
09-11 13:00:17.063  4179  4877 I System.out: (HTTPLog)-Static: isSBSettingEnabled false
09-11 13:00:17.064  2943  3065 D EnterpriseController: netId is 0
09-11 13:00:17.064  2943  3065 E Netd    : getNetworkForDns: getNetId from enterpriseCtrl is netid 0
09-11 13:00:17.064  2943  3065 D DnsProxyListener: DNSDBG::dns addrinfo af 2
09-11 13:00:17.067  4179  4877 D NetworkManagementSocketTagger: tagSocket(211) with statsTag=0xffffff04, statsUid=11312
09-11 13:00:17.080  3523  3523 D SecStatusBarWifiView: updateState: WifiIconState(resId=2131232673, visible=true, activityId=2131232679)
09-11 13:00:17.107  2804  2804 I display : [PrimaryDisplay] [DYNAMIC_RECOMP] first frame after HWC_2_GLES
09-11 13:00:17.107  2804  2804 I display : [PrimaryDisplay] [DYNAMIC_RECOMP] GLES_2_HWC by high FPS(5)
09-11 13:00:17.117  4179  4877 W Conscrypt: Could not set socket write timeout: java.net.SocketException: Socket closed
09-11 13:00:17.143  4179  4877 W Conscrypt:     at com.google.android.gms.org.conscrypt.Platform.setSocketWriteTimeout(:com.google.android.gms@19056035@19.0.56 (100306-262933554):2)
09-11 13:00:17.143  4179  4877 W Conscrypt:     at com.google.android.gms.org.conscrypt.ConscryptFileDescriptorSocket.setSoWriteTimeout(:com.google.android.gms@19056035@19.0.56 (100306-262933554):2)
09-11 13:00:17.359  4179  4877 W Conscrypt: Could not set socket write timeout: java.net.SocketException: Socket closed
09-11 13:00:17.359  4179  4877 W Conscrypt:     at com.google.android.gms.org.conscrypt.Platform.setSocketWriteTimeout(:com.google.android.gms@19056035@19.0.56 (100306-262933554):2)
09-11 13:00:17.359  4179  4877 W Conscrypt:     at com.google.android.gms.org.conscrypt.ConscryptFileDescriptorSocket.setSoWriteTimeout(:com.google.android.gms@19056035@19.0.56 (100306-262933554):2)
09-11 13:00:17.386  2804 12328 I display : [PrimaryDisplay] [DYNAMIC_RECOMP] HWC_2_GLES by low FPS(0)
09-11 13:00:17.656  4423  5010 E SDHMS:SDHMS_UTIL_IO: e = /sys/class/camera/rear/ssrm_camera_info (No such file or directory)
09-11 13:00:18.354  3238  3388 D WifiStateMachine: enter getWifiLinkLayerStats
09-11 13:00:18.355  3238  3388 I WifiVendorHal: getWifiLinkLayerStats(l.2989) before calling iface.getLinkLayerStats
09-11 13:00:18.355  2808  2808 I android.hardware.wifi@1.0-service: enter getLinkLayerStats
09-11 13:00:18.356  2808  2808 I android.hardware.wifi@1.0-service: enter getLinkLayerStatsInternal
09-11 13:00:18.361  4179  4877 I Backup  : [BackupHttpRequestUtil] Http Response Code: 200
09-11 13:00:18.370  4179  4877 I Backup  : [GmsBackupTransport] Got kv restore package: @pm@
09-11 13:00:18.371  3238  4336 D BackupManagerService: initiateOneRestore packageName=@pm@
09-11 13:00:18.373  2808  2808 I android.hardware.wifi@1.0-service: Successfully getLinkLayerStats.
09-11 13:00:18.374  4179  4877 I Backup  : [GmsBackupTransport] Unencrypted kv restore of @pm@
09-11 13:00:18.374  3238  3388 I WifiVendorHal: getWifiLinkLayerStats(l.2989) after calling iface.getLinkLayerStats
09-11 13:00:18.385  3238  3388 I WifiStateMachine: checkScoreBasedQuality -  mPreviousScore[0]:87 mPreviousScore[1]:93 mPreviousScore[2]:94 s2Score:91mPrevoiusScoreAverage:91
09-11 13:00:18.427  3238  4336 V BackupAgentTimeout: getRestoreAgentTimeoutMillis(): 60000
09-11 13:00:18.435  4179  4877 I Backup  : [GmsBackupTransport] Got full restore package: com.fieldtitan.droid.qa
09-11 13:00:18.435  3238  4336 I BackupManagerService: Next restore package: RestoreDescription{com.fieldtitan.droid.qa : STREAM}
09-11 13:00:18.438  4179  4877 I Backup  : [FullRestoreDataProcessorFac] Performing unencrypted restore for com.fieldtitan.droid.qa
09-11 13:00:18.462  3238 17446 D AccountManagerService: getUserAccounts0
09-11 13:00:18.473  3238 17446 D AccountManagerService: getUserAccounts0
09-11 13:00:18.476  4179  4877 I System.out: (HTTPLog)-Static: isSBSettingEnabled false
09-11 13:00:18.476  4179  4877 I System.out: (HTTPLog)-Static: isSBSettingEnabled false
09-11 13:00:18.478  2943  3065 D EnterpriseController: netId is 0
09-11 13:00:18.478  2943  3065 E Netd    : getNetworkForDns: getNetId from enterpriseCtrl is netid 0
09-11 13:00:18.478  2943  3065 D DnsProxyListener: DNSDBG::dns addrinfo af 2
09-11 13:00:18.513  4179  4877 D NetworkManagementSocketTagger: tagSocket(259) with statsTag=0xffffff04, statsUid=11312
09-11 13:00:18.528  4179  4877 W Conscrypt: Could not set socket write timeout: java.net.SocketException: Socket closed
09-11 13:00:18.530  4179  4877 W Conscrypt:     at com.google.android.gms.org.conscrypt.Platform.setSocketWriteTimeout(:com.google.android.gms@19056035@19.0.56 (100306-262933554):2)
09-11 13:00:18.530  4179  4877 W Conscrypt:     at com.google.android.gms.org.conscrypt.ConscryptFileDescriptorSocket.setSoWriteTimeout(:com.google.android.gms@19056035@19.0.56 (100306-262933554):2)
09-11 13:00:18.676  4179  4877 W Conscrypt: Could not set socket write timeout: java.net.SocketException: Socket closed
09-11 13:00:18.676  4179  4877 W Conscrypt:     at com.google.android.gms.org.conscrypt.Platform.setSocketWriteTimeout(:com.google.android.gms@19056035@19.0.56 (100306-262933554):2)
09-11 13:00:18.676  4179  4877 W Conscrypt:     at com.google.android.gms.org.conscrypt.ConscryptFileDescriptorSocket.setSoWriteTimeout(:com.google.android.gms@19056035@19.0.56 (100306-262933554):2)
09-11 13:00:19.120  3238  3387 D WifiTrafficPoller: TrafficStats TxPkts=62180 RxPkts=112989 TxBytes=5887140 RxBytes=146905619 , Foreground uid=10032 pkgName=com.google.android.packageinstaller TxPackets=0 RxPackets=0 TxBytes=0 RxBytes=0
09-11 13:00:19.487  4179  4877 I Backup  : [FullRestoreDownloader] Drive download http response status : 200
09-11 13:00:19.492  3238 17447 I BackupManagerService: Sig + version match; taking data
09-11 13:00:19.494  3238 17447 D BackupManagerService: Clearing app data preparatory to full restore
09-11 13:00:19.495  3238 17447 I ActivityManager: Force stopping com.fieldtitan.droid.qa appid=11312 user=0: clear data
09-11 13:00:19.500  3238 17447 I ActivityManager: KPU : put [com.samsung.android.ipsgeofence] : 6257 K
09-11 13:00:19.501  3238 17447 I ActivityManager: Killing 16383:com.samsung.android.ipsgeofence/5017 (adj 906): DHA:empty #25
09-11 13:00:19.503  3238  3257 W libprocessgroup: kill(-16383, 9) failed: No such process
09-11 13:00:19.506  3238 17447 D PackageManager: START CLEAR APPLICATION USER DATA: observer{210583589}
09-11 13:00:19.506  3238 17447 D PackageManager: pkg{com.fieldtitan.droid.qa}
09-11 13:00:19.506  3238 17447 D PackageManager: user{0}
09-11 13:00:19.508  2935  2935 E installd: clear cache/code_cache inode xattr, path: /data/data/com.fieldtitan.droid.qa ret=0: No such file or directory
09-11 13:00:19.510  3238  3257 W libprocessgroup: kill(-16383, 9) failed: No such process
09-11 13:00:19.511  3238  3254 I ActivityManager: Force stopping com.fieldtitan.droid.qa appid=11312 user=-1: clearApplicationUserData
09-11 13:00:19.513  2936  2936 I keystore: clear_uid 11312
09-11 13:00:19.514  2936  2936 D keymaster_tee: [DBG] (knox_secure_db.cpp:1173) command(48) : L1692
09-11 13:00:19.514  2936  2936 D keymaster_tee: [DBG] (knox_secure_db.cpp:1189) SELECT (CREATOR,ALIAS) WHERE CREATOR_UID=11312
09-11 13:00:19.516  3238  3257 W libprocessgroup: kill(-16383, 9) failed: No such process
09-11 13:00:19.520  2924  2924 I Zygote  : Process 16383 exited due to signal (9)
09-11 13:00:19.522  3238  3257 W libprocessgroup: kill(-16383, 9) failed: No such process
09-11 13:00:19.522  3238  3257 I libprocessgroup: Successfully killed process cgroup uid 5017 pid 16383 in 18ms
09-11 13:00:19.547  3238  3276 D PackageManager: result of clearing user data: succeeded{210583589}
09-11 13:00:19.547  3238  3408 W DeviceStorageMonitorService: updateBroadcasts(/data) oldLevel:0, newLevel:0, seq:1
09-11 13:00:19.548  3238  3408 W DeviceStorageMonitorService: updateBroadcasts_filenode(/data) fn_oldLevel:0, fn_newLevel:0, seq:1
09-11 13:00:19.552  3238  3238 D SamsungAlarmManager: Remove alarm for next reason : android.intent.action.PACKAGE_RESTARTED : package: com.fieldtitan.droid.qa
09-11 13:00:19.555  3474  3474 E Telephony: PhoneInterfaceManager: [PhoneIntfMgr] getCarrierPackageNamesForIntent: No UICC
09-11 13:00:19.555  3474  3474 D CarrierSvcBindHelper: No carrier app for: 0
09-11 13:00:19.556  3474  3474 E Telephony: PhoneInterfaceManager: [PhoneIntfMgr] getCarrierPackageNamesForIntent: No UICC
09-11 13:00:19.556  3474  3474 D CarrierSvcBindHelper: No carrier app for: 1
09-11 13:00:19.558  3238  3254 W BroadcastQueue: Background execution not allowed: receiving Intent { act=android.intent.action.PACKAGE_RESTARTED dat=package:com.fieldtitan.droid.qa flg=0x10 (has extras) } to android/com.kddi.android.CpaNotiReceiver
09-11 13:00:19.568  3870  3870 I GeofencerStateMachine: removeGeofences: removeRequest=RemoveGeofencingRequest[REMOVE_ALL packageName=com.fieldtitan.droid.qa]
