09-11 12:59:45.632  2820  2820 I Layer   : id=681 onRemoved 8995b6d com.estrongs.android.pop/com.estrongs.android.pop.app.BrowserDownloaderActivity#0
09-11 12:59:45.633  2820  3020 I SurfaceFlinger: id=675 Removed AppWindowToken{4cbad0f token=Token{a86b26e ActivityRecord{ee505e9 u0 com.estrongs.android.pop/.app.BrowserDownloaderActivity t1411}}}#0 (1/61)
09-11 12:59:45.649  2820  2820 I Layer   : id=675 onRemoved AppWindowToken{4cbad0f token=Token{a86b26e ActivityRecord{ee505e9 u0 com.estrongs.android.pop/.app.BrowserDownloaderActivity t1411}}}#0
09-11 12:59:45.885  3238  3387 D WifiTrafficPoller: TrafficStats TxPkts=62063 RxPkts=112844 TxBytes=5868179 RxBytes=146846872 , Foreground uid=10173 pkgName=com.estrongs.android.pop TxPackets=20615 RxPackets=41052 TxBytes=1083027 RxBytes=58956457
09-11 12:59:45.885  3238  3387 I WifiTrafficPoller: CpuCstateDisable Released.
09-11 12:59:45.939  2804 12328 I display : [PrimaryDisplay] [DYNAMIC_RECOMP] HWC_2_GLES by low FPS(0)
09-11 12:59:46.082  2946  2992 E storaged: getDiskStats failed with result NOT_SUPPORTED and size 0
09-11 12:59:46.096  3238  4509 D WifiPermissionsUtil: canAccessScanResults: pkgName = com.sec.android.sdhms, uid = 1000
09-11 12:59:46.194  3238  3238 D CustomFrequencyManagerService: releaseDVFSLockLocked : Getting Lock type frm List : DVFS_MIN_LIMIT  frequency : 1482000  uid : 1000  pid : 3238  tag : AMS_RESUME_TAIL@CPU_MIN@28
09-11 12:59:46.420  3238  3319 D SensorService: [SO] -0.086 0.278 9.802
09-11 12:59:46.894  3523  3523 D SecStatusBarWifiView: updateState: WifiIconState(resId=2131232673, visible=true, activityId=2131232698)
09-11 12:59:46.919  2804  2804 I display : [PrimaryDisplay] [DYNAMIC_RECOMP] first frame after HWC_2_GLES
09-11 12:59:46.920  2804  2804 I display : [PrimaryDisplay] [DYNAMIC_RECOMP] GLES_2_HWC by high FPS(5)
09-11 12:59:47.037  3238  3238 D Telecom:SamsungPrebindingServiceImpl: handleMessage 0
09-11 12:59:47.038  3238  3238 I Telecom:SamsungPrebindingServiceImpl: isSktTPhoneMode supportTPhone: false
09-11 12:59:47.038  3238  3238 I Telecom:SamsungPrebindingServiceImpl: needToKeepBinding - false - match not found
09-11 12:59:47.087 15890 15927 I System.out: (HTTPLog)-Static: isSBSettingEnabled false
09-11 12:59:47.150  3238  4509 D ConnectivityService: filterNetworkStateForUid() uid: 10045, pid: 15890
09-11 12:59:47.151  3238  4509 D ConnectivityService: filterNetworkStateForUid() uid: 10045, pid: 15890, networkInfo: [type: WIFI[], state: CONNECTED/CONNECTED, reason: (unspecified), extra: (none), failover: false, available: true, roaming: false]
09-11 12:59:47.087 15890 15927 I System.out: (HTTPLog)-Static: isSBSettingEnabled false
09-11 12:59:47.241  2804 12328 I display : [PrimaryDisplay] [DYNAMIC_RECOMP] HWC_2_GLES by low FPS(0)
09-11 12:59:47.504  4423  5010 E SDHMS:SDHMS_UTIL_IO: e = /sys/class/camera/rear/ssrm_camera_info (No such file or directory)
09-11 12:59:47.866  3238  7495 D GameManagerService: identifyGamePackage. com.estrongs.android.pop
09-11 12:59:47.866  3238  7495 D GamePkgDataHelper: getGamePkgData(). com.estrongs.android.pop
09-11 12:59:47.898  3523  3523 D SecStatusBarWifiView: updateState: WifiIconState(resId=2131232673, visible=true, activityId=2131232679)
09-11 12:59:47.921  2804  2804 I display : [PrimaryDisplay] [DYNAMIC_RECOMP] first frame after HWC_2_GLES
09-11 12:59:47.921  2804  2804 I display : [PrimaryDisplay] [DYNAMIC_RECOMP] GLES_2_HWC by high FPS(5)
09-11 12:59:48.103  3238  3388 D WifiStateMachine: enter getWifiLinkLayerStats
09-11 12:59:48.104  3238  3388 I WifiVendorHal: getWifiLinkLayerStats(l.2989) before calling iface.getLinkLayerStats
09-11 12:59:48.104  2808  2808 I android.hardware.wifi@1.0-service: enter getLinkLayerStats
09-11 12:59:48.104  2808  2808 I android.hardware.wifi@1.0-service: enter getLinkLayerStatsInternal
09-11 12:59:48.118  2808  2808 I android.hardware.wifi@1.0-service: Successfully getLinkLayerStats.
09-11 12:59:48.119  3238  3388 I WifiVendorHal: getWifiLinkLayerStats(l.2989) after calling iface.getLinkLayerStats
09-11 12:59:48.130  3238  3388 I WifiStateMachine: checkScoreBasedQuality -  mPreviousScore[0]:84 mPreviousScore[1]:83 mPreviousScore[2]:78 s2Score:80mPrevoiusScoreAverage:81
09-11 12:59:48.243  2804 12328 I display : [PrimaryDisplay] [DYNAMIC_RECOMP] HWC_2_GLES by low FPS(0)
09-11 12:59:48.900  3523  3523 D SecStatusBarWifiView: updateState: WifiIconState(resId=2131232673, visible=true, activityId=2131232698)
09-11 12:59:48.922  2804  2804 I display : [PrimaryDisplay] [DYNAMIC_RECOMP] first frame after HWC_2_GLES
09-11 12:59:48.922  2804  2804 I display : [PrimaryDisplay] [DYNAMIC_RECOMP] GLES_2_HWC by high FPS(5)
09-11 12:59:49.245  2804 12328 I display : [PrimaryDisplay] [DYNAMIC_RECOMP] HWC_2_GLES by low FPS(0)
09-11 12:59:49.465  2817  9575 V APM_AudioPolicyManager: getAudioPolicyConfig: audioParam;outDevice
09-11 12:59:49.466  2817  9575 V APM_AudioPolicyManager: getNewOutputDevice() selected device 0
09-11 12:59:49.466  2817  9575 V APM_AudioPolicyManager: ### curdevice : 2
09-11 12:59:49.709  4094  4094 D io_stats: !@ 179,0 r 241550 7938037 w 466398 4917964 d 12161 1012728 f 189306 189272 iot 318090 306674 th 51200 0 0 pt 0 inp 0 0 8664.694
09-11 12:59:49.931  3238  3387 D WifiTrafficPoller: TrafficStats TxPkts=62065 RxPkts=112846 TxBytes=5868544 RxBytes=146847173 , Foreground uid=10173 pkgName=com.estrongs.android.pop TxPackets=20615 RxPackets=41052 TxBytes=1083027 RxBytes=58956457
09-11 12:59:49.933  3523  3523 D SecStatusBarWifiView: updateState: WifiIconState(resId=2131232673, visible=true, activityId=2131232678)
09-11 12:59:49.956  2804  2804 I display : [PrimaryDisplay] [DYNAMIC_RECOMP] first frame after HWC_2_GLES
09-11 12:59:49.956  2804  2804 I display : [PrimaryDisplay] [DYNAMIC_RECOMP] GLES_2_HWC by high FPS(5)
09-11 12:59:50.247  2804 12328 I display : [PrimaryDisplay] [DYNAMIC_RECOMP] HWC_2_GLES by low FPS(0)
09-11 12:59:50.935  3523  3523 D SecStatusBarWifiView: updateState: WifiIconState(resId=2131232673, visible=true, activityId=2131232679)
09-11 12:59:50.958  2804  2804 I display : [PrimaryDisplay] [DYNAMIC_RECOMP] first frame after HWC_2_GLES
09-11 12:59:50.958  2804  2804 I display : [PrimaryDisplay] [DYNAMIC_RECOMP] GLES_2_HWC by high FPS(5)
09-11 12:59:51.131  3238  3388 D WifiStateMachine: enter getWifiLinkLayerStats
09-11 12:59:51.132  3238  3388 I WifiVendorHal: getWifiLinkLayerStats(l.2989) before calling iface.getLinkLayerStats
09-11 12:59:51.132  2808  2808 I android.hardware.wifi@1.0-service: enter getLinkLayerStats
09-11 12:59:51.132  2808  2808 I android.hardware.wifi@1.0-service: enter getLinkLayerStatsInternal
09-11 12:59:51.147  2808  2808 I android.hardware.wifi@1.0-service: Successfully getLinkLayerStats.
09-11 12:59:51.148  3238  3388 I WifiVendorHal: getWifiLinkLayerStats(l.2989) after calling iface.getLinkLayerStats
09-11 12:59:51.160  3238  3388 I WifiStateMachine: checkScoreBasedQuality -  mPreviousScore[0]:83 mPreviousScore[1]:78 mPreviousScore[2]:80 s2Score:82mPrevoiusScoreAverage:80
09-11 12:59:51.249  2804 12328 I display : [PrimaryDisplay] [DYNAMIC_RECOMP] HWC_2_GLES by low FPS(0)
09-11 12:59:51.939  3523  3523 D SecStatusBarWifiView: updateState: WifiIconState(resId=2131232673, visible=true, activityId=2131232698)
09-11 12:59:51.976  2804  2804 I display : [PrimaryDisplay] [DYNAMIC_RECOMP] first frame after HWC_2_GLES
09-11 12:59:51.976  2804  2804 I display : [PrimaryDisplay] [DYNAMIC_RECOMP] GLES_2_HWC by high FPS(5)
09-11 12:59:52.251  2804 12328 I display : [PrimaryDisplay] [DYNAMIC_RECOMP] HWC_2_GLES by low FPS(0)
09-11 12:59:52.329  3238  3505 D BatteryService: Sending ACTION_BATTERY_CHANGED. scale:100, info:{.chargerAcOnline = false, .chargerUsbOnline = true, .chargerWirelessOnline = false, .maxChargingCurrent = 0, .maxChargingVoltage = 0, .batteryStatus = CHARGING, .batteryHealth = GOOD, .batteryPresent = true, .batteryLevel = 59, .batteryVoltage = 3968, .batteryTemperature = 294, .batteryCurrent = 0, .batteryCycleCount = 0, .batteryFullCharge = 3000000, .batteryChargeCounter = 1773000, .batteryTechnology = Li-ion}
09-11 12:59:52.329  3238  3505 D BatteryService: online:4, current avg:285, charge type:1, POGO powered:false, power sharing:false, high voltage charger:false, charger_type:0, capacity:280000, batterySWSelfDischarging:false, misc_event:0, current_event:0, current_now:343
09-11 12:59:52.330  3238  3238 I MotionRecognitionService: Plugged
09-11 12:59:52.331  3238  3238 D MotionRecognitionService:   mCableConnection= 1
09-11 12:59:52.331  3238  3238 D MotionRecognitionService: setPowerConnected : mGripEnabled = false
09-11 12:59:52.331  3238  3238 D SamsungPhoneWindowManager: ACTION_BATTERY_CHANGED - Level :: 59, battStatus :: 2
09-11 12:59:52.332  3238  3238 D UsbDeviceManager: received ACTION_BATTERY_CHANGED
09-11 12:59:52.332  3238  3263 D UsbDeviceManager: handleMessage -> MSG_UPDATE_CHARGING_STATE = 1
09-11 12:59:52.333  3238  3263 D UsbDeviceManager: updateUsbNotification(false) : mConnected = true, mConfigured = true, mCurrentFunctions = 5, mHostConnected = false, mSourcePower = false, mSinkPower = false, mUsbCharging = true, mUseUsbNotification = true
09-11 12:59:52.333  3238  3263 D UsbDeviceManager: updateUsbNotification, set mCurrentFunctionsForNoti : mtp
09-11 12:59:52.334  3238  3263 D DexObserverFW: isDexModeOn() : false
09-11 12:59:52.334  3474  3474 D BigDataInfoController: Intent : android.intent.action.BATTERY_CHANGED
09-11 12:59:52.334  3238  3263 D DexObserverFW: isSemiDexModeOn() : false
09-11 12:59:52.334  3474  3474 D BigDataInfoController: Intent : android.intent.action.BATTERY_CHANGED
09-11 12:59:52.335  3523  3523 D KeyguardUpdateMonitor: received broadcast android.intent.action.BATTERY_CHANGED
09-11 12:59:52.335  3238  3263 D UsbDeviceManager: id=27, mUsbNotificationId=27, titleRes=17042116
09-11 12:59:52.337  3523  3523 D KeyguardUpdateMonitor: handleBatteryUpdate
09-11 12:59:52.344  2817 14216 V APM_AudioPolicyManager: AudioPolicyManager:setRecordSilenced(uid:10032, silenced:1)
09-11 12:59:52.349  3523  3523 D PhoneStatusBarView: isCenterDisplayCutOut: false
09-11 12:59:52.351  3523  3523 D PhoneStatusBarView: isCenterDisplayCutOut: false
09-11 12:59:52.353  3523  3523 I StackScroller: ADJUST STACK.TRANSLATION
09-11 12:59:52.354  3523  3523 I chatty  : uid=10009(com.sec.android.easyonehand) com.android.systemui identical 1 line
09-11 12:59:52.354  3523  3523 I StackScroller: ADJUST STACK.TRANSLATION
09-11 12:59:52.362  3523  3523 D PowerUI : priorPlugType = 2 mPlugType = 2 priorBatteryStatus = 2 mBatteryStatus = 2
09-11 12:59:52.362  3523  3523 D PowerUI.Notification: Charging estimate time is not supported and connected cable is normal cable charger, so return!
09-11 12:59:52.362  3523  3523 D PowerUI : Battery swelling mode - priorBatterySwellingMode = 0 mBatterySwellingMode = 0
09-11 12:59:52.377  2804  2804 I display : [PrimaryDisplay] [DYNAMIC_RECOMP] first frame after HWC_2_GLES
09-11 12:59:52.377  2804  2804 I display : [PrimaryDisplay] [DYNAMIC_RECOMP] GLES_2_HWC by high FPS(5)
09-11 12:59:52.652  2804 12328 I display : [PrimaryDisplay] [DYNAMIC_RECOMP] HWC_2_GLES by low FPS(4)
09-11 12:59:52.894  3238  3620 E Watchdog: !@Sync 288 [2019-09-11 12:59:52.894] FD count : 547
09-11 12:59:52.942  3523  3523 D SecStatusBarWifiView: updateState: WifiIconState(resId=2131232673, visible=true, activityId=2131232679)
09-11 12:59:52.979  2804  2804 I display : [PrimaryDisplay] [DYNAMIC_RECOMP] first frame after HWC_2_GLES
09-11 12:59:52.979  2804  2804 I display : [PrimaryDisplay] [DYNAMIC_RECOMP] GLES_2_HWC by high FPS(5)
09-11 12:59:53.253  2804 12328 I display : [PrimaryDisplay] [DYNAMIC_RECOMP] HWC_2_GLES by low FPS(0)
09-11 12:59:53.945  3523  3523 D SecStatusBarWifiView: updateState: WifiIconState(resId=2131232673, visible=true, activityId=2131232698)
09-11 12:59:53.979  2804  2804 I display : [PrimaryDisplay] [DYNAMIC_RECOMP] first frame after HWC_2_GLES
09-11 12:59:53.979  2804  2804 I display : [PrimaryDisplay] [DYNAMIC_RECOMP] GLES_2_HWC by high FPS(5)
09-11 12:59:54.159  3238  3388 D WifiStateMachine: enter getWifiLinkLayerStats
09-11 12:59:54.160  3238  3388 I WifiVendorHal: getWifiLinkLayerStats(l.2989) before calling iface.getLinkLayerStats
09-11 12:59:54.160  2808  2808 I android.hardware.wifi@1.0-service: enter getLinkLayerStats
09-11 12:59:54.161  2808  2808 I android.hardware.wifi@1.0-service: enter getLinkLayerStatsInternal
09-11 12:59:54.176  2808  2808 I android.hardware.wifi@1.0-service: Successfully getLinkLayerStats.
09-11 12:59:54.176  3238  3388 I WifiVendorHal: getWifiLinkLayerStats(l.2989) after calling iface.getLinkLayerStats
09-11 12:59:54.188  3238  3388 I WifiStateMachine: checkScoreBasedQuality -  mPreviousScore[0]:78 mPreviousScore[1]:80 mPreviousScore[2]:82 s2Score:81mPrevoiusScoreAverage:80
09-11 12:59:54.255  2804 12328 I display : [PrimaryDisplay] [DYNAMIC_RECOMP] HWC_2_GLES by low FPS(0)
09-11 12:59:54.715  4094  4094 D io_stats: !@ 179,0 r 241552 7938089 w 466426 4918220 d 12162 1012732 f 189307 189273 iot 318090 306683 th 51200 0 0 pt 0 inp 0 0 8669.701
09-11 12:59:54.868  4423  5053 D SDHMS:s : SIOP:: AP:271(317,40) BAT:294(294,0) CHG:0(0,0) USB:0(0,0) ATC:0(0,-999)
09-11 12:59:55.177  3238  3238 D StorageManagerService: getExternalStorageMountMode : 3
09-11 12:59:55.178  3238  3238 D StorageManagerService: getExternalStorageMountMode : 3
09-11 12:59:55.178  3238  3238 D StorageManagerService: getExternalStorageMountMode : final mountMode=3, uid : 10164, packageName : com.google.android.apps.photos
09-11 12:59:55.178  3238  3238 I ApplicationPolicy: isApplicationExternalStorageWhitelisted:com.google.android.apps.photos user:0
09-11 12:59:55.179  3238  3238 D ApplicationPolicy: isApplicationExternalStorageWhitelisted: DO is not enabled on user 0. Allowed.
09-11 12:59:55.179  3238  3238 D ActivityManager: package  com.google.android.apps.photos, user - 0 is SDcard whitelisted
09-11 12:59:55.179  3238  3238 I ApplicationPolicy: isApplicationExternalStorageBlacklisted:com.google.android.apps.photos user:0
09-11 12:59:55.179  3238  3238 D ApplicationPolicy: isApplicationExternalStorageBlacklisted: DO is not enabled on user 0. Allowed.
09-11 12:59:55.179  3238  3238 I ApplicationPolicy: isApplicationExternalStorageBlacklisted:com.google.android.apps.photos user:0
09-11 12:59:55.179  3238  3238 D ApplicationPolicy: isApplicationExternalStorageBlacklisted: DO is not enabled on user 0. Allowed.
09-11 12:59:55.209 17144 17144 E Zygote  : isWhitelistProcess - Process is Whitelisted
09-11 12:59:55.211  3238  3256 I ActivityManager: Start proc 17144:com.google.android.apps.photos/u0a164 for service com.google.android.apps.photos/com.google.android.libraries.social.mediamonitor.MediaMonitorJobSchedulerService
09-11 12:59:55.212 17144 17144 E Zygote  : accessInfo : 1
09-11 12:59:55.233 17144 17144 E oid.apps.photo: Not starting debugger since process cannot load the jdwp agent.
09-11 12:59:55.252  3238  4509 I ActivityManager: DSS on for com.google.android.apps.photos and scale is 1.0
09-11 12:59:55.290 17144 17144 I oid.apps.photo: The ClassLoaderContext is a special shared library.
09-11 12:59:55.317  3238  4509 D ConnectivityService: filterNetworkStateForUid() uid: 10173, pid: 16934
09-11 12:59:55.317  3238  4509 D ConnectivityService: filterNetworkStateForUid() uid: 10173, pid: 16934, networkInfo: [type: WIFI[], state: CONNECTED/CONNECTED, reason: (unspecified), extra: (none), failover: false, available: true, roaming: false]
09-11 12:59:55.318  3238  4509 D ConnectivityService: filterNetworkStateForUid() uid: 10173, pid: 16934
09-11 12:59:55.318  3238  4509 D ConnectivityService: filterNetworkStateForUid() uid: 10173, pid: 16934, networkInfo: [type: WIFI[], state: CONNECTED/CONNECTED, reason: (unspecified), extra: (none), failover: false, available: true, roaming: false]
09-11 12:59:55.329 17144 17144 W oid.apps.photo: JIT profile information will not be recorded: profile file does not exits.
09-11 12:59:55.329 17144 17144 W oid.apps.photo: JIT profile information will not be recorded: profile file does not exits.
09-11 12:59:55.372  3238  4509 D PackageManager: setEnabledSetting : userId = 0 packageName = com.google.android.apps.photos cmp = androidx.work.impl.background.systemjob.SystemJobService newState = 1 callingPackage = 10164/com.google.android.apps.photos
09-11 12:59:55.520  3238  4632 D ConnectivityService: filterNetworkStateForUid() uid: 10164, pid: 17144
09-11 12:59:55.521  3238  4632 D ConnectivityService: filterNetworkStateForUid() uid: 10164, pid: 17144, networkInfo: [type: WIFI[], state: CONNECTED/CONNECTED, reason: (unspecified), extra: (none), failover: false, available: true, roaming: false]
09-11 12:59:55.525  3238  3702 D ConnectivityService: filterNetworkStateForUid() uid: 10164, pid: 17144
09-11 12:59:55.525  3238  3702 D ConnectivityService: filterNetworkStateForUid() uid: 10164, pid: 17144, networkInfo: [type: WIFI[], state: CONNECTED/CONNECTED, reason: (unspecified), extra: (none), failover: false, available: true, roaming: false]
09-11 12:59:55.526  3238  4509 I SamsungAlarmManager: setLocked to kernel - T:2 / 20190911T130000, SetElapsed=58671587, nowELAPSED=58666733
09-11 12:59:55.526  3238  4509 I SamsungAlarmManager: setLocked to kernel - T:3 / 20190911T130000, SetElapsed=58671207, nowELAPSED=58666733
09-11 12:59:55.526  3238  4509 D SamsungAlarmManager: setExact Listener (T:2/F:0/AC:false) 20190911T125957 - CU:1000/CP:3238
09-11 12:59:55.526  3238  4509 I SamsungAlarmManager: setLocked to kernel - T:2 / 20190911T125957, SetElapsed=58668730, nowELAPSED=58666734
09-11 12:59:55.576  3238  3702 D ConnectivityService: filterNetworkStateForUid() uid: 10027, pid: 3870
09-11 12:59:55.576  3238  3702 D ConnectivityService: filterNetworkStateForUid() uid: 10027, pid: 3870, networkInfo: [type: WIFI[], state: CONNECTED/CONNECTED, reason: (unspecified), extra: (none), failover: false, available: true, roaming: false]
09-11 12:59:55.640  3238  3702 D JobServiceContext: sendStopMessageLocked stop reason: job rescheduled by app
09-11 12:59:55.669  3238  4509 W ActivityManager: No permission grants found for com.google.android.apps.photos
09-11 12:59:55.771  3238  4509 I chatty  : uid=1000(system) Binder:3238_10 identical 2 lines
09-11 12:59:55.772  3238  4509 W ActivityManager: No permission grants found for com.google.android.apps.photos
09-11 12:59:55.815  3238  3702 W ActivityManager: No permission grants found for com.google.android.apps.photos
09-11 12:59:55.815  3238  3702 W ActivityManager: No permission grants found for com.google.android.apps.photos
09-11 12:59:56.118  3238  3702 D WifiPermissionsUtil: canAccessScanResults: pkgName = com.sec.android.sdhms, uid = 1000
09-11 12:59:56.408 15890 15921 I Finsky  : [3919] joi.run(3): Stats for Executor: BlockingExecutor jpy@b07e941[Running, pool size = 2, active threads = 0, queued tasks = 0, completed tasks = 18]
09-11 12:59:56.409 15890 15921 I Finsky  : [3919] joi.run(3): Stats for Executor: LightweightExecutor jpy@4b64ee6[Running, pool size = 4, active threads = 0, queued tasks = 0, completed tasks = 66]
09-11 12:59:56.421  3238  3319 D SensorService: [SO] -0.072 0.235 9.802
09-11 12:59:56.613 15890 15921 I Finsky  : [3919] joi.run(3): Stats for Executor: bgExecutor jpy@98ddc27[Running, pool size = 4, active threads = 0, queued tasks = 0, completed tasks = 52]
09-11 12:59:57.174  3238  3363 D InputReader: Input event(11): value=1 when=8672.161020
09-11 12:59:57.174  3238  3363 I InputReader: Touch event's action is 0x0 (deviceType=0) [pCnt=1, s=0.203 ] when=8672.161020
09-11 12:59:57.175  3238  3362 I InputDispatcher: Delivering touch to (3523): action: 0x4, displayId: 0, '530620b', toolType: 1
09-11 12:59:57.175  3238  3362 I InputDispatcher: Delivering touch to (3523): action: 0x4, displayId: 0, '9ee45 S', toolType: 1
09-11 12:59:57.175  3238  3362 I clp-JNI : Add pinfo) 0
09-11 12:59:57.175  3238  3362 I InputDispatcher: Delivering touch to (16934): action: 0x0, displayId: 0, '94169c7', toolType: 1
09-11 12:59:57.176 16934 16934 D ViewRootImpl@11aed01[ShowDialogActivity]: ViewPostIme pointer 0
09-11 12:59:57.188  3238  3388 D WifiStateMachine: enter getWifiLinkLayerStats
09-11 12:59:57.188  3238  3388 I WifiVendorHal: getWifiLinkLayerStats(l.2989) before calling iface.getLinkLayerStats
09-11 12:59:57.189  2808  2808 I android.hardware.wifi@1.0-service: enter getLinkLayerStats
09-11 12:59:57.189  2808  2808 I android.hardware.wifi@1.0-service: enter getLinkLayerStatsInternal
09-11 12:59:57.202  2808  2808 I android.hardware.wifi@1.0-service: Successfully getLinkLayerStats.
09-11 12:59:57.202  3238  3388 I WifiVendorHal: getWifiLinkLayerStats(l.2989) after calling iface.getLinkLayerStats
09-11 12:59:57.210  3238  3388 I WifiStateMachine: checkScoreBasedQuality -  mPreviousScore[0]:80 mPreviousScore[1]:82 mPreviousScore[2]:81 s2Score:84mPrevoiusScoreAverage:81
09-11 12:59:57.233  3238  3363 D InputReader: Input event(11): value=0 when=8672.220466
09-11 12:59:57.233  3238  3363 I InputReader: Touch event's action is 0x1 (deviceType=0) [pCnt=1, s=] when=8672.220466
09-11 12:59:57.234  3238  3362 I clp-JNI : Add pinfo) 94169c7 com.estrongs.android.pop/com.estrongs.android.pop.app.ShowDialogActivity (server) : AppWindowToken{8c14fcf token=Token{396282e ActivityRecord{ad5baa9 u0 com.estrongs.android.pop/.app.ShowDialogActivity t1411}}} : 16934 : 10173 : 1
09-11 12:59:57.234  3238  3362 I clp-JNI : Add pinfo) 1
09-11 12:59:57.234  3238  3362 I InputDispatcher: Delivering touch to (16934): action: 0x1, displayId: 0, '94169c7', toolType: 1
09-11 12:59:57.234 16934 16934 D ViewRootImpl@11aed01[ShowDialogActivity]: ViewPostIme pointer 1
09-11 12:59:57.265  2804  2804 I display : [PrimaryDisplay] [DYNAMIC_RECOMP] first frame after HWC_2_GLES
09-11 12:59:57.265  2804  2804 I display : [PrimaryDisplay] [DYNAMIC_RECOMP] GLES_2_HWC by high FPS(5)
09-11 12:59:57.271  3238  3702 I ActivityManager: START u0 {act=null typ=null flg=0x0 cmp=ComponentInfo{com.estrongs.android.pop/com.estrongs.android.pop.app.ShowDialogActivity}} from uid 10173
09-11 12:59:57.277  3238  3702 D CustomFrequencyManagerService: acquireDVFSLockLocked : type : DVFS_MIN_LIMIT  frequency : 1482000  uid : 1000  pid : 3238  pkgName : AMS_ACT_START@CPU_MIN@22
09-11 12:59:57.277  3238  3702 D ActivityManagerPerformance: AMP_acquire() ACT_START
09-11 12:59:57.280  2820  2820 I SurfaceFlinger: id=725 createSurf (2960x2960),2 flag=4, AppWindowToken{995de80 token=Token{257ef03 ActivityRecord{4bbb3b2 u0 com.estrongs.android.pop/.app.ShowDialogActivity t1411}}}#0
09-11 12:59:57.291  2820  3020 E BufferQueueProducer: [com.estrongs.android.pop/com.estrongs.android.pop.app.ShowDialogActivity[16934]#0] disconnect: not connected (req=1)
09-11 12:59:57.291 16934 17001 W libEGL  : EGLNativeWindowType 0xc88c4008 disconnect failed
09-11 12:59:57.291 16934 17001 D OpenGLRenderer: eglDestroySurface = 0xc89427c0, 0xc88c4000
09-11 12:59:57.291 16934 16934 D ViewRootImpl@11aed01[ShowDialogActivity]: dispatchDetachedFromWindow
09-11 12:59:57.292  3238  3702 V WindowManager: Remove Window{94169c7 u0 com.estrongs.android.pop/com.estrongs.android.pop.app.ShowDialogActivity}: mSurfaceController=Surface(name=com.estrongs.android.pop/com.estrongs.android.pop.app.ShowDialogActivity[16934])/@0xa4e9e78 mAnimatingExit=false mRemoveOnExit=false mHasSurface=true surfaceShowing=true isAnimationSet=false app-animation=false mWillReplaceWindow=false inPendingTransaction=false mDisplayFrozen=false callers=com.android.server.wm.WindowState.removeIfPossible:2780 com.android.server.wm.WindowManagerService.removeWindow:1956 com.android.server.wm.Session.remove:268 android.view.IWindowSession$Stub.onTransact:347 com.android.server.wm.Session.onTransact:186 android.os.Binder.execTransact:739
09-11 12:59:57.292  3238  3702 I WindowManager: Cancelling animation restarting=true, leash=null, surface=Surface(name=94169c7 com.estrongs.android.pop/com.estrongs.android.pop.app.ShowDialogActivity)/@0x692e9ec, parent=Surface(name=AppWindowToken{8c14fcf token=Token{396282e ActivityRecord{ad5baa9 u0 com.estrongs.android.pop/.app.ShowDialogActivity t1411}}})/@0xd3d3c9a
09-11 12:59:57.292  3238  3702 I WindowManager: Reparenting to leash, surface=Surface(name=94169c7 com.estrongs.android.pop/com.estrongs.android.pop.app.ShowDialogActivity)/@0x692e9ec
09-11 12:59:57.293  2820  2820 I SurfaceFlinger: id=726 createSurf (2960x2960),2 flag=4, Surface(name=94169c7 com.estrongs.android.pop/com.estrongs.android.pop.app.ShowDialogActivity)/@0x692e9ec - animation-leash#0
09-11 12:59:57.294  3238  3702 D WindowManager: makeSurface duration=1 leash=Surface(name=Surface(name=94169c7 com.estrongs.android.pop/com.estrongs.android.pop.app.ShowDialogActivity)/@0x692e9ec - animation-leash)/@0x59aecb9
09-11 12:59:57.294  3238  3702 D SurfaceControl: reparent is called, sc=Surface(name=94169c7 com.estrongs.android.pop/com.estrongs.android.pop.app.ShowDialogActivity)/@0x692e9ec, newParentHandle=android.os.BinderProxy@72d58fe, transaction=android.view.SurfaceControl$Transaction@8e8dbbb
09-11 12:59:57.294  3238  3702 V WindowManager: Changing focus from Window{94169c7 u0 com.estrongs.android.pop/com.estrongs.android.pop.app.ShowDialogActivity EXITING} to Window{b27c360 u0 com.estrongs.android.pop/com.estrongs.android.pop.app.ShowDialogActivity} Callers=com.android.server.wm.WindowState.setupWindowForRemoveOnExit:2930 com.android.server.wm.WindowState.removeIfPossible:2901 com.android.server.wm.WindowState.removeIfPossible:2780 com.android.server.wm.WindowManagerService.removeWindow:1956
09-11 12:59:57.294  3238  3702 D StatusBarManagerService: notifyRequestedSystemKey recent=false home=false
09-11 12:59:57.299  2820  3020 D Layer   : [94169c7 com.estrongs.android.pop/com.estrongs.android.pop.app.ShowDialogActivity#0]::reparent oldParent:[AppWindowToken{8c14fcf token=Token{396282e ActivityRecord{ad5baa9 u0 com.estrongs.android.pop/.app.ShowDialogActivity t1411}}}#0], newParent:[Surface(name=94169c7 com.estrongs.android.pop/com.estrongs.android.pop.app.ShowDialogActivity)/@0x692e9ec - animation-leash#0]
09-11 12:59:57.299  3238  3702 D InputDispatcher: Focus left window (16934): 94169c7 0
09-11 12:59:57.299  3238  3702 D InputDispatcher: Focus entered window (16934): b27c360 0
09-11 12:59:57.299  3238  3702 D InputTransport: Input channel destroyed: fd=475
09-11 12:59:57.300 16934 16934 D InputTransport: Input channel destroyed: fd=89
09-11 12:59:57.302  3238  3265 D WindowManager: reportFocusChangedSerialized, focused=true, inTouchMode=true, win=Window{b27c360 u0 com.estrongs.android.pop/com.estrongs.android.pop.app.ShowDialogActivity}
09-11 12:59:57.303  3238  3265 D WindowManager: reportFocusChangedSerialized, focused=false, inTouchMode=true, win=Window{94169c7 u0 com.estrongs.android.pop/com.estrongs.android.pop.app.ShowDialogActivity EXITING}
09-11 12:59:57.304  3238  3702 I ActivityManager: mTimer start at this point for Notification solution
09-11 12:59:57.304  3238  3702 I ActivityManager: mTimer scheduling done
09-11 12:59:57.305  3238  3702 V WindowOrientationListener: getProposedRotation :-1
09-11 12:59:57.305  3238  3702 V WindowManager: rotationForOrientationLw(orient=5, last=0); user=0 USER_ROTATION_LOCKED sensorRotation=-1 mLidState=-1 mDockMode=0 mHdmiPlugged=false
09-11 12:59:57.307  3238  3702 D GamePkgDataHelper: notifyAppCreate(), pkgName: com.estrongs.android.pop, sendRet: true
09-11 12:59:57.307  3238  3467 D GamePkgDataHelper: getGamePkgData(). com.estrongs.android.pop
09-11 12:59:57.307  3238  3467 D GameManagerService: handleMessage(), MSG_APP_CREATE. ignore. pkgName: com.estrongs.android.pop
09-11 12:59:57.308  3238  3702 D InputDispatcher: Focused application set to: 995de80
09-11 12:59:57.309  3238  3702 V WindowManager: Changing focus from Window{b27c360 u0 com.estrongs.android.pop/com.estrongs.android.pop.app.ShowDialogActivity} to null Callers=com.android.server.wm.WindowManagerService.setFocusedApp:3148 com.android.server.am.ActivityManagerService.setResumedActivityUncheckLocked:4492 com.android.server.am.ActivityStack.onActivityStateChanged:560 com.android.server.am.TaskRecord.onActivityStateChanged:2200
09-11 12:59:57.309  3238  3702 D InputDispatcher: Focus left window (16934): b27c360 0
09-11 12:59:57.310  3238  3265 D WindowManager: reportFocusChangedSerialized, focused=false, inTouchMode=true, win=Window{b27c360 u0 com.estrongs.android.pop/com.estrongs.android.pop.app.ShowDialogActivity}
09-11 12:59:57.311  3238  3702 D GameManagerService: noteResumeComponent(), resumeComponent: com.estrongs.android.pop
09-11 12:59:57.311  3238  3702 D MARsPolicyManager: onPackageResumedFG pkgName = com.estrongs.android.pop, userId = 0
09-11 12:59:57.311  3238  3467 D GameManagerService: handleForegroundChange(). pkgName: com.estrongs.android.pop, clsName: com.estrongs.android.pop.app.ShowDialogActivity,FgActivityName:com.estrongs.android.pop/.app.ShowDialogActivity
09-11 12:59:57.311  3238  3467 D GameManagerService:   handleForegroundChange(). same package. game has never resumed yet. ignore
09-11 12:59:57.312  3238  3238 D Telecom:SamsungPrebindingServiceImpl: onTopActivityChanged : ComponentInfo{com.estrongs.android.pop/com.estrongs.android.pop.app.ShowDialogActivity}
09-11 12:59:57.315  3238  3255 D WindowManager: setSystemUiVisibility: vis= 0x8708, fullscreenVis= 0x0, dockedVis= 0x0, win=Window{4bfe03d u0 com.sec.android.app.launcher/com.sec.android.app.launcher.activities.LauncherActivity}
09-11 12:59:57.316  3238  3238 D Telecom:SamsungPrebindingServiceImpl: onTopActivityChanged : ComponentInfo{com.estrongs.android.pop/com.estrongs.android.pop.app.ShowDialogActivity}
09-11 12:59:57.316  3523  3523 D LightBarController: onNavigationVisibilityChanged : vis = 8708, nbModeChanged = false navigationBarMode = 4
09-11 12:59:57.316  3238  4632 D SamsungPhoneWindowManager: adjustSystemUiVisibilityLw: vis=0x8708
09-11 12:59:57.317  3238  4632 D InputManager-JNI: setSystemUiVisibility dexmode: false changed: true displayid: 0 visibility: 0x8708 DD: 0x8708 OD: 0x0
09-11 12:59:57.318  2820  2820 I SurfaceFlinger: Display 0 HWC layers:
09-11 12:59:57.318  2820  2820 I SurfaceFlinger:     type    |    handle    | flag |  format   |   source crop (l,t,r,b)    |         frame       | name
09-11 12:59:57.318  2820  2820 I SurfaceFlinger: ------------+--------------+------+-----------+----------------------------+---------------------+------
09-11 12:59:57.318  2820  2820 I SurfaceFlinger:      Device | 0xe5b1b240 | 0002 | RGBA_8888 | 380.0    0.0 1100.0 1480.0 |    0    0  720 1480 | com.android.systemui.ImageWallpaper[3523]#0
09-11 12:59:57.318  2820  2820 I SurfaceFlinger:      Client | 0xe5f53c80 | 0000 | RGBA_8888 |   0.0    0.0  720.0 1480.0 |    0    0  720 1480 | com.sec.android.app.launcher/com.sec[...].activities.LauncherActivity[4319]#0
09-11 12:59:57.318  2820  2820 I SurfaceFlinger:      Client |              | 0000 |  Unknown  |   0.0    0.0   -1.0   -1.0 |    0    0  720 1480 | Dim Layer for - Task=1411#1
09-11 12:59:57.318  2820  2820 I SurfaceFlinger:      Client | 0xe5f53bc0 | 0000 | RGBA_8888 |   0.0    0.0  502.0  218.0 |  109  607  611  825 | com.estrongs.android.pop/com.estrong[...].pop.app.ShowDialogActivity[16934]#1
09-11 12:59:57.318  2820  2820 I SurfaceFlinger:      Client | 0xe5f53ec0 | 0000 | RGBA_8888 |  64.0    0.0  784.0  646.0 |    0  393  720 1039 | com.estrongs.android.pop/com.estrong[...].pop.app.ShowDialogActivity[16934]#
09-11 12:59:57.318  2820  2820 I SurfaceFlinger: 0
09-11 12:59:57.318  2820  2820 I SurfaceFlinger:      Client | 0xe5f53a40 | 0000 | RGBA_8888 |   0.0    0.0  720.0   48.0 |    0    0  720   48 | StatusBar[3523]#0
09-11 12:59:57.318  2820  2820 I SurfaceFlinger:      Device | 0xe5f52780 | 0000 | RGBA_8888 |   0.0    0.0  720.0   96.0 |    0 1384  720 1480 | NavigationBar[3523]#0
09-11 12:59:57.318  2820  2820 I SurfaceFlinger:
09-11 12:59:57.321 16934 16934 D ViewRootImpl@ee73b39[ShowDialogActivity]: MSG_WINDOW_FOCUS_CHANGED 0 1
09-11 12:59:57.322 16934 16934 D InputMethodManager: prepareNavigationBarInfo() DecorView@ab0760c[ShowDialogActivity]
09-11 12:59:57.322 16934 16934 D InputMethodManager: getNavigationBarColor() -855310
09-11 12:59:57.322 16934 16934 E ViewRootImpl: sendUserActionEvent() returned.
09-11 12:59:57.322 16934 16934 W ActivityThread: handleWindowVisibility: no activity for token android.os.BinderProxy@b7c8a2e
09-11 12:59:57.327 16934 16934 I DecorView: mWindow.mActivityCurrentConfig is null.
09-11 12:59:57.327 16934 16934 I DecorView: createDecorCaptionView >> DecorView@34b1b3a[], isFloating: true, isApplication: true, hasWindowDecorCaption: false, hasWindowControllerCallback: true
09-11 12:59:57.340 16934 16934 D ScrollView: initGoToTop
09-11 12:59:57.356 16934 16934 E libEGL  : call to OpenGL ES API with no current context (logged once per thread)
09-11 12:59:57.366 16934 16934 W PackageParser: Unknown element under <manifest>: uses-library at /storage/emulated/0/Download/com.fieldtitan.droid.qa-Signed(2).apk Binary XML file line #10
09-11 12:59:57.370 16934 16934 W System.err: android.content.pm.PackageManager$NameNotFoundException: com.fieldtitan.droid.qa
09-11 12:59:57.371 16934 16934 W System.err:    at android.app.ApplicationPackageManager.getPackageInfoAsUser(ApplicationPackageManager.java:268)
09-11 12:59:57.371 16934 16934 W System.err:    at android.app.ApplicationPackageManager.getPackageInfo(ApplicationPackageManager.java:239)
09-11 12:59:57.371 16934 16934 W System.err:    at com.estrongs.android.ui.dialog.c$a.<init>(ApkPropertyDialog.java:142)
09-11 12:59:57.371 16934 16934 W System.err:    at com.estrongs.android.ui.dialog.c.<init>(ApkPropertyDialog.java:59)
09-11 12:59:57.371 16934 16934 W System.err:    at com.estrongs.android.pop.app.ShowDialogActivity.onCreate(ShowDialogActivity.java:168)
09-11 12:59:57.371 16934 16934 W System.err:    at android.app.Activity.performCreate(Activity.java:7340)
09-11 12:59:57.371 16934 16934 W System.err:    at android.app.Activity.performCreate(Activity.java:7331)
09-11 12:59:57.371 16934 16934 W System.err:    at android.app.Instrumentation.callActivityOnCreate(Instrumentation.java:1275)
09-11 12:59:57.371 16934 16934 W System.err:    at android.app.ActivityThread.performLaunchActivity(ActivityThread.java:3106)
09-11 12:59:57.371 16934 16934 W System.err:    at android.app.ActivityThread.handleLaunchActivity(ActivityThread.java:3269)
09-11 12:59:57.371 16934 16934 W System.err:    at android.app.servertransaction.LaunchActivityItem.execute(LaunchActivityItem.java:78)
09-11 12:59:57.371 16934 16934 W System.err:    at android.app.servertransaction.TransactionExecutor.executeCallbacks(TransactionExecutor.java:108)
09-11 12:59:57.371 16934 16934 W System.err:    at android.app.servertransaction.TransactionExecutor.execute(TransactionExecutor.java:68)
09-11 12:59:57.371 16934 16934 W System.err:    at android.app.ActivityThread$H.handleMessage(ActivityThread.java:1960)
09-11 12:59:57.371 16934 16934 W System.err:    at android.os.Handler.dispatchMessage(Handler.java:106)
09-11 12:59:57.371 16934 16934 W System.err:    at android.os.Looper.loop(Looper.java:214)
09-11 12:59:57.371 16934 16934 W System.err:    at android.app.ActivityThread.main(ActivityThread.java:7081)
09-11 12:59:57.371 16934 16934 W System.err:    at java.lang.reflect.Method.invoke(Native Method)
09-11 12:59:57.371 16934 16934 W System.err:    at com.android.internal.os.RuntimeInit$MethodAndArgsCaller.run(RuntimeInit.java:494)
09-11 12:59:57.371 16934 16934 W System.err:    at com.android.internal.os.ZygoteInit.main(ZygoteInit.java:965)
09-11 12:59:57.372 16934 16934 D Dialog  : mIsSamsungBasicInteraction = false
09-11 12:59:57.372 16934 16934 D Dialog  : mIsSamsungBasicInteraction = false, isMetaDataInActivity = false
09-11 12:59:57.380 16934 16934 I DecorView: mWindow.mActivityCurrentConfig is null.
09-11 12:59:57.380 16934 16934 I DecorView: createDecorCaptionView >> DecorView@e740eb4[], isFloating: true, isApplication: true, hasWindowDecorCaption: false, hasWindowControllerCallback: false
09-11 12:59:57.388  3238  4509 D InputTransport: Input channel constructed: fd=475
09-11 12:59:57.388  3238  4509 D InputTransport: Input channel constructed: fd=549
09-11 12:59:57.389  2820  2820 I SurfaceFlinger: id=727 createSurf (2960x2960),2 flag=4, 63e3b7b com.estrongs.android.pop/com.estrongs.android.pop.app.ShowDialogActivity#0
09-11 12:59:57.390  3238  4509 V WindowManager: Changing focus from null to Window{63e3b7b u0 com.estrongs.android.pop/com.estrongs.android.pop.app.ShowDialogActivity} Callers=com.android.server.wm.WindowManagerService.addWindow:1775 com.android.server.wm.Session.addToDisplayForTranslate:244 android.view.IWindowSession$Stub.onTransact:208 com.android.server.wm.Session.onTransact:186
09-11 12:59:57.390  3238  4509 D StatusBarManagerService: notifyRequestedSystemKey recent=false home=false
09-11 12:59:57.390  3238  3255 D WindowManager: setSystemUiVisibility: vis= 0x8008, fullscreenVis= 0x0, dockedVis= 0x0, win=Window{63e3b7b u0 com.estrongs.android.pop/com.estrongs.android.pop.app.ShowDialogActivity}
09-11 12:59:57.391  3523  3523 D LightBarController: onNavigationVisibilityChanged : vis = 8008, nbModeChanged = false navigationBarMode = 4
09-11 12:59:57.391  3238  4509 D InputDispatcher: Focus entered window (16934): 63e3b7b 0
09-11 12:59:57.391  3238  4509 D InputTransport: Input channel destroyed: fd=549
09-11 12:59:57.391  3238  3265 D WindowManager: reportFocusChangedSerialized, focused=true, inTouchMode=true, win=Window{63e3b7b u0 com.estrongs.android.pop/com.estrongs.android.pop.app.ShowDialogActivity}
09-11 12:59:57.391  3238  4632 D SamsungPhoneWindowManager: adjustSystemUiVisibilityLw: vis=0x8008
09-11 12:59:57.391  3238  4632 D InputManager-JNI: setSystemUiVisibility dexmode: false changed: true displayid: 0 visibility: 0x8008 DD: 0x8008 OD: 0x0
09-11 12:59:57.391 16934 16934 D InputTransport: Input channel constructed: fd=88
09-11 12:59:57.392 16934 16934 D ViewRootImpl@efa087f[ShowDialogActivity]: setView = DecorView@e740eb4[ShowDialogActivity] TM=true MM=false
09-11 12:59:57.397 16934 16934 D ViewRootImpl@efa087f[ShowDialogActivity]: stopped(false) old=false
09-11 12:59:57.402  3238  4632 D InputTransport: Input channel constructed: fd=549
09-11 12:59:57.402  3238  4632 D InputTransport: Input channel constructed: fd=550
09-11 12:59:57.403  2820  2820 I SurfaceFlinger: id=728 createSurf (2960x2960),2 flag=4, d0079f1 com.estrongs.android.pop/com.estrongs.android.pop.app.ShowDialogActivity#0
09-11 12:59:57.405  3238  4632 D InputTransport: Input channel destroyed: fd=550
09-11 12:59:57.405 16934 16934 D InputTransport: Input channel constructed: fd=89
09-11 12:59:57.405 16934 16934 D ViewRootImpl@e815538[ShowDialogActivity]: setView = DecorView@34b1b3a[ShowDialogActivity] TM=true MM=false
09-11 12:59:57.406 16934 16934 D ViewRootImpl@ee73b39[ShowDialogActivity]: MSG_WINDOW_FOCUS_CHANGED 0 0
09-11 12:59:57.424  3238  4509 V WindowManager: Relayout Window{63e3b7b u0 com.estrongs.android.pop/com.estrongs.android.pop.app.ShowDialogActivity}: viewVisibility=0 req=720x766 {(0,0)(fillxwrap) gr=CENTER sim={adjust=pan forwardNavigation} ty=APPLICATION fmt=TRANSLUCENT wanim=0x7f120006 surfaceInsets=Rect(64, 64 - 64, 64)
09-11 12:59:57.424  3238  4509 V WindowManager:   fl=DIM_BEHIND SPLIT_TOUCH HARDWARE_ACCELERATED
09-11 12:59:57.424  3238  4509 V WindowManager:   pfl= remains{ 0x1000000 }
09-11 12:59:57.424  3238  4509 V WindowManager:   vsysui=LIGHT_NAVIGATION_BAR naviIconColor=0}
09-11 12:59:57.427  2820  2820 D SurfaceFlinger: duplicate layer name: changing com.estrongs.android.pop/com.estrongs.android.pop.app.ShowDialogActivity[16934] to com.estrongs.android.pop/com.estrongs.android.pop.app.ShowDialogActivity[16934]#2
09-11 12:59:57.428  2820  2820 I SurfaceFlinger: id=729 createSurf (848x894),1 flag=4, com.estrongs.android.pop/com.estrongs.android.pop.app.ShowDialogActivity[16934]#2
09-11 12:59:57.428  3238  4509 D WindowManager: makeSurface duration=1 name=com.estrongs.android.pop/com.estrongs.android.pop.app.ShowDialogActivity[16934]
09-11 12:59:57.430 16934 16934 D ViewRootImpl@efa087f[ShowDialogActivity]: Relayout returned: old=[0,48][720,1384] new=[0,333][720,1099] result=0x7 surface={true 3364634624} changed=true
09-11 12:59:57.431 16934 17001 D mali_winsys: EGLint new_window_surface(egl_winsys_display *, void *, EGLSurface, EGLConfig, egl_winsys_surface **, EGLBoolean) returns 0x3000,  [848x894]-format:1
09-11 12:59:57.431 16934 17001 D OpenGLRenderer: eglCreateWindowSurface = 0xc89427c0, 0xc88c4008
09-11 12:59:57.436 16934 16934 D ScrollView:  onsize change changed
09-11 12:59:57.445  3238  4378 V WindowManager: Relayout Window{d0079f1 u0 com.estrongs.android.pop/com.estrongs.android.pop.app.ShowDialogActivity}: viewVisibility=0 req=374x90 {(0,0)(wrapxwrap) sim={adjust=pan forwardNavigation} ty=BASE_APPLICATION fmt=TRANSPARENT wanim=0x1030002 surfaceInsets=Rect(64, 64 - 64, 64)
09-11 12:59:57.445  3238  4378 V WindowManager:   fl=DIM_BEHIND SPLIT_TOUCH HARDWARE_ACCELERATED
09-11 12:59:57.445  3238  4378 V WindowManager:   pfl= remains{ 0x1000000 }
09-11 12:59:57.445  3238  4378 V WindowManager:   vsysui=LIGHT_NAVIGATION_BAR naviIconColor=0}
09-11 12:59:57.446  3238  4378 V WindowManager: Resize reasons for w=Window{63e3b7b u0 com.estrongs.android.pop/com.estrongs.android.pop.app.ShowDialogActivity}:  contentInsetsChanged=false [0,0][0,0] visibleInsetsChanged=false [0,0][0,0] stableInsetsChanged=false [0,0][0,0] outsetsChanged=false [0,0][0,0] surfaceResized=false configChanged=false dragResizingChanged=false reportOrientationChanged=false displayCutoutChanged=false nextForceRelayoutToClient=false
09-11 12:59:57.452  2820  2820 D SurfaceFlinger: duplicate layer name: changing com.estrongs.android.pop/com.estrongs.android.pop.app.ShowDialogActivity[16934] to com.estrongs.android.pop/com.estrongs.android.pop.app.ShowDialogActivity[16934]#3
09-11 12:59:57.452  2820  2820 I SurfaceFlinger: id=730 createSurf (502x218),1 flag=4, com.estrongs.android.pop/com.estrongs.android.pop.app.ShowDialogActivity[16934]#3
09-11 12:59:57.452  3238  4378 D WindowManager: makeSurface duration=4 name=com.estrongs.android.pop/com.estrongs.android.pop.app.ShowDialogActivity[16934]
09-11 12:59:57.454 16934 16934 D ViewRootImpl@e815538[ShowDialogActivity]: Relayout returned: old=[0,48][720,1384] new=[173,671][547,761] result=0x7 surface={true 3364632576} changed=true
09-11 12:59:57.455  3238  3309 I WindowManager: reset, Reparenting to original parent, shouldDeferScheduleAnimation=false, destroyLeash=true, surface=Surface(name=94169c7 com.estrongs.android.pop/com.estrongs.android.pop.app.ShowDialogActivity)/@0x692e9ec, parent=Surface(name=AppWindowToken{8c14fcf token=Token{396282e ActivityRecord{ad5baa9 u0 com.estrongs.android.pop/.app.ShowDialogActivity t1411}}})/@0xd3d3c9a, parentNativeHandle=android.os.BinderProxy@37fd020, caller=com.android.server.wm.SurfaceAnimator.lambda$getFinishedCallback$0:97 com.android.server.wm.-$$Lambda$SurfaceAnimator$SIBia0mND666K8lMCPsoid8pUTI.run:4 com.android.server.wm.SurfaceAnimator.lambda$getFinishedCallback$1:104 com.android.server.wm.-$$Lambda$SurfaceAnimator$vdRZk66hQVbQCvVXEaQCT1kVmFc.onAnimationFinished:4 com.android.server.wm.LocalAnimationAdapter.lambda$startAnimation$0:74
09-11 12:59:57.455  3238  3309 D SurfaceControl: reparent is called, sc=Surface(name=94169c7 com.estrongs.android.pop/com.estrongs.android.pop.app.ShowDialogActivity)/@0x692e9ec, newParentHandle=android.os.BinderProxy@37fd020, transaction=android.view.SurfaceControl$Transaction@8e8dbbb
09-11 12:59:57.456  3238  3309 D SurfaceControl: destroy(transaction), animation-leash is destroyed, sc=Surface(name=Surface(name=94169c7 com.estrongs.android.pop/com.estrongs.android.pop.app.ShowDialogActivity)/@0x692e9ec - animation-leash)/@0x59aecb9, transaction=android.view.SurfaceControl$Transaction@8e8dbbb, caller=com.android.server.wm.SurfaceAnimator.reset:338 com.android.server.wm.SurfaceAnimator.lambda$getFinishedCallback$0:97 com.android.server.wm.-$$Lambda$SurfaceAnimator$SIBia0mND666K8lMCPsoid8pUTI.run:4 com.android.server.wm.SurfaceAnimator.lambda$getFinishedCallback$1:104 com.android.server.wm.-$$Lambda$SurfaceAnimator$vdRZk66hQVbQCvVXEaQCT1kVmFc.onAnimationFinished:4 com.android.server.wm.LocalAnimationAdapter.lambda$startAnimation$0:74 com.android.server.wm.-$$Lambda$LocalAnimationAdapter$X--EomqUvw4qy89IeeTFTH7aCMo.run:4
09-11 12:59:57.456 16934 17001 D mali_winsys: EGLint new_window_surface(egl_winsys_display *, void *, EGLSurface, EGLConfig, egl_winsys_surface **, EGLBoolean) returns 0x3000,  [502x218]-format:1
09-11 12:59:57.456  3238  3309 E WindowManager: win=Window{94169c7 u0 com.estrongs.android.pop/com.estrongs.android.pop.app.ShowDialogActivity EXITING} destroySurfaces: appStopped=false win.mWindowRemovalAllowed=true win.mRemoveOnExit=true win.mViewVisibility=0 caller=com.android.server.wm.AppWindowToken.destroySurfaces:888 com.android.server.wm.AppWindowToken.destroySurfaces:869 com.android.server.wm.WindowState.onExitAnimationDone:5453 com.android.server.wm.WindowStateAnimator.onAnimationFinished:319 com.android.server.wm.WindowState.onAnimationFinished:5875 com.android.server.wm.-$$Lambda$yVRF8YoeNdTa8GR1wDStVsHu8xM.run:2 com.android.server.wm.SurfaceAnimator.lambda$getFinishedCallback$0:100
09-11 12:59:57.456 16934 17001 D OpenGLRenderer: eglCreateWindowSurface = 0xc43f7ce0, 0xc88c3808
09-11 12:59:57.456  3238  3309 I WindowManager: Destroying surface Surface(name=com.estrongs.android.pop/com.estrongs.android.pop.app.ShowDialogActivity[16934])/@0xa4e9e78 called by com.android.server.wm.WindowStateAnimator.destroySurface:1901 com.android.server.wm.WindowStateAnimator.destroySurfaceLocked:838 com.android.server.wm.WindowState.destroySurfaceUnchecked:3855 com.android.server.wm.WindowState.destroySurface:3836 com.android.server.wm.AppWindowToken.destroySurfaces:888 com.android.server.wm.AppWindowToken.destroySurfaces:869 com.android.server.wm.WindowState.onExitAnimationDone:5453 com.android.server.wm.WindowStateAnimator.onAnimationFinished:319
09-11 12:59:57.457  2820  2852 I SurfaceFlinger: id=712 Removed com.estrongs.android.pop/com.estrongs.android.pop.app.ShowDialogActivity[16934]#0 (0/66)
09-11 12:59:57.457  3238  3309 D WindowManager: clearSavedLeashOnCommit, savedLeash=Surface(name=Surface(name=94169c7 com.estrongs.android.pop/com.estrongs.android.pop.app.ShowDialogActivity)/@0x692e9ec - animation-leash)/@0x59aecb9, caller=com.android.server.wm.WindowContainer.removeImmediately:329 com.android.server.wm.WindowState.removeImmediately:2692 com.android.server.wm.WindowState.destroySurface:3839 com.android.server.wm.AppWindowToken.destroySurfaces:888 com.android.server.wm.AppWindowToken.destroySurfaces:869 com.android.server.wm.WindowState.onExitAnimationDone:5453
09-11 12:59:57.457 16934 16934 D ViewRootImpl@efa087f[ShowDialogActivity]: MSG_WINDOW_FOCUS_CHANGED 1 1
09-11 12:59:57.459  3238  3309 V WindowManager: Resize reasons for w=Window{d0079f1 u0 com.estrongs.android.pop/com.estrongs.android.pop.app.ShowDialogActivity}:  contentInsetsChanged=false [0,0][0,0] visibleInsetsChanged=false [0,0][0,0] stableInsetsChanged=false [0,0][0,0] outsetsChanged=false [0,0][0,0] surfaceResized=false configChanged=false dragResizingChanged=false reportOrientationChanged=false displayCutoutChanged=false nextForceRelayoutToClient=false
09-11 12:59:57.460  2820  2852 W SurfaceFlinger: Attempting to set client state on removed layer: com.estrongs.android.pop/com.estrongs.android.pop.app.ShowDialogActivity[16934]#0 [s.what : 40]
09-11 12:59:57.460  2820  2852 D Layer   : [94169c7 com.estrongs.android.pop/com.estrongs.android.pop.app.ShowDialogActivity#0]::reparent oldParent:[Surface(name=94169c7 com.estrongs.android.pop/com.estrongs.android.pop.app.ShowDialogActivity)/@0x692e9ec - animation-leash#0], newParent:[AppWindowToken{8c14fcf token=Token{396282e ActivityRecord{ad5baa9 u0 com.estrongs.android.pop/.app.ShowDialogActivity t1411}}}#0]
09-11 12:59:57.460  2820  2852 W SurfaceFlinger: Attempting to destroy on removed layer: com.estrongs.android.pop/com.estrongs.android.pop.app.ShowDialogActivity[16934]#0
09-11 12:59:57.460  2820  2852 I SurfaceFlinger: id=726 Removed Surface(name=94169c7 com.estrongs.android.pop/com.estrongs.android.pop.app.ShowDialogActivity)/@0x692e9ec - animation-leash#0 (2/65)
09-11 12:59:57.460  2820  2852 I SurfaceFlinger: id=710 Removed 94169c7 com.estrongs.android.pop/com.estrongs.android.pop.app.ShowDialogActivity#0 (1/64)
09-11 12:59:57.462 16934 16934 D InputMethodManager: prepareNavigationBarInfo() DecorView@e740eb4[ShowDialogActivity]
09-11 12:59:57.462 16934 16934 D InputMethodManager: getNavigationBarColor() -855310
09-11 12:59:57.463 16934 16934 D InputMethodManager: prepareNavigationBarInfo() DecorView@e740eb4[ShowDialogActivity]
09-11 12:59:57.463 16934 16934 D InputMethodManager: getNavigationBarColor() -855310
09-11 12:59:57.463 16934 16934 V InputMethodManager: Starting input: tba=com.estrongs.android.pop ic=null mNaviBarColor -855310 mIsGetNaviBarColorSuccess true , NavVisible : true , NavTrans : false
09-11 12:59:57.463 16934 16934 D InputMethodManager: startInputInner - Id : 0
09-11 12:59:57.463 16934 16934 I InputMethodManager: startInputInner - mService.startInputOrWindowGainedFocus
09-11 12:59:57.464  3238  4378 D InputMethodManagerService: startInputOrWindowGainedFocus : windowGainedFocus
09-11 12:59:57.464  3238  4378 D InputMethodManagerService: windowGainedFocus: destinationUserId (getCallingUid) = 0
09-11 12:59:57.464  3238  4378 D InputMethodManagerService: windowGainedFocus: currentUserId=0
09-11 12:59:57.464  3238  4378 D InputMethodManagerService: windowGainedFocus: mCurrentFocusedUserId=0
