09-11 13:00:21.081  3238  3238 I DomainFilter: onReceive() - Intent { act=android.intent.action.PACKAGE_ADDED dat=package:com.fieldtitan.droid.qa flg=0x4000010 (has extras) }
09-11 13:00:21.082  3238  3238 I DomainFilter: packageAdded() - packageName: com.fieldtitan.droid.qa, uid: 0
09-11 13:00:21.083  3238  3254 D StorageManagerService: getExternalStorageMountMode : 3
09-11 13:00:21.084  3238  3238 D AccessibilityManagerService: checkUniversalSwitchState start:
09-11 13:00:21.084  3238  3238 I AccessibilityManagerService: semIsAccessibilityServiceEnabled()
09-11 13:00:21.084  3238  3254 D StorageManagerService: getExternalStorageMountMode : 3
09-11 13:00:21.084  3238  3254 D StorageManagerService: getExternalStorageMountMode : final mountMode=3, uid : 1000, packageName : com.android.settings
09-11 13:00:21.084  3238  3254 I ApplicationPolicy: isApplicationExternalStorageWhitelisted:com.android.settings user:0
09-11 13:00:21.084  3238  3238 D AccessibilityManagerService: checkUniversalSwitchState universalSwitchEnabled:false
09-11 13:00:21.084  3238  3238 D AccessibilityManagerService: updateInputFilter universalSwitchState:false
09-11 13:00:21.084  3238  3254 D ApplicationPolicy: isApplicationExternalStorageWhitelisted: DO is not enabled on user 0. Allowed.
09-11 13:00:21.084  3238  3238 D AccessibilityManagerService: updateInputFilter userState.mIsUniversalSwitchEnabled:false
09-11 13:00:21.084  3238  3254 D ActivityManager: package  com.android.settings, user - 0 is SDcard whitelisted
09-11 13:00:21.084  3238  3254 I ApplicationPolicy: isApplicationExternalStorageBlacklisted:com.android.settings user:0
09-11 13:00:21.084  3238  3254 D ApplicationPolicy: isApplicationExternalStorageBlacklisted: DO is not enabled on user 0. Allowed.
09-11 13:00:21.084  3238  3254 I ApplicationPolicy: isApplicationExternalStorageBlacklisted:com.android.settings user:0
09-11 13:00:21.084  3238  3254 D ApplicationPolicy: isApplicationExternalStorageBlacklisted: DO is not enabled on user 0. Allowed.
09-11 13:00:21.086  3238  3238 D Telecom:SamsungPrebindingServiceImpl: onTopActivityChanged : ComponentInfo{com.google.android.packageinstaller/com.android.packageinstaller.DeleteStagedFileOnResult}
09-11 13:00:21.090  3238  3515 D ConnectivityService: filterNetworkStateForUid() uid: 10045, pid: 15890
09-11 13:00:21.091  3238  3515 D ConnectivityService: filterNetworkStateForUid() uid: 10045, pid: 15890, networkInfo: [type: WIFI[], state: CONNECTED/CONNECTED, reason: (unspecified), extra: (none), failover: false, available: true, roaming: false]
09-11 13:00:21.092  2804 12328 I display : [PrimaryDisplay] [DYNAMIC_RECOMP] HWC_2_GLES by low FPS(4)
09-11 13:00:21.106  3238  3238 D Telecom:SamsungPrebindingServiceImpl: onTopActivityChanged : ComponentInfo{com.google.android.packageinstaller/com.android.packageinstaller.InstallSuccess}
09-11 13:00:21.111 17624 17624 E Zygote  : isWhitelistProcess - Process is Whitelisted
09-11 13:00:21.114 17624 17624 E Zygote  : accessInfo : 1
09-11 13:00:21.122 17624 17624 E oid.sm.provide: Not starting debugger since process cannot load the jdwp agent.
09-11 13:00:21.155  3238  3253 D UsbProfileGroupSettingsManager: handlePackageAdded()
09-11 13:00:21.157  3238  3256 I ActivityManager: Start proc 17624:com.samsung.android.sm.provider/1000 for content provider com.samsung.android.lool/com.samsung.android.sm.database.SmProvider
09-11 13:00:21.157 17589 17589 D AASAservice-UpdateReceiver: onReceive() : android.intent.action.PACKAGE_ADDED
09-11 13:00:21.157 17589 17589 I AASAservice-IntentThread: Thread is null
09-11 13:00:21.158  3238  4638 I ActivityManager: DSS on for com.samsung.android.lool and scale is 1.0
09-11 13:00:21.159 17589 17589 I AASAservice-IntentThread: processIntentLocked() : android.intent.action.PACKAGE_ADDED
09-11 13:00:21.159 17589 17589 I AASAservice-UpdateReceiver: end of onReceive()
09-11 13:00:21.159  3238  3253 D UsbProfileGroupSettingsManager: handlePackageAddedLocked()
09-11 13:00:21.159 17589 17637 I AASAservice-IntentThread: doHandleMessage()
09-11 13:00:21.161 17589 17637 E AASAservice-TokenRule: parseToken() : TokenFile is null
09-11 13:00:21.161 17589 17637 D AASAservice-IntentThread: AASAIntentThread() : package = com.fieldtitan.droid.qa, uid = -1
09-11 13:00:21.161 17589 17637 D AASAservice-AASABinder: notifyUpdateRestrictList()
09-11 13:00:21.162  3238  3702 E AASATokenParser: set xml file does not exist
09-11 13:00:21.162  3238  3253 D UsbProfileGroupSettingsManager: handlePackageAddedLocked()
09-11 13:00:21.163 17603 17603 I rosoft.skydriv: The ClassLoaderContext is a special shared library.
09-11 13:00:21.169  3238  3702 I AASAASKS: no restrict set matched to DATE
09-11 13:00:21.165  3238  3253 I chatty  : uid=1000(system) android.bg identical 73 lines
09-11 13:00:21.165  3238  3253 D UsbProfileGroupSettingsManager: handlePackageAddedLocked()
09-11 13:00:21.170 17589 17637 I AASAservice-IntentThread: AASAIntentThread() : BLOCK BY PACKAGE
09-11 13:00:21.170 17589 17637 E AASAservice-IntentThread: AASAIntentThread : myrule is null.
09-11 13:00:21.176 15890 15890 I Finsky  : [2] sby.a(7): Jobs in database: 1-1337 12-1 26-1414141414
09-11 13:00:21.181 15890 15890 I Finsky  : [2] rze.a(59): ConstraintMapping: 1-1337, 12-1,  -> L: 14640ms, D: 43295158ms, C: false, I: false, N: 1
09-11 13:00:21.182 15890 15890 I Finsky  : [2] rze.a(59): ConstraintMapping: 26-1414141414,  -> L: 32355892ms, D: 33255892ms, C: false, I: false, N: 0
09-11 13:00:21.182 17638 17638 E Zygote  : isWhitelistProcess - Process is Whitelisted
09-11 13:00:21.183 17638 17638 E Zygote  : accessInfo : 1
09-11 13:00:21.191 17638 17638 E ndroid.setting: Not starting debugger since process cannot load the jdwp agent.
09-11 13:00:21.233  3238  3253 D MediaSessionService: Received change in packages, intent=Intent { act=android.intent.action.PACKAGE_ADDED dat=package:com.fieldtitan.droid.qa flg=0x4000010 (has extras) }
09-11 13:00:21.234  3238  4638 W ActivityManager: Slow operation: 77ms so far, now at attachApplicationLocked: before bindApplication
09-11 13:00:21.235  3238  4638 W ActivityManager: Slow operation: 77ms so far, now at attachApplicationLocked: immediately before bindApplication
09-11 13:00:21.235  3238  3253 E AutofillManagerServiceImpl: Bad AutofillService name: none
09-11 13:00:21.236  3238  3253 D MetaDataCollector: onReceive: begin action=android.intent.action.PACKAGE_ADDED
09-11 13:00:21.236  3238  3253 D MetaDataCollector: onReceive: done pkgName=com.fieldtitan.droid.qa
09-11 13:00:21.236  3238  4638 W ActivityManager: Slow operation: 79ms so far, now at attachApplicationLocked: immediately after bindApplication
09-11 13:00:21.236  3238  4638 W ActivityManager: Slow operation: 79ms so far, now at attachApplicationLocked: after updateLruProcessLocked
09-11 13:00:21.237  3238  4638 W ActivityManager: Slow operation: 80ms so far, now at attachApplicationLocked: after mServices.attachApplicationLocked
09-11 13:00:21.240  3238  4638 W ActivityManager: Slow operation: 83ms so far, now at attachApplicationLocked: after updateOomAdjLocked
09-11 13:00:21.245 17603 17603 I MAMInfo : MAMInfo initialized. Debug=false, UseTestAgent=false, ManagedDialogDisabled=false, DeprecationDialogDisabled=false, PolicyRequired=false, MultiIdentityEnabled=true, FullBackupContent=true, UseDefaultEnrollment=false, ExceptionOnInit=false, Debuggable=false
09-11 13:00:21.246  3238  3256 I ActivityManager: Start proc 17638:com.android.settings/1000 for broadcast com.android.settings/com.samsung.android.settings.applications.cachedb.AppListProviderReceiver
09-11 13:00:21.248  3238  4639 D InputTransport: Input channel constructed: fd=557
09-11 13:00:21.248  3238  4639 D InputTransport: Input channel constructed: fd=558
09-11 13:00:21.249  3238  4714 I ActivityManager: DSS on for com.android.settings and scale is 1.0
09-11 13:00:21.250  4319  4319 D Launcher.Model: onPackageAdded:com.fieldtitan.droid.qa, user:UserHandle{0}
09-11 13:00:21.250  2820  2820 I SurfaceFlinger: id=762 createSurf (2960x2960),2 flag=4, 20c03ca com.google.android.packageinstaller/com.android.packageinstaller.InstallSuccess#0
09-11 13:00:21.251  4319  4319 D Launcher.Model: isValidStateInKnoxMode:false user:UserHandle{0}
09-11 13:00:21.251  4319  4319 D SuggestedItemsProvider: onPackageAdded: com.fieldtitan.droid.qa
09-11 13:00:21.252  4319  4419 D Launcher.Model: Loader.addPackage com.fieldtitan.droid.qa
09-11 13:00:21.253  3238  4639 D InputTransport: Input channel destroyed: fd=558
09-11 13:00:21.253 13972 13972 D InputTransport: Input channel constructed: fd=63
09-11 13:00:21.253  4319  4419 D KnoxHelper: getActivityList callingUserId: 0, target user: 0
09-11 13:00:21.253 13972 13972 D ViewRootImpl@784aa95[InstallSuccess]: setView = DecorView@b9b08b4[InstallSuccess] TM=true MM=false
09-11 13:00:21.255 17603 17603 I MultiDex: VM with version 2.1.0 has multidex support
09-11 13:00:21.255 17603 17603 I MultiDex: install
09-11 13:00:21.255 17603 17603 I MultiDex: VM has multidex support, MultiDex support library is disabled.
09-11 13:00:21.263  2804  2804 I display : [PrimaryDisplay] [DYNAMIC_RECOMP] first frame after HWC_2_GLES
09-11 13:00:21.263  2804  2804 I display : [PrimaryDisplay] [DYNAMIC_RECOMP] GLES_2_HWC by high FPS(5)
09-11 13:00:21.329  3238  3703 D PackageManager: getComponentMetadataForIconTray : md5da2654c04b8c49dc825b97cfa307ae57.SplashActivity does not exist in mServices
09-11 13:00:21.329  3238  3703 D PackageManager: getComponentMetadataForIconTray : md5da2654c04b8c49dc825b97cfa307ae57.SplashActivity does not exist in mProviders
09-11 13:00:21.329  3238  3703 D PackageManager: getComponentMetadataForIconTray : md5da2654c04b8c49dc825b97cfa307ae57.SplashActivity does not exist in mReceivers
09-11 13:00:21.330 13972 13972 D ViewRootImpl@86cdbfa[InstallInstalling]: MSG_WINDOW_FOCUS_CHANGED 0 1
09-11 13:00:21.330 13972 13972 D InputMethodManager: prepareNavigationBarInfo() DecorView@2164a78[InstallInstalling]
09-11 13:00:21.330 13972 13972 D InputMethodManager: getNavigationBarColor() -855310
09-11 13:00:21.332 13972 13972 W Activity: AppLock checkAppLockState locked:false verifying:false pkgName = com.google.android.packageinstaller isInMultiWindowMode:false showWhenLocked:false
09-11 13:00:21.333  4319  4419 I AppIconSolution: load=NULL, bg=144-144, dr=769-769, forDefault=true, density=480
09-11 13:00:21.334  3238  3959 D PackageManager: setEnabledSetting : userId = 0 packageName = com.google.android.gms cmp = com.google.android.gms.people.pub.PeopleProfileActionGatewayActivity newState = 1 callingPackage = 10027/com.google.android.gms
09-11 13:00:21.337  3238  4634 D SecContentProvider2: query(), uri = 18 selection = isCopyContactToSimAllowed
09-11 13:00:21.338  3238  4634 D SecContentProvider2: isCopyContactToSimAllowed = true
09-11 13:00:21.339 17624 17624 I oid.sm.provide: The ClassLoaderContext is a special shared library.
09-11 13:00:21.340  4319  4419 I AppIconSolution: reset dr=216,216, bg=216,216
09-11 13:00:21.343 17624 17624 I oid.sm.provide: The ClassLoaderContext is a special shared library.
09-11 13:00:21.348  3238  3702 I SamsungAlarmManager: setLocked to kernel - T:2 / 20190911T130159, SetElapsed=58790440, nowELAPSED=58692555
09-11 13:00:21.346 17624 17624 I oid.sm.provide: The ClassLoaderContext is a special shared library.
09-11 13:00:21.348 17638 17638 I ndroid.setting: The ClassLoaderContext is a special shared library.
09-11 13:00:21.348  3238  3702 I SamsungAlarmManager: setLocked to kernel - T:3 / 20190911T130100, SetElapsed=58731207, nowELAPSED=58692555
09-11 13:00:21.348  3238  4638 V WindowManager: Relayout Window{20c03ca u0 com.google.android.packageinstaller/com.android.packageinstaller.InstallSuccess}: viewVisibility=0 req=720x1480 {(0,0)(fillxfill) sim={adjust=pan forwardNavigation} ty=BASE_APPLICATION
09-11 13:00:21.348  3238  4638 V WindowManager:   fl=LAYOUT_IN_SCREEN LAYOUT_INSET_DECOR SPLIT_TOUCH HARDWARE_ACCELERATED DRAWS_SYSTEM_BAR_BACKGROUNDS
09-11 13:00:21.348  3238  4638 V WindowManager:   pfl=FORCE_DRAW_STATUS_BAR_BACKGROUND  remains{ 0x1000000 }
09-11 13:00:21.348  3238  4638 V WindowManager:   vsysui=LIGHT_NAVIGATION_BAR naviIconColor=0}
09-11 13:00:21.348  3238  4741 D StorageManagerService: getExternalStorageMountMode : 3
09-11 13:00:21.348  3238  3702 D SamsungAlarmManager: setInexact Listener (T:2/F:0/AC:false) 20190911T130159 - CU:1000/CP:3238
09-11 13:00:21.349  3238  4741 D StorageManagerService: getExternalStorageMountMode : 3
09-11 13:00:21.349  3238  3702 I SamsungAlarmManager: setLocked to kernel - T:2 / 20190911T130159, SetElapsed=58790440, nowELAPSED=58692556
09-11 13:00:21.349  3238  3702 I SamsungAlarmManager: setLocked to kernel - T:3 / 20190911T130100, SetElapsed=58731207, nowELAPSED=58692556
09-11 13:00:21.349  3238  4741 D StorageManagerService: getExternalStorageMountMode : final mountMode=3, uid : 1000, packageName : com.samsung.android.bbc.bbcagent
09-11 13:00:21.349  3238  4741 I ApplicationPolicy: isApplicationExternalStorageWhitelisted:com.samsung.android.bbc.bbcagent user:0
09-11 13:00:21.349  3238  4741 D ApplicationPolicy: isApplicationExternalStorageWhitelisted: DO is not enabled on user 0. Allowed.
09-11 13:00:21.349  3238  4741 D ActivityManager: package  com.samsung.android.bbc.bbcagent, user - 0 is SDcard whitelisted
09-11 13:00:21.349  3238  4741 I ApplicationPolicy: isApplicationExternalStorageBlacklisted:com.samsung.android.bbc.bbcagent user:0
09-11 13:00:21.349  3238  4741 D ApplicationPolicy: isApplicationExternalStorageBlacklisted: DO is not enabled on user 0. Allowed.
09-11 13:00:21.349  3238  4741 I ApplicationPolicy: isApplicationExternalStorageBlacklisted:com.samsung.android.bbc.bbcagent user:0
09-11 13:00:21.349  3238  4741 D ApplicationPolicy: isApplicationExternalStorageBlacklisted: DO is not enabled on user 0. Allowed.
09-11 13:00:21.349  2905  2905 E audit   : type=1400 audit(1568187021.341:384): avc:  denied  { write } for  pid=17624 comm="oid.sm.provider" name="com.samsung.android.lool-jTEvlg8CaSzWVEqvwlzBvw==" dev="dm-3" ino=254 scontext=u:r:system_app:s0 tcontext=u:object_r:apk_data_file:s0 tclass=dir permissive=0 SEPF_SM-J600G_9_0004 audit_filtered
09-11 13:00:21.349  2905  2905 E audit   : type=1400 audit(1568187021.341:385): avc:  denied  { write } for  pid=17624 comm="oid.sm.provider" name="com.samsung.android.lool-jTEvlg8CaSzWVEqvwlzBvw==" dev="dm-3" ino=254 scontext=u:r:system_app:s0 tcontext=u:object_r:apk_data_file:s0 tclass=dir permissive=0 SEPF_SM-J600G_9_0004 audit_filtered
09-11 13:00:21.351 17638 17638 I ndroid.setting: The ClassLoaderContext is a special shared library.
09-11 13:00:21.354  3238  3248 D SecContentProvider2: query(), uri = 18 selection = isCopyContactToSimAllowed
09-11 13:00:21.354 17638 17638 I ndroid.setting: The ClassLoaderContext is a special shared library.
09-11 13:00:21.355  3238  3248 D SecContentProvider2: isCopyContactToSimAllowed = true
09-11 13:00:21.357  4319  4419 I AppIconSolution: scaled rate=201.0, size=216, alpha=0, hold=102
09-11 13:00:21.359  2820  2820 I SurfaceFlinger: id=763 createSurf (720x1480),1 flag=404, com.google.android.packageinstaller/com.android.packageinstaller.InstallSuccess[13972]#0
09-11 13:00:21.361  3238  3702 I SamsungAlarmManager: setLocked to kernel - T:2 / 20190911T130159, SetElapsed=58790440, nowELAPSED=58692568
09-11 13:00:21.361  3238  3702 I SamsungAlarmManager: setLocked to kernel - T:3 / 20190911T130100, SetElapsed=58731207, nowELAPSED=58692568
09-11 13:00:21.361  3238  4638 D WindowManager: makeSurface duration=3 name=com.google.android.packageinstaller/com.android.packageinstaller.InstallSuccess[13972]
09-11 13:00:21.361  3238  3702 D SamsungAlarmManager: setInexact Listener (T:2/F:0/AC:false) 20190911T131326 - CU:1000/CP:3238
09-11 13:00:21.362  3238  4638 V WindowManager: Changing focus from null to Window{20c03ca u0 com.google.android.packageinstaller/com.android.packageinstaller.InstallSuccess} Callers=com.android.server.wm.WindowManagerService.relayoutWindow:2538 com.android.server.wm.Session.relayoutForTranslate:302 android.view.IWindowSession$Stub.onTransact:518 com.android.server.wm.Session.onTransact:186
09-11 13:00:21.362  3238  4638 D StatusBarManagerService: notifyRequestedSystemKey recent=false home=false
09-11 13:00:21.362  3238  3255 D WindowManager: setSystemUiVisibility: vis= 0x8018, fullscreenVis= 0x0, dockedVis= 0x0, win=Window{20c03ca u0 com.google.android.packageinstaller/com.android.packageinstaller.InstallSuccess}
09-11 13:00:21.363  3238  3702 I SamsungAlarmManager: setLocked to kernel - T:2 / 20190911T130159, SetElapsed=58790440, nowELAPSED=58692570
09-11 13:00:21.363  3238  3702 I SamsungAlarmManager: setLocked to kernel - T:3 / 20190911T130100, SetElapsed=58731207, nowELAPSED=58692570
09-11 13:00:21.364  3238  4638 D InputDispatcher: Focus entered window (13972): 20c03ca 0
09-11 13:00:21.364  3238  3238 W Looper  : Drained
09-11 13:00:21.367  3238  3959 D SecContentProvider2: query(), uri = 18 selection = isCopyContactToSimAllowed
09-11 13:00:21.368  3238  4634 I SamsungAlarmManager: setLocked to kernel - T:2 / 20190911T130159, SetElapsed=58790440, nowELAPSED=58692575
09-11 13:00:21.368  3238  4634 I SamsungAlarmManager: setLocked to kernel - T:3 / 20190911T130100, SetElapsed=58731207, nowELAPSED=58692575
09-11 13:00:21.368  3238  4634 D SamsungAlarmManager: setInexact Listener (T:2/F:0/AC:false) 20190911T130159 - CU:1000/CP:3238
09-11 13:00:21.368  3238  3959 D SecContentProvider2: isCopyContactToSimAllowed = true
09-11 13:00:21.368  3238  4634 I SamsungAlarmManager: setLocked to kernel - T:2 / 20190911T130159, SetElapsed=58790440, nowELAPSED=58692576
09-11 13:00:21.369  3238  4634 I SamsungAlarmManager: setLocked to kernel - T:3 / 20190911T130100, SetElapsed=58731207, nowELAPSED=58692576
09-11 13:00:21.369  3238  3265 D WindowManager: reportFocusChangedSerialized, focused=true, inTouchMode=true, win=Window{20c03ca u0 com.google.android.packageinstaller/com.android.packageinstaller.InstallSuccess}
09-11 13:00:21.369 13972 13972 D ViewRootImpl@784aa95[InstallSuccess]: Relayout returned: old=[0,0][720,1480] new=[0,0][720,1480] result=0x7 surface={true 3399372800} changed=true
09-11 13:00:21.372  4319  4419 I AppIconSolution: load=NULL-crop, bg=216-216, dr=216-216
09-11 13:00:21.372  3238  4634 I SamsungAlarmManager: setLocked to kernel - T:2 / 20190911T130159, SetElapsed=58790440, nowELAPSED=58692579
09-11 13:00:21.372  3238  4634 I SamsungAlarmManager: setLocked to kernel - T:3 / 20190911T130059, SetElapsed=58731207, nowELAPSED=58692580
09-11 13:00:21.373  3238  4634 D SamsungAlarmManager: setInexact Listener (T:2/F:0/AC:false) 20190911T131326 - CU:1000/CP:3238
09-11 13:00:21.373  3238  4634 I SamsungAlarmManager: setLocked to kernel - T:2 / 20190911T130159, SetElapsed=58790440, nowELAPSED=58692580
09-11 13:00:21.374 13972 13997 D mali_winsys: EGLint new_window_surface(egl_winsys_display *, void *, EGLSurface, EGLConfig, egl_winsys_surface **, EGLBoolean) returns 0x3000,  [720x1480]-format:1
09-11 13:00:21.374 13972 13997 D OpenGLRenderer: eglCreateWindowSurface = 0xca389660, 0xca9e5008
09-11 13:00:21.374  3238  4634 I SamsungAlarmManager: setLocked to kernel - T:3 / 20190911T130100, SetElapsed=58731207, nowELAPSED=58692581
09-11 13:00:21.375 15890 15890 I Finsky  : [2] sbh.a(48): Cancelling existing jobscheduler jobs: 9003 9000
09-11 13:00:21.376 15890 15890 I Finsky  : [2] sbh.a(30): Scheduling job Id: 9001, L: 14640, D: 43295158, C: false, I: false, N: 1
09-11 13:00:21.379  3238  4374 D ConnectivityService: filterNetworkStateForUid() uid: 10045, pid: 3238
09-11 13:00:21.379  3238  4374 D ConnectivityService: filterNetworkStateForUid() uid: 10045, pid: 3238, networkInfo: [type: WIFI[], state: CONNECTED/CONNECTED, reason: (unspecified), extra: (none), failover: false, available: true, roaming: false]
09-11 13:00:21.379 17638 17638 I ndroid.setting: The ClassLoaderContext is a special shared library.
09-11 13:00:21.380 17657 17657 E Zygote  : isWhitelistProcess - Process is Whitelisted
09-11 13:00:21.381 17657 17657 E Zygote  : accessInfo : 1
09-11 13:00:21.381  3238  4636 D SecContentProvider2: query(), uri = 18 selection = isCopyContactToSimAllowed
09-11 13:00:21.382  4319  4419 D LauncherActivityInfo: packageName: com.fieldtitan.droid.qa, supportTheme: false, height: 216, width: 216, density: 480
09-11 13:00:21.382  3238  3256 I ActivityManager: Start proc 17657:com.samsung.android.bbc.bbcagent/1000 for broadcast com.samsung.android.bbc.bbcagent/.bbccontroller.receiver.PackageEventReceiver
09-11 13:00:21.382  3238  4636 D SecContentProvider2: isCopyContactToSimAllowed = true
09-11 13:00:21.386  3238  3388 D WifiStateMachine: enter getWifiLinkLayerStats
09-11 13:00:21.387  3238  3388 I WifiVendorHal: getWifiLinkLayerStats(l.2989) before calling iface.getLinkLayerStats
09-11 13:00:21.387  3238  4374 I SamsungAlarmManager: setLocked to kernel - T:2 / 20190911T130159, SetElapsed=58790440, nowELAPSED=58692594
09-11 13:00:21.387  3238  4374 I SamsungAlarmManager: setLocked to kernel - T:3 / 20190911T130100, SetElapsed=58731207, nowELAPSED=58692594
09-11 13:00:21.387  3238  4374 D SamsungAlarmManager: setInexact Listener (T:2/F:0/AC:false) 20190911T130036 - CU:1000/CP:3238
09-11 13:00:21.387 17638 17638 I ndroid.setting: The ClassLoaderContext is a special shared library.
09-11 13:00:21.387  3238  4374 I SamsungAlarmManager: setLocked to kernel - T:2 / 20190911T130036, SetElapsed=58707225, nowELAPSED=58692594
09-11 13:00:21.388 15890 15890 I Finsky  : [2] sbh.a(30): Scheduling job Id: 9002, L: 32355892, D: 33255892, C: false, I: false, N: 0
09-11 13:00:21.388  2808  2808 I android.hardware.wifi@1.0-service: enter getLinkLayerStats
09-11 13:00:21.388  2808  2808 I android.hardware.wifi@1.0-service: enter getLinkLayerStatsInternal
09-11 13:00:21.389 13972 13972 D ViewRootImpl@784aa95[InstallSuccess]: MSG_WINDOW_FOCUS_CHANGED 1 1
09-11 13:00:21.390 13972 13972 D InputMethodManager: prepareNavigationBarInfo() DecorView@b9b08b4[InstallSuccess]
09-11 13:00:21.390 13972 13972 D InputMethodManager: getNavigationBarColor() -855310
09-11 13:00:21.391 13972 13972 D InputMethodManager: prepareNavigationBarInfo() DecorView@b9b08b4[InstallSuccess]
09-11 13:00:21.391 13972 13972 D InputMethodManager: getNavigationBarColor() -855310
09-11 13:00:21.391 13972 13972 V InputMethodManager: Starting input: tba=com.google.android.packageinstaller ic=null mNaviBarColor -855310 mIsGetNaviBarColorSuccess true , NavVisible : true , NavTrans : false
09-11 13:00:21.391 13972 13972 D InputMethodManager: startInputInner - Id : 0
09-11 13:00:21.391 13972 13972 I InputMethodManager: startInputInner - mService.startInputOrWindowGainedFocus
09-11 13:00:21.391  3238  4638 D InputMethodManagerService: startInputOrWindowGainedFocus : windowGainedFocus
09-11 13:00:21.392  3238  4638 D InputMethodManagerService: windowGainedFocus: destinationUserId (getCallingUid) = 0
09-11 13:00:21.392  3238  4638 D InputMethodManagerService: windowGainedFocus: currentUserId=0
09-11 13:00:21.392  3238  4638 D InputMethodManagerService: windowGainedFocus: mCurrentFocusedUserId=0
09-11 13:00:21.392  3238  4638 D InputMethodManagerService: windowGainedFocus : lock - currentUserId = 0 destinationUserId = 0
09-11 13:00:21.392  3238  4638 D InputMethodManagerService: windowGainedFocus : mCurrentFocusedUserId - 0 and mSecureKeypadEnabled - false, userSwitched - false
09-11 13:00:21.392  3238  4638 V InputMethodManagerService: windowGainedFocus : reason=WINDOW_FOCUS_GAIN client=android.os.BinderProxy@5fa6bc8 inputContext=null missingMethods= attribute=android.view.inputmethod.EditorInfo@fed5e6e nm = com.google.android.packageinstaller controlFlags=#104 softInputMode=#120 windowFlags=#81810100
09-11 13:00:21.392  3238  4638 V InputMethodManagerService: hideCurrentInputLocked : shouldHideSoftInput is false
09-11 13:00:21.392 17657 17657 E id.bbc.bbcagen: Not starting debugger since process cannot load the jdwp agent.
09-11 13:00:21.393  3238  4638 D InputMethodManagerService: checkDisplayOfStartInputAndUpdateKeyboard display Id 0last 0
09-11 13:00:21.393  3238  4638 D InputMethodManagerService: setCurrentInputInfo - inputContext : null eidtorInfo : android.view.inputmethod.EditorInfo@fed5e6e missingMethods : 0
09-11 13:00:21.393  3238  4638 D InputTransport: Input channel constructed: fd=558
09-11 13:00:21.393  3238  4638 D InputTransport: Input channel destroyed: fd=558
09-11 13:00:21.393  4903  4903 I InputMethodWrapper:  call dispatchStartInputWithToken
09-11 13:00:21.393  4903  4903 I InputMethodService: dispatchStartInputWithToken
09-11 13:00:21.393 13972 13972 D InputTransport: Input channel constructed: fd=68
09-11 13:00:21.393 13972 13972 D InputTransport: Input channel destroyed: fd=80
09-11 13:00:21.394  4903  4903 I SKBD_Performance: [IIManager] [PF_CL][onFinishInput] 243116
09-11 13:00:21.394  4903  4903 D InputMethodService: checkDisplayOfStartInputAndUpdateKeyboard display Id 0last 0
09-11 13:00:21.394  4903  4903 I SKBD    : SamsungKeypad [IMI] onStartInput - caller pid : 13972, caller uid : 10032
09-11 13:00:21.407  2808  2808 I android.hardware.wifi@1.0-service: Successfully getLinkLayerStats.
09-11 13:00:21.407  3238  3388 I WifiVendorHal: getWifiLinkLayerStats(l.2989) after calling iface.getLinkLayerStats
09-11 13:00:21.410  3238  4506 D WindowManager: finishDrawingWindow: Window{20c03ca u0 com.google.android.packageinstaller/com.android.packageinstaller.InstallSuccess} mDrawState=DRAW_PENDING
09-11 13:00:21.411  3238  4638 I ActivityManager: DSS on for com.samsung.android.bbc.bbcagent and scale is 1.0
09-11 13:00:21.413  3238  3309 I WindowManager: commitFinishDrawingLocked: mDrawState=READY_TO_SHOW Surface(name=com.google.android.packageinstaller/com.android.packageinstaller.InstallSuccess[13972])/@0x6e6b3a5
09-11 13:00:21.413  3238  3309 V WindowManager: Resize reasons for w=Window{20c03ca u0 com.google.android.packageinstaller/com.android.packageinstaller.InstallSuccess}:  contentInsetsChanged=false [0,48][0,96] visibleInsetsChanged=false [0,48][0,96] stableInsetsChanged=false [0,48][0,96] outsetsChanged=false [0,0][0,0] surfaceResized=false configChanged=false dragResizingChanged=false reportOrientationChanged=false displayCutoutChanged=false nextForceRelayoutToClient=false
09-11 13:00:21.415  4319  4419 D KnoxHelper: getActivityList callingUserId: 0, target user: 0
09-11 13:00:21.417  3238  3309 V WindowManager: Setting visibility of Window{771f1dc u0 com.google.android.packageinstaller/com.android.packageinstaller.InstallInstalling}: false, caller=com.android.server.wm.WindowContainer.sendAppVisibilityToClients:615 com.android.server.wm.AppWindowToken.setClientHidden:461 com.android.server.wm.AppWindowToken.onAnimationFinished:2407 com.android.server.wm.AppWindowToken.setVisibility:552 com.android.server.wm.WindowSurfacePlacer.handleClosingApps:536
09-11 13:00:21.419  3238  3309 V WindowManager: performShowLocked: mDrawState=HAS_DRAWN in Window{20c03ca u0 com.google.android.packageinstaller/com.android.packageinstaller.InstallSuccess}
09-11 13:00:21.422  3238  3388 I WifiStateMachine: checkScoreBasedQuality -  mPreviousScore[0]:93 mPreviousScore[1]:94 mPreviousScore[2]:91 s2Score:89mPrevoiusScoreAverage:92
09-11 13:00:21.425  4319  4419 D DataLoader: updatePackage:com.fieldtitan.droid.qa
09-11 13:00:21.427  4179  5260 I Icing   : IndexChimeraService.getServiceInterface callingPackage=com.google.android.gms componentName=AppsCorpus serviceId=32
09-11 13:00:21.427  4179  5259 I Icing   : IndexChimeraService.getServiceInterface callingPackage=com.google.android.gms componentName=AppsCorpus serviceId=36
09-11 13:00:21.431  4319  4419 E ItemInfo: use iconCache due to icon managing policy
09-11 13:00:21.431  4319  4419 D DataLoader: addNewIconInfo, added : IconInfo(title=FieldTitan intent=Intent { act=android.intent.action.MAIN cat=[android.intent.category.LAUNCHER] flg=0x10200000 cmp=com.fieldtitan.droid.qa/md5da2654c04b8c49dc825b97cfa307ae57.SplashActivity (has extras) } id=-1 type=0 container=-102 screen=-1 cellX=-1 cellY=-1 spanX=1 spanY=1 rank=0 hidden=0 dropPos=null user=UserHandle{0} screenType=0)
09-11 13:00:21.431  4319  4419 D ManagedProfileHeuristic: check blockCreateShortcutKey : block_create_shortcut_0 blockCreate : false
09-11 13:00:21.431  2820  3805 E BufferQueueProducer: [com.google.android.packageinstaller/com.android.packageinstaller.InstallInstalling[13972]#0] disconnect: not connected (req=1)
09-11 13:00:21.431 13972 13997 W libEGL  : EGLNativeWindowType 0xca9ff808 disconnect failed
09-11 13:00:21.431 13972 13997 D OpenGLRenderer: eglDestroySurface = 0xdf349e20, 0xca9ff800
09-11 13:00:21.431  4319  4419 I AppsLoader: addOrUpdater
09-11 13:00:21.432  4319  4419 I AppsLoader: addOrUpdater cn = ComponentInfo{com.fieldtitan.droid.qa/md5da2654c04b8c49dc825b97cfa307ae57.SplashActivity}, UserHandle{0}, screenType = 0
09-11 13:00:21.432  2820  2820 I SurfaceFlinger: Display 0 HWC layers:
09-11 13:00:21.432  2820  2820 I SurfaceFlinger:     type    |    handle    | flag |  format   |   source crop (l,t,r,b)    |         frame       | name
09-11 13:00:21.432  2820  2820 I SurfaceFlinger: ------------+--------------+------+-----------+----------------------------+---------------------+------
09-11 13:00:21.432  2820  2820 I SurfaceFlinger:      Device | 0xe5f53980 | 0002 | RGBA_8888 |   0.0    0.0  720.0 1480.0 |    0    0  720 1480 | com.google.android.packageinstaller/[...]ageinstaller.InstallSuccess[13972]#0
09-11 13:00:21.432  2820  2820 I SurfaceFlinger:      Device | 0xe5f52900 | 0000 | RGBA_8888 |   0.0    0.0  720.0   48.0 |    0    0  720   48 | StatusBar[3523]#0
09-11 13:00:21.432  2820  2820 I SurfaceFlinger:      Device | 0xe5f52b40 | 0000 | RGBA_8888 |   0.0    0.0  720.0   96.0 |    0 1384  720 1480 | NavigationBar[3523]#0
09-11 13:00:21.432  2820  2820 I SurfaceFlinger:
09-11 13:00:21.437  3238  3702 W BackupManagerService: dataChanged but no participant pkg='com.sec.android.app.launcher' uid=10076
09-11 13:00:21.437  4319  4419 I PostPositionController: Not isAvaliableState!
09-11 13:00:21.441  4319  4419 I AppsLoader: addOrUpdater update item = IconInfo(title=FieldTitan intent=Intent { act=android.intent.action.MAIN cat=[android.intent.category.LAUNCHER] flg=0x10200000 cmp=com.fieldtitan.droid.qa/md5da2654c04b8c49dc825b97cfa307ae57.SplashActivity (has extras) } id=1422 type=0 container=-102 screen=-1 cellX=-1 cellY=-1 spanX=1 spanY=1 rank=-1 hidden=0 dropPos=null user=UserHandle{0} screenType=0)
09-11 13:00:21.441  4319  4419 D AppsDataRepository: update : 1
09-11 13:00:21.441  4319  4319 D AppsPresenter: AppsEvent update [1]
09-11 13:00:21.441  4319  4319 D AppsDragController: needDeferToBind : true , false
09-11 13:00:21.441  4319  4319 D AppsPresenter:  notifyUpdate return mDestroyed false
09-11 13:00:21.442  4319  4419 D WidgetDataRepository: ignore dirty because widgets are not changed
09-11 13:00:21.443  4319  4319 D ExternalLauncher: waitUntilResume
09-11 13:00:21.452  3238  4741 V WindowManager: Relayout Window{771f1dc u0 com.google.android.packageinstaller/com.android.packageinstaller.InstallInstalling}: viewVisibility=8 req=720x1480 {(0,0)(fillxfill) sim={adjust=pan forwardNavigation} ty=BASE_APPLICATION
09-11 13:00:21.452  3238  4741 V WindowManager:   fl=LAYOUT_IN_SCREEN LAYOUT_INSET_DECOR SPLIT_TOUCH HARDWARE_ACCELERATED DRAWS_SYSTEM_BAR_BACKGROUNDS
09-11 13:00:21.452  3238  4741 V WindowManager:   pfl=FORCE_DRAW_STATUS_BAR_BACKGROUND  remains{ 0x1000000 }
09-11 13:00:21.452  3238  4741 V WindowManager:   vsysui=LIGHT_NAVIGATION_BAR naviIconColor=0}
09-11 13:00:21.452  3238  4741 E WindowManager: win=Window{771f1dc u0 com.google.android.packageinstaller/com.android.packageinstaller.InstallInstalling} destroySurfaces: appStopped=false win.mWindowRemovalAllowed=false win.mRemoveOnExit=false win.mViewVisibility=8 caller=com.android.server.wm.WindowManagerService.tryStartExitingAnimation:2771 com.android.server.wm.WindowManagerService.relayoutWindow:2468 com.android.server.wm.Session.relayoutForTranslate:302 android.view.IWindowSession$Stub.onTransact:518 com.android.server.wm.Session.onTransact:186 android.os.Binder.execTransact:739 <bottom of call stack>
09-11 13:00:21.452  3238  4741 I WindowManager: Destroying surface Surface(name=com.google.android.packageinstaller/com.android.packageinstaller.InstallInstalling[13972])/@0x6351f86 called by com.android.server.wm.WindowStateAnimator.destroySurface:1901 com.android.server.wm.WindowStateAnimator.destroySurfaceLocked:838 com.android.server.wm.WindowState.destroySurfaceUnchecked:3855 com.android.server.wm.WindowState.destroySurface:3836 com.android.server.wm.WindowManagerService.tryStartExitingAnimation:2771 com.android.server.wm.WindowManagerService.relayoutWindow:2468 com.android.server.wm.Session.relayoutForTranslate:302 android.view.IWindowSession$Stub.onTransact:518
09-11 13:00:21.453  2820  3020 I SurfaceFlinger: id=760 Removed com.google.android.packageinstaller/com.android.packageinstaller.InstallInstalling[13972]#0 (0/61)
09-11 13:00:21.457 14871 14887 I book.appmanage: Waiting for a blocking GC ProfileSaver
09-11 13:00:21.460 13972 13972 D ViewRootImpl@86cdbfa[InstallInstalling]: Relayout returned: old=[0,0][720,1480] new=[0,0][720,1480] result=0x5 surface={false 0} changed=true
09-11 13:00:21.461 13972 13972 D ViewRootImpl@784aa95[InstallSuccess]: MSG_RESIZED: frame=[0,0][720,1480] ci=[0,48][0,96] vi=[0,48][0,96] or=1
09-11 13:00:21.462  2820  2820 I Layer   : id=760 onRemoved com.google.android.packageinstaller/com.android.packageinstaller.InstallInstalling[13972]#0
09-11 13:00:21.462  3238  4638 W ActivityManager: Slow operation: 51ms so far, now at attachApplicationLocked: after mServices.attachApplicationLocked
09-11 13:00:21.466  3238  4638 W ActivityManager: Slow operation: 55ms so far, now at attachApplicationLocked: after sendPendingBroadcastsLocked
09-11 13:00:21.470 14871 14887 I book.appmanage: WaitForGcToComplete blocked ProfileSaver on HeapTrim for 12.988ms
09-11 13:00:21.470  3238  3238 D FreeformController: Fail to invalid task id :  -1
09-11 13:00:21.472  3238  3265 I ActivityManager: Displayed com.google.android.packageinstaller/com.android.packageinstaller.InstallSuccess: +548ms
09-11 13:00:21.472  3238  3238 I chatty  : uid=1000 system_server identical 2 lines
09-11 13:00:21.472  3238  3238 D FreeformController: Fail to invalid task id :  -1
09-11 13:00:21.474  3238  3265 D CustomFrequencyManagerService: acquireDVFSLockLocked : type : DVFS_MIN_LIMIT  frequency : 1482000  uid : 1000  pid : 3238  pkgName : AMS_RESUME_TAIL@CPU_MIN@28
09-11 13:00:21.474  3238  3265 D ActivityManagerPerformance: AMP_acquire() TAIL
09-11 13:00:21.475  3238  3265 D CustomFrequencyManagerService: FrequencyrequestList.getNextMaxCPUCoreRequest, index: 1
09-11 13:00:21.475  3238  3265 D CustomFrequencyManagerService: releaseDVFSLockLocked : Getting Lock type frm List : DVFS_MIN_LIMIT  frequency : 1482000  uid : 1000  pid : 3238  tag : AMS_ACT_START@CPU_MIN@22
09-11 13:00:21.475  3238  3265 D ActivityManagerPerformance: AMP_release() ACT_START
09-11 13:00:21.482 13972 13972 D ViewRootImpl@86cdbfa[InstallInstalling]: stopped(true) old=false
09-11 13:00:21.483 13972 13972 D ViewRootImpl@86cdbfa[InstallInstalling]: dispatchDetachedFromWindow
09-11 13:00:21.485  3238  4741 V WindowManager: Remove Window{771f1dc u0 com.google.android.packageinstaller/com.android.packageinstaller.InstallInstalling}: mSurfaceController=null mAnimatingExit=false mRemoveOnExit=false mHasSurface=false surfaceShowing=false isAnimationSet=false app-animation=false mWillReplaceWindow=false inPendingTransaction=false mDisplayFrozen=false callers=com.android.server.wm.WindowState.removeIfPossible:2780 com.android.server.wm.WindowManagerService.removeWindow:1956 com.android.server.wm.Session.remove:268 android.view.IWindowSession$Stub.onTransact:347 com.android.server.wm.Session.onTransact:186 android.os.Binder.execTransact:739
09-11 13:00:21.488 17657 17657 I id.bbc.bbcagen: The ClassLoaderContext is a special shared library.
09-11 13:00:21.488  3238  3262 W Binder  : Outgoing transactions from this process must be FLAG_ONEWAY
09-11 13:00:21.488  3238  3262 W Binder  : java.lang.Throwable
09-11 13:00:21.488  3238  3262 W Binder  :      at android.os.BinderProxy.transact(Binder.java:1125)
09-11 13:00:21.488  3238  3262 W Binder  :      at android.content.ContentProviderProxy.query(ContentProviderNative.java:416)
09-11 13:00:21.488  3238  3262 W Binder  :      at android.content.ContentResolver.query(ContentResolver.java:809)
09-11 13:00:21.488  3238  3262 W Binder  :      at android.content.ContentResolver.query(ContentResolver.java:759)
09-11 13:00:21.488  3238  3262 W Binder  :      at android.content.ContentResolver.query(ContentResolver.java:717)
09-11 13:00:21.488  3238  3262 W Binder  :      at com.android.server.am.MARsDBManager.doInsertPkg(MARsDBManager.java:1814)
09-11 13:00:21.488  3238  3262 W Binder  :      at com.android.server.am.MARsDBManager.access$700(MARsDBManager.java:47)
09-11 13:00:21.488  3238  3262 W Binder  :      at com.android.server.am.MARsDBManager$DBHandler.handleMessage(MARsDBManager.java:459)
09-11 13:00:21.488  3238  3262 W Binder  :      at android.os.Handler.dispatchMessage(Handler.java:106)
09-11 13:00:21.488  3238  3262 W Binder  :      at android.os.Looper.loop(Looper.java:214)
09-11 13:00:21.488  3238  3262 W Binder  :      at com.android.server.am.MARsDBManager$DBThread.run(MARsDBManager.java:376)
09-11 13:00:21.489  2820  3020 I SurfaceFlinger: id=759 Removed 771f1dc com.google.android.packageinstaller/com.android.packageinstaller.InstallInstalling#0 (0/60)
09-11 13:00:21.490  3238  4741 D InputTransport: Input channel destroyed: fd=549
09-11 13:00:21.492 17657 17657 I id.bbc.bbcagen: The ClassLoaderContext is a special shared library.
09-11 13:00:21.493 13972 13972 D InputTransport: Input channel destroyed: fd=73
09-11 13:00:21.495  2820  2820 I Layer   : id=759 onRemoved 771f1dc com.google.android.packageinstaller/com.android.packageinstaller.InstallInstalling#0
09-11 13:00:21.500  3238  3410 I WindowManager: Cancelling animation restarting=false, leash=null, surface=Surface(name=AppWindowToken{690224d token=Token{276dde4 ActivityRecord{4d17d77 u0 com.google.android.packageinstaller/com.android.packageinstaller.InstallInstalling t1412}}})/@0x7ba77d2, parent=Surface(name=Task=1412)/@0x2226130
09-11 13:00:21.506 17624 17624 D SamsungAnalytics201007: [Validation] dma pkg:531401000
09-11 13:00:21.506 17638 17638 I Settings_SA: Settings LoggingHelper init
09-11 13:00:21.506  3238  3703 D AccountManagerService: getUserAccounts0
09-11 13:00:21.509 17624 17624 D SamsungAnalytics201007: cf feature is supported
09-11 13:00:21.509 17638 17638 D SamsungAnalytics200001: [Validation] dma pkg:531401000
09-11 13:00:21.513  2820  3805 I SurfaceFlinger: id=758 Removed AppWindowToken{690224d token=Token{276dde4 ActivityRecord{4d17d77 u0 com.google.android.packageinstaller/com.android.packageinstaller.InstallInstalling t1412}}}#0 (1/59)
09-11 13:00:21.514  3238  3703 D ConnectivityService: filterNetworkStateForUid() uid: 10044, pid: 17603
09-11 13:00:21.515  3238  3703 D ConnectivityService: filterNetworkStateForUid() uid: 10044, pid: 17603, networkInfo: [type: WIFI[], state: CONNECTED/CONNECTED, reason: (unspecified), extra: (none), failover: false, available: true, roaming: false]
09-11 13:00:21.516  3238  3702 D ConnectivityService: filterNetworkStateForUid() uid: 10044, pid: 17603
09-11 13:00:21.516  3238  3702 D ConnectivityService: filterNetworkStateForUid() uid: 10044, pid: 17603, networkInfo: [type: WIFI[], state: CONNECTED/CONNECTED, reason: (unspecified), extra: (none), failover: false, available: true, roaming: false]
09-11 13:00:21.517 17638 17638 D SamsungAnalytics200001: cf feature is supported
09-11 13:00:21.517 17624 17624 D SamsungAnalytics201007: send setting
09-11 13:00:21.518 17624 17624 D SamsungAnalytics201007: newThread on Executor
09-11 13:00:21.527 17624 17624 D SamsungAnalytics201007: [Tracker] Tracker start:2.01.007DLC
09-11 13:00:21.528  2820  2820 I Layer   : id=758 onRemoved AppWindowToken{690224d token=Token{276dde4 ActivityRecord{4d17d77 u0 com.google.android.packageinstaller/com.android.packageinstaller.InstallInstalling t1412}}}#0
09-11 13:00:21.530 17624 17624 W SamsungAnalytics201007: [g] NullPointerException Attempt to invoke virtual method 'void android.os.Bundle.putBundle(java.lang.String, android.os.Bundle)' on a null object reference
09-11 13:00:21.531 17638 17638 D SamsungAnalytics200001: send setting
09-11 13:00:21.532 17638 17638 D SamsungAnalytics200001: newThread on Executor
09-11 13:00:21.534  3238  3703 I ActivityManager: KPU : put [com.sec.unifiedwfc] : 8502 K
09-11 13:00:21.534  3238  3703 I ActivityManager: Killing 16511:com.sec.unifiedwfc/u0a198 (adj 906): DHA:empty #25
09-11 13:00:21.536 17603 17603 D NetworkSecurityConfig: Using Network Security Config from resource network_security_config debugBuild: false
09-11 13:00:21.540  3238  3257 W libprocessgroup: kill(-16511, 9) failed: No such process
09-11 13:00:21.544 17638 17638 D SamsungAnalytics200001: [Tracker] Tracker start:2.00.001DLC
09-11 13:00:21.548  3238  3257 W libprocessgroup: kill(-16511, 9) failed: No such process
09-11 13:00:21.554  3238  3703 D ConnectivityService: filterNetworkStateForUid() uid: 10044, pid: 17603
09-11 13:00:21.554  3238  3703 D ConnectivityService: filterNetworkStateForUid() uid: 10044, pid: 17603, networkInfo: [type: WIFI[], state: CONNECTED/CONNECTED, reason: (unspecified), extra: (none), failover: false, available: true, roaming: false]
09-11 13:00:21.554  3238  3257 W libprocessgroup: kill(-16511, 9) failed: No such process
09-11 13:00:21.557 17638 17638 I Settings_SA_Utils: checkLoggingInternal current time : 1568187021556 saved time : 1631853787370
09-11 13:00:21.557 17638 17638 I Settings_SA_SALogging: It has not been a week since last logging
09-11 13:00:21.559 17638 17638 D AppListProviderReceiver: onReceive action : action_package_added
09-11 13:00:21.559  3238  3257 W libprocessgroup: kill(-16511, 9) failed: No such process
09-11 13:00:21.561 17603 17603 V com.microsoft.b.a.c: Flushing session
09-11 13:00:21.562 17603 17603 W System  : ClassLoader referenced unknown path:
09-11 13:00:21.562  3238  3703 I ActivityManager: KPU : put [com.microsoft.office.excel] : 17520 K
09-11 13:00:21.563  3238  3703 I ActivityManager: Killing 16224:com.microsoft.office.excel/u0a17 (adj 906): DHA:empty #25
09-11 13:00:21.565  3238  3257 W libprocessgroup: kill(-16511, 9) failed: No such process
09-11 13:00:21.568  3238  3703 D StorageManagerService: getExternalStorageMountMode : 3
09-11 13:00:21.568  3238  3703 D StorageManagerService: getExternalStorageMountMode : 3
09-11 13:00:21.568  3238  3703 D StorageManagerService: getExternalStorageMountMode : final mountMode=3, uid : 1000, packageName : com.samsung.android.da.daagent
09-11 13:00:21.568  3238  3703 I ApplicationPolicy: isApplicationExternalStorageWhitelisted:com.samsung.android.da.daagent user:0
09-11 13:00:21.569  3238  3703 D ApplicationPolicy: isApplicationExternalStorageWhitelisted: DO is not enabled on user 0. Allowed.
09-11 13:00:21.569  3238  3703 D ActivityManager: package  com.samsung.android.da.daagent, user - 0 is SDcard whitelisted
09-11 13:00:21.569  3238  3703 I ApplicationPolicy: isApplicationExternalStorageBlacklisted:com.samsung.android.da.daagent user:0
09-11 13:00:21.569  3238  3703 D ApplicationPolicy: isApplicationExternalStorageBlacklisted: DO is not enabled on user 0. Allowed.
09-11 13:00:21.569  3238  3703 I ApplicationPolicy: isApplicationExternalStorageBlacklisted:com.samsung.android.da.daagent user:0
09-11 13:00:21.569  3238  3703 D ApplicationPolicy: isApplicationExternalStorageBlacklisted: DO is not enabled on user 0. Allowed.
09-11 13:00:21.570  2924  2924 I Zygote  : Process 16511 exited due to signal (9)
09-11 13:00:21.570  3238  3257 W libprocessgroup: kill(-16511, 9) failed: No such process
09-11 13:00:21.570  3238  3257 I libprocessgroup: Successfully killed process cgroup uid 10198 pid 16511 in 30ms
09-11 13:00:21.570  3238  3257 W libprocessgroup: kill(-16224, 9) failed: No such process
09-11 13:00:21.571  3238  3247 I system_server: Background concurrent copying GC freed 414885(19MB) AllocSpace objects, 65(2MB) LOS objects, 33% free, 47MB/71MB, paused 445us total 855.850ms
09-11 13:00:21.571  3238  3703 I ActivityManager: KPU : put [com.microsoft.office.powerpoint] : 17875 K
09-11 13:00:21.571  3238  3703 I ActivityManager: Killing 16299:com.microsoft.office.powerpoint/u0a17 (adj 906): DHA:empty #25
09-11 13:00:21.572 17603 17695 V com.microsoft.b.a.c: Sending data to server
09-11 13:00:21.576  3238  3257 W libprocessgroup: kill(-16224, 9) failed: No such process
09-11 13:00:21.577 17638 17694 D AppListCache: deleteLabelInternal : row = 0
09-11 13:00:21.580 17638 17694 D AppListCache: insertLabelInternal()
09-11 13:00:21.582  3238  3257 W libprocessgroup: kill(-16224, 9) failed: No such process
09-11 13:00:21.588  3238  3257 W libprocessgroup: kill(-16224, 9) failed: No such process
09-11 13:00:21.590 17603 17603 I QtCore  : Start
09-11 13:00:21.592 17603 17603 W linker  : Warning: "/data/app/com.microsoft.skydrive-Q5qFu5-RsliZ9Vcmptk_UQ==/lib/arm/libQt5AndroidExtras.so" has unsupported flags DT_FLAGS_1=0x80 (ignoring unsupported flags)
09-11 13:00:21.594  3238  3257 W libprocessgroup: kill(-16224, 9) failed: No such process
09-11 13:00:21.596 17603 17603 W linker  : Warning: "/data/app/com.microsoft.skydrive-Q5qFu5-RsliZ9Vcmptk_UQ==/lib/arm/libQt5Sql.so" has unsupported flags DT_FLAGS_1=0x80 (ignoring unsupported flags)
09-11 13:00:21.599  3238  3257 W libprocessgroup: kill(-16224, 9) failed: No such process
09-11 13:00:21.600 17603 17603 W linker  : Warning: "/data/app/com.microsoft.skydrive-Q5qFu5-RsliZ9Vcmptk_UQ==/lib/arm/libQt5Network.so" has unsupported flags DT_FLAGS_1=0x80 (ignoring unsupported flags)
09-11 13:00:21.604  2924  2924 I Zygote  : Process 16224 exited due to signal (9)
09-11 13:00:21.604  2924  2924 I Zygote  : Process 16299 exited due to signal (9)
09-11 13:00:21.605 17699 17699 E Zygote  : isWhitelistProcess - Process is Whitelisted
09-11 13:00:21.607 17699 17699 E Zygote  : accessInfo : 1
09-11 13:00:21.607 17603 17603 W linker  : Warning: "/data/app/com.microsoft.skydrive-Q5qFu5-RsliZ9Vcmptk_UQ==/lib/arm/libQt5Xml.so" has unsupported flags DT_FLAGS_1=0x80 (ignoring unsupported flags)
09-11 13:00:21.607  3238  3257 W libprocessgroup: kill(-16224, 9) failed: No such process
09-11 13:00:21.607  3238  3257 I libprocessgroup: Successfully killed process cgroup uid 10017 pid 16224 in 36ms
09-11 13:00:21.607  3238  3257 W libprocessgroup: kill(-16299, 9) failed: No such process
09-11 13:00:21.607  3238  3257 I libprocessgroup: Successfully killed process cgroup uid 10017 pid 16299 in 0ms
09-11 13:00:21.610 17603 17603 W linker  : Warning: "/data/app/com.microsoft.skydrive-Q5qFu5-RsliZ9Vcmptk_UQ==/lib/arm/libQt5Concurrent.so" has unsupported flags DT_FLAGS_1=0x80 (ignoring unsupported flags)
09-11 13:00:21.616 17699 17699 E roid.da.daagen: Not starting debugger since process cannot load the jdwp agent.
09-11 13:00:21.635  3238  3256 I ActivityManager: Start proc 17699:com.samsung.android.da.daagent/1000 for broadcast com.samsung.android.da.daagent/.receiver.DualAppPackageEventReceiver
09-11 13:00:21.637  3238  4634 I ActivityManager: DSS on for com.samsung.android.da.daagent and scale is 1.0
09-11 13:00:21.648  3238  3262 I Telecom:SamsungTelecomServiceImpl: getSystemDialerPackage - callingPid : 17624 / processName : sts
09-11 13:00:21.653  3238  3262 D MARsDBManager: doInsertPkg com.fieldtitan.droid.qa uri = content://com.samsung.android.sm/ForcedAppStandby/347
09-11 13:00:21.654  3238  3262 V MARsDBManager: getManagedPackagesFromDB!
09-11 13:00:21.660 17699 17699 I roid.da.daagen: The ClassLoaderContext is a special shared library.
09-11 13:00:21.664  3238  3262 V MARsPolicyManager: getPkgInfoFromSMToMARs size = 56
09-11 13:00:21.664 17699 17699 I roid.da.daagen: The ClassLoaderContext is a special shared library.
09-11 13:00:21.666  3238  3262 E EdmStorageProvider: Admin not in database, something went wrong
09-11 13:00:21.692  3238  3262 I chatty  : uid=1000(system) MARsDBThread identical 27 lines
09-11 13:00:21.693  3238  3262 E EdmStorageProvider: Admin not in database, something went wrong
09-11 13:00:21.693 17603 17603 I ConfigStore: android::hardware::configstore::V1_0::ISurfaceFlingerConfigs::hasWideColorDisplay retrieved: 0
09-11 13:00:21.693 17603 17603 I ConfigStore: android::hardware::configstore::V1_0::ISurfaceFlingerConfigs::hasHDRDisplay retrieved: 0
09-11 13:00:21.694  3238  3262 E EdmStorageProvider: Admin not in database, something went wrong
09-11 13:00:21.700  3238  3262 I chatty  : uid=1000(system) MARsDBThread identical 7 lines
09-11 13:00:21.701  3238  3262 E EdmStorageProvider: Admin not in database, something went wrong
09-11 13:00:21.703 17699 17699 D SamsungAnalytics200003: [Validation] dma pkg:531401000
09-11 13:00:21.703  3238  3262 E EdmStorageProvider: Admin not in database, something went wrong
09-11 13:00:21.704  3238  3262 I chatty  : uid=1000(system) MARsDBThread identical 1 line
09-11 13:00:21.705  3238  3262 E EdmStorageProvider: Admin not in database, something went wrong
09-11 13:00:21.706 17699 17699 D SamsungAnalytics200003: cf feature is supported
09-11 13:00:21.706  3238  3262 E EdmStorageProvider: Admin not in database, something went wrong
09-11 13:00:21.744  3238  3703 D ConnectivityService: filterNetworkStateForUid() uid: 10044, pid: 3238
09-11 13:00:21.744  3238  3703 D ConnectivityService: filterNetworkStateForUid() uid: 10044, pid: 3238, networkInfo: [type: WIFI[], state: CONNECTED/CONNECTED, reason: (unspecified), extra: (none), failover: false, available: true, roaming: false]
